Archive member included to satisfy reference by file (symbol)

c:/st/stm32cubeide_1.7.0/stm32cubeide/plugins/com.st.stm32cube.ide.mcu.externaltools.gnu-tools-for-stm32.9-2020-q2-update.win32_2.0.0.202105311346/tools/bin/../lib/gcc/arm-none-eabi/9.3.1/../../../../arm-none-eabi/lib/thumb/v7e-m/nofp\libc_nano.a(lib_a-atof.o)
                              ./Core/Src/main.o (atof)
c:/st/stm32cubeide_1.7.0/stm32cubeide/plugins/com.st.stm32cube.ide.mcu.externaltools.gnu-tools-for-stm32.9-2020-q2-update.win32_2.0.0.202105311346/tools/bin/../lib/gcc/arm-none-eabi/9.3.1/../../../../arm-none-eabi/lib/thumb/v7e-m/nofp\libc_nano.a(lib_a-atoi.o)
                              ./Core/Src/main.o (atoi)
c:/st/stm32cubeide_1.7.0/stm32cubeide/plugins/com.st.stm32cube.ide.mcu.externaltools.gnu-tools-for-stm32.9-2020-q2-update.win32_2.0.0.202105311346/tools/bin/../lib/gcc/arm-none-eabi/9.3.1/../../../../arm-none-eabi/lib/thumb/v7e-m/nofp\libc_nano.a(lib_a-errno.o)
                              ./Core/Src/syscalls.o (__errno)
c:/st/stm32cubeide_1.7.0/stm32cubeide/plugins/com.st.stm32cube.ide.mcu.externaltools.gnu-tools-for-stm32.9-2020-q2-update.win32_2.0.0.202105311346/tools/bin/../lib/gcc/arm-none-eabi/9.3.1/../../../../arm-none-eabi/lib/thumb/v7e-m/nofp\libc_nano.a(lib_a-exit.o)
                              c:/st/stm32cubeide_1.7.0/stm32cubeide/plugins/com.st.stm32cube.ide.mcu.externaltools.gnu-tools-for-stm32.9-2020-q2-update.win32_2.0.0.202105311346/tools/bin/../lib/gcc/arm-none-eabi/9.3.1/../../../../arm-none-eabi/lib/thumb/v7e-m/nofp/crt0.o (exit)
c:/st/stm32cubeide_1.7.0/stm32cubeide/plugins/com.st.stm32cube.ide.mcu.externaltools.gnu-tools-for-stm32.9-2020-q2-update.win32_2.0.0.202105311346/tools/bin/../lib/gcc/arm-none-eabi/9.3.1/../../../../arm-none-eabi/lib/thumb/v7e-m/nofp\libc_nano.a(lib_a-impure.o)
                              c:/st/stm32cubeide_1.7.0/stm32cubeide/plugins/com.st.stm32cube.ide.mcu.externaltools.gnu-tools-for-stm32.9-2020-q2-update.win32_2.0.0.202105311346/tools/bin/../lib/gcc/arm-none-eabi/9.3.1/../../../../arm-none-eabi/lib/thumb/v7e-m/nofp\libc_nano.a(lib_a-exit.o) (_global_impure_ptr)
c:/st/stm32cubeide_1.7.0/stm32cubeide/plugins/com.st.stm32cube.ide.mcu.externaltools.gnu-tools-for-stm32.9-2020-q2-update.win32_2.0.0.202105311346/tools/bin/../lib/gcc/arm-none-eabi/9.3.1/../../../../arm-none-eabi/lib/thumb/v7e-m/nofp\libc_nano.a(lib_a-init.o)
                              c:/st/stm32cubeide_1.7.0/stm32cubeide/plugins/com.st.stm32cube.ide.mcu.externaltools.gnu-tools-for-stm32.9-2020-q2-update.win32_2.0.0.202105311346/tools/bin/../lib/gcc/arm-none-eabi/9.3.1/../../../../arm-none-eabi/lib/thumb/v7e-m/nofp/crt0.o (__libc_init_array)
c:/st/stm32cubeide_1.7.0/stm32cubeide/plugins/com.st.stm32cube.ide.mcu.externaltools.gnu-tools-for-stm32.9-2020-q2-update.win32_2.0.0.202105311346/tools/bin/../lib/gcc/arm-none-eabi/9.3.1/../../../../arm-none-eabi/lib/thumb/v7e-m/nofp\libc_nano.a(lib_a-malloc.o)
                              ./Core/Src/config.o (malloc)
c:/st/stm32cubeide_1.7.0/stm32cubeide/plugins/com.st.stm32cube.ide.mcu.externaltools.gnu-tools-for-stm32.9-2020-q2-update.win32_2.0.0.202105311346/tools/bin/../lib/gcc/arm-none-eabi/9.3.1/../../../../arm-none-eabi/lib/thumb/v7e-m/nofp\libc_nano.a(lib_a-memcpy-stub.o)
                              ./Core/Src/config.o (memcpy)
c:/st/stm32cubeide_1.7.0/stm32cubeide/plugins/com.st.stm32cube.ide.mcu.externaltools.gnu-tools-for-stm32.9-2020-q2-update.win32_2.0.0.202105311346/tools/bin/../lib/gcc/arm-none-eabi/9.3.1/../../../../arm-none-eabi/lib/thumb/v7e-m/nofp\libc_nano.a(lib_a-memset.o)
                              c:/st/stm32cubeide_1.7.0/stm32cubeide/plugins/com.st.stm32cube.ide.mcu.externaltools.gnu-tools-for-stm32.9-2020-q2-update.win32_2.0.0.202105311346/tools/bin/../lib/gcc/arm-none-eabi/9.3.1/../../../../arm-none-eabi/lib/thumb/v7e-m/nofp/crt0.o (memset)
c:/st/stm32cubeide_1.7.0/stm32cubeide/plugins/com.st.stm32cube.ide.mcu.externaltools.gnu-tools-for-stm32.9-2020-q2-update.win32_2.0.0.202105311346/tools/bin/../lib/gcc/arm-none-eabi/9.3.1/../../../../arm-none-eabi/lib/thumb/v7e-m/nofp\libc_nano.a(lib_a-nano-freer.o)
                              c:/st/stm32cubeide_1.7.0/stm32cubeide/plugins/com.st.stm32cube.ide.mcu.externaltools.gnu-tools-for-stm32.9-2020-q2-update.win32_2.0.0.202105311346/tools/bin/../lib/gcc/arm-none-eabi/9.3.1/../../../../arm-none-eabi/lib/thumb/v7e-m/nofp\libc_nano.a(lib_a-malloc.o) (_free_r)
c:/st/stm32cubeide_1.7.0/stm32cubeide/plugins/com.st.stm32cube.ide.mcu.externaltools.gnu-tools-for-stm32.9-2020-q2-update.win32_2.0.0.202105311346/tools/bin/../lib/gcc/arm-none-eabi/9.3.1/../../../../arm-none-eabi/lib/thumb/v7e-m/nofp\libc_nano.a(lib_a-nano-mallocr.o)
[...]
Memory Configuration

Name             Origin             Length             Attributes
RAM1             0x0000000020000000 0x0000000000008000 xrw
RAM2             0x0000000020008000 0x0000000000008000 xrw
FLASH            0x0000000008000000 0x0000000000040000 xr
*default*        0x0000000000000000 0xffffffffffffffff

Linker script and memory map

LOAD c:/st/stm32cubeide_1.7.0/stm32cubeide/plugins/com.st.stm32cube.ide.mcu.externaltools.gnu-tools-for-stm32.9-2020-q2-update.win32_2.0.0.202105311346/tools/bin/../lib/gcc/arm-none-eabi/9.3.1/thumb/v7e-m/nofp/crti.o
LOAD c:/st/stm32cubeide_1.7.0/stm32cubeide/plugins/com.st.stm32cube.ide.mcu.externaltools.gnu-tools-for-stm32.9-2020-q2-update.win32_2.0.0.202105311346/tools/bin/../lib/gcc/arm-none-eabi/9.3.1/thumb/v7e-m/nofp/crtbegin.o
LOAD c:/st/stm32cubeide_1.7.0/stm32cubeide/plugins/com.st.stm32cube.ide.mcu.externaltools.gnu-tools-for-stm32.9-2020-q2-update.win32_2.0.0.202105311346/tools/bin/../lib/gcc/arm-none-eabi/9.3.1/../../../../arm-none-eabi/lib/thumb/v7e-m/nofp/crt0.o
LOAD ./Core/Src/config.o
LOAD ./Core/Src/main.o
LOAD ./Core/Src/radio_board_if.o
LOAD ./Core/Src/ring.o
LOAD ./Core/Src/stm32wlxx_hal_msp.o
LOAD ./Core/Src/stm32wlxx_it.o
LOAD ./Core/Src/subghz.o
LOAD ./Core/Src/subghz_phy_app.o
LOAD ./Core/Src/syscalls.o
LOAD ./Core/Src/sysmem.o
LOAD ./Core/Src/system_stm32wlxx.o
LOAD ./Core/Src/uart_driver.o
LOAD ./Core/Startup/startup_stm32wle5jcix.o
LOAD ./Drivers/BSP/STM32WLxx_Nucleo/stm32wlxx_nucleo.o
LOAD ./Drivers/BSP/STM32WLxx_Nucleo/stm32wlxx_nucleo_radio.o
LOAD ./Drivers/STM32WLxx_HAL_Driver/Src/stm32wlxx_hal.o
LOAD ./Drivers/STM32WLxx_HAL_Driver/Src/stm32wlxx_hal_cortex.o
LOAD ./Drivers/STM32WLxx_HAL_Driver/Src/stm32wlxx_hal_dma.o
LOAD ./Drivers/STM32WLxx_HAL_Driver/Src/stm32wlxx_hal_dma_ex.o
LOAD ./Drivers/STM32WLxx_HAL_Driver/Src/stm32wlxx_hal_exti.o
LOAD ./Drivers/STM32WLxx_HAL_Driver/Src/stm32wlxx_hal_flash.o
LOAD ./Drivers/STM32WLxx_HAL_Driver/Src/stm32wlxx_hal_flash_ex.o
LOAD ./Drivers/STM32WLxx_HAL_Driver/Src/stm32wlxx_hal_gpio.o
LOAD ./Drivers/STM32WLxx_HAL_Driver/Src/stm32wlxx_hal_pwr.o
LOAD ./Drivers/STM32WLxx_HAL_Driver/Src/stm32wlxx_hal_pwr_ex.o
LOAD ./Drivers/STM32WLxx_HAL_Driver/Src/stm32wlxx_hal_rcc.o
LOAD ./Drivers/STM32WLxx_HAL_Driver/Src/stm32wlxx_hal_rcc_ex.o
LOAD ./Drivers/STM32WLxx_HAL_Driver/Src/stm32wlxx_hal_subghz.o
LOAD ./Drivers/STM32WLxx_HAL_Driver/Src/stm32wlxx_hal_tim.o
LOAD ./Drivers/STM32WLxx_HAL_Driver/Src/stm32wlxx_hal_tim_ex.o
LOAD ./Drivers/STM32WLxx_HAL_Driver/Src/stm32wlxx_hal_uart.o
LOAD ./Drivers/STM32WLxx_HAL_Driver/Src/stm32wlxx_hal_uart_ex.o
LOAD ./Drivers/STM32WLxx_HAL_Driver/Src/stm32wlxx_ll_gpio.o
LOAD ./Drivers/STM32WLxx_HAL_Driver/Src/stm32wlxx_ll_spi.o
LOAD ./SubGHz_Phy/stm32_radio_driver/radio.o
LOAD ./SubGHz_Phy/stm32_radio_driver/radio_driver.o
LOAD ./SubGHz_Phy/stm32_radio_driver/radio_fw.o
LOAD ./protocole/src/list.o
LOAD ./protocole/src/ll.o
LOAD ./protocole/src/packet.o
START GROUP
LOAD c:/st/stm32cubeide_1.7.0/stm32cubeide/plugins/com.st.stm32cube.ide.mcu.externaltools.gnu-tools-for-stm32.9-2020-q2-update.win32_2.0.0.202105311346/tools/bin/../lib/gcc/arm-none-eabi/9.3.1/../../../../arm-none-eabi/lib/thumb/v7e-m/nofp\libc_nano.a
LOAD c:/st/stm32cubeide_1.7.0/stm32cubeide/plugins/com.st.stm32cube.ide.mcu.externaltools.gnu-tools-for-stm32.9-2020-q2-update.win32_2.0.0.202105311346/tools/bin/../lib/gcc/arm-none-eabi/9.3.1/../../../../arm-none-eabi/lib/thumb/v7e-m/nofp\libm.a
END GROUP
START GROUP
LOAD c:/st/stm32cubeide_1.7.0/stm32cubeide/plugins/com.st.stm32cube.ide.mcu.externaltools.gnu-tools-for-stm32.9-2020-q2-update.win32_2.0.0.202105311346/tools/bin/../lib/gcc/arm-none-eabi/9.3.1/thumb/v7e-m/nofp\libgcc.a
LOAD c:/st/stm32cubeide_1.7.0/stm32cubeide/plugins/com.st.stm32cube.ide.mcu.externaltools.gnu-tools-for-stm32.9-2020-q2-update.win32_2.0.0.202105311346/tools/bin/../lib/gcc/arm-none-eabi/9.3.1/../../../../arm-none-eabi/lib/thumb/v7e-m/nofp\libc_nano.a
END GROUP
START GROUP
LOAD c:/st/stm32cubeide_1.7.0/stm32cubeide/plugins/com.st.stm32cube.ide.mcu.externaltools.gnu-tools-for-stm32.9-2020-q2-update.win32_2.0.0.202105311346/tools/bin/../lib/gcc/arm-none-eabi/9.3.1/thumb/v7e-m/nofp\libgcc.a
LOAD c:/st/stm32cubeide_1.7.0/stm32cubeide/plugins/com.st.stm32cube.ide.mcu.externaltools.gnu-tools-for-stm32.9-2020-q2-update.win32_2.0.0.202105311346/tools/bin/../lib/gcc/arm-none-eabi/9.3.1/../../../../arm-none-eabi/lib/thumb/v7e-m/nofp\libc_nano.a
LOAD c:/st/stm32cubeide_1.7.0/stm32cubeide/plugins/com.st.stm32cube.ide.mcu.externaltools.gnu-tools-for-stm32.9-2020-q2-update.win32_2.0.0.202105311346/tools/bin/../lib/gcc/arm-none-eabi/9.3.1/../../../../arm-none-eabi/lib/thumb/v7e-m/nofp\libnosys.a
END GROUP
START GROUP
LOAD c:/st/stm32cubeide_1.7.0/stm32cubeide/plugins/com.st.stm32cube.ide.mcu.externaltools.gnu-tools-for-stm32.9-2020-q2-update.win32_2.0.0.202105311346/tools/bin/../lib/gcc/arm-none-eabi/9.3.1/thumb/v7e-m/nofp\libgcc.a
LOAD c:/st/stm32cubeide_1.7.0/stm32cubeide/plugins/com.st.stm32cube.ide.mcu.externaltools.gnu-tools-for-stm32.9-2020-q2-update.win32_2.0.0.202105311346/tools/bin/../lib/gcc/arm-none-eabi/9.3.1/../../../../arm-none-eabi/lib/thumb/v7e-m/nofp\libc_nano.a
LOAD c:/st/stm32cubeide_1.7.0/stm32cubeide/plugins/com.st.stm32cube.ide.mcu.externaltools.gnu-tools-for-stm32.9-2020-q2-update.win32_2.0.0.202105311346/tools/bin/../lib/gcc/arm-none-eabi/9.3.1/../../../../arm-none-eabi/lib/thumb/v7e-m/nofp\libnosys.a
END GROUP
LOAD c:/st/stm32cubeide_1.7.0/stm32cubeide/plugins/com.st.stm32cube.ide.mcu.externaltools.gnu-tools-for-stm32.9-2020-q2-update.win32_2.0.0.202105311346/tools/bin/../lib/gcc/arm-none-eabi/9.3.1/thumb/v7e-m/nofp/crtend.o
LOAD c:/st/stm32cubeide_1.7.0/stm32cubeide/plugins/com.st.stm32cube.ide.mcu.externaltools.gnu-tools-for-stm32.9-2020-q2-update.win32_2.0.0.202105311346/tools/bin/../lib/gcc/arm-none-eabi/9.3.1/thumb/v7e-m/nofp/crtn.o
                0x0000000020008000                _estack = (ORIGIN (RAM1) + LENGTH (RAM1))
                0x0000000000000200                _Min_Heap_Size = 0x200
                0x0000000000000400                _Min_Stack_Size = 0x400

.isr_vector     0x0000000008000000      0x138
                0x0000000008000000                . = ALIGN (0x4)
 *(.isr_vector)
 .isr_vector    0x0000000008000000      0x138 ./Core/Startup/startup_stm32wle5jcix.o
                0x0000000008000000                g_pfnVectors
                0x0000000008000138                . = ALIGN (0x4)

.text           0x0000000008000140     0xda3c
                0x0000000008000140                . = ALIGN (0x4)
 *(.text)
 .text          0x0000000008000140       0x40 c:/st/stm32cubeide_1.7.0/stm32cubeide/plugins/com.st.stm32cube.ide.mcu.externaltools.gnu-tools-for-stm32.9-2020-q2-update.win32_2.0.0.202105311346/tools/bin/../lib/gcc/arm-none-eabi/9.3.1/thumb/v7e-m/nofp/crtbegin.o
 .text          0x0000000008000180       0x14 c:/st/stm32cubeide_1.7.0/stm32cubeide/plugins/com.st.stm32cube.ide.mcu.externaltools.gnu-tools-for-stm32.9-2020-q2-update.win32_2.0.0.202105311346/tools/bin/../lib/gcc/arm-none-eabi/9.3.1/../../../../arm-none-eabi/lib/thumb/v7e-m/nofp\libc_nano.a(lib_a-strcmp.o)
                0x0000000008000180                strcmp
 .text          0x0000000008000194       0x10 c:/st/stm32cubeide_1.7.0/stm32cubeide/plugins/com.st.stm32cube.ide.mcu.externaltools.gnu-tools-for-stm32.9-2020-q2-update.win32_2.0.0.202105311346/tools/bin/../lib/gcc/arm-none-eabi/9.3.1/../../../../arm-none-eabi/lib/thumb/v7e-m/nofp\libc_nano.a(lib_a-strlen.o)
                0x0000000008000194                strlen
 *fill*         0x00000000080001a4        0xc 
 .text          0x00000000080001b0       0xa0 c:/st/stm32cubeide_1.7.0/stm32cubeide/plugins/com.st.stm32cube.ide.mcu.externaltools.gnu-tools-for-stm32.9-2020-q2-update.win32_2.0.0.202105311346/tools/bin/../lib/gcc/arm-none-eabi/9.3.1/../../../../arm-none-eabi/lib/thumb/v7e-m/nofp\libc_nano.a(lib_a-memchr.o)
                0x00000000080001b0                memchr
 .text          0x0000000008000250      0x378 c:/st/stm32cubeide_1.7.0/stm32cubeide/plugins/com.st.stm32cube.ide.mcu.externaltools.gnu-tools-for-stm32.9-2020-q2-update.win32_2.0.0.202105311346/tools/bin/../lib/gcc/arm-none-eabi/9.3.1/thumb/v7e-m/nofp\libgcc.a(_arm_addsubdf3.o)
                0x0000000008000250                __aeabi_drsub
                0x0000000008000258                __aeabi_dsub
                0x0000000008000258                __subdf3
                0x000000000800025c                __aeabi_dadd
                0x000000000800025c                __adddf3
                0x00000000080004d4                __floatunsidf
                0x00000000080004d4                __aeabi_ui2d
                0x00000000080004f4                __floatsidf
                0x00000000080004f4                __aeabi_i2d
                0x0000000008000518                __aeabi_f2d
                0x0000000008000518                __extendsfdf2
                0x000000000800055c                __floatundidf
                0x000000000800055c                __aeabi_ul2d
                0x000000000800056c                __floatdidf
                0x000000000800056c                __aeabi_l2d
 .text          0x00000000080005c8      0x424 c:/st/stm32cubeide_1.7.0/stm32cubeide/plugins/com.st.stm32cube.ide.mcu.externaltools.gnu-tools-for-stm32.9-2020-q2-update.win32_2.0.0.202105311346/tools/bin/../lib/gcc/arm-none-eabi/9.3.1/thumb/v7e-m/nofp\libgcc.a(_arm_muldivdf3.o)
                0x00000000080005c8                __aeabi_dmul
                0x00000000080005c8                __muldf3
                0x000000000800081c                __divdf3
                0x000000000800081c                __aeabi_ddiv
 .text          0x00000000080009ec      0x110 c:/st/stm32cubeide_1.7.0/stm32cubeide/plugins/com.st.stm32cube.ide.mcu.externaltools.gnu-tools-for-stm32.9-2020-q2-update.win32_2.0.0.202105311346/tools/bin/../lib/gcc/arm-none-eabi/9.3.1/thumb/v7e-m/nofp\libgcc.a(_arm_cmpdf2.o)
                0x00000000080009ec                __gtdf2
                0x00000000080009ec                __gedf2
                0x00000000080009f4                __ltdf2
                0x00000000080009f4                __ledf2
                0x00000000080009fc                __nedf2
                0x00000000080009fc                __eqdf2
                0x00000000080009fc                __cmpdf2
                0x0000000008000a78                __aeabi_cdrcmple
                0x0000000008000a88                __aeabi_cdcmpeq
                0x0000000008000a88                __aeabi_cdcmple
                0x0000000008000a98                __aeabi_dcmpeq
                0x0000000008000aac                __aeabi_dcmplt
                0x0000000008000ac0                __aeabi_dcmple
                0x0000000008000ad4                __aeabi_dcmpge
                0x0000000008000ae8                __aeabi_dcmpgt
 .text          0x0000000008000afc       0x2c c:/st/stm32cubeide_1.7.0/stm32cubeide/plugins/com.st.stm32cube.ide.mcu.externaltools.gnu-tools-for-stm32.9-2020-q2-update.win32_2.0.0.202105311346/tools/bin/../lib/gcc/arm-none-eabi/9.3.1/thumb/v7e-m/nofp\libgcc.a(_arm_unorddf2.o)
                0x0000000008000afc                __unorddf2
                0x0000000008000afc                __aeabi_dcmpun
 .text          0x0000000008000b28       0x50 c:/st/stm32cubeide_1.7.0/stm32cubeide/plugins/com.st.stm32cube.ide.mcu.externaltools.gnu-tools-for-stm32.9-2020-q2-update.win32_2.0.0.202105311346/tools/bin/../lib/gcc/arm-none-eabi/9.3.1/thumb/v7e-m/nofp\libgcc.a(_arm_fixdfsi.o)
                0x0000000008000b28                __aeabi_d2iz
                0x0000000008000b28                __fixdfsi
 .text          0x0000000008000b78       0x40 c:/st/stm32cubeide_1.7.0/stm32cubeide/plugins/com.st.stm32cube.ide.mcu.externaltools.gnu-tools-for-stm32.9-2020-q2-update.win32_2.0.0.202105311346/tools/bin/../lib/gcc/arm-none-eabi/9.3.1/thumb/v7e-m/nofp\libgcc.a(_arm_fixunsdfsi.o)
                0x0000000008000b78                __aeabi_d2uiz
                0x0000000008000b78                __fixunsdfsi
 .text          0x0000000008000bb8       0xa0 c:/st/stm32cubeide_1.7.0/stm32cubeide/plugins/com.st.stm32cube.ide.mcu.externaltools.gnu-tools-for-stm32.9-2020-q2-update.win32_2.0.0.202105311346/tools/bin/../lib/gcc/arm-none-eabi/9.3.1/thumb/v7e-m/nofp\libgcc.a(_arm_truncdfsf2.o)
                0x0000000008000bb8                __truncdfsf2
                0x0000000008000bb8                __aeabi_d2f
 .text          0x0000000008000c58      0x21c c:/st/stm32cubeide_1.7.0/stm32cubeide/plugins/com.st.stm32cube.ide.mcu.externaltools.gnu-tools-for-stm32.9-2020-q2-update.win32_2.0.0.202105311346/tools/bin/../lib/gcc/arm-none-eabi/9.3.1/thumb/v7e-m/nofp\libgcc.a(_arm_addsubsf3.o)
                0x0000000008000c58                __aeabi_frsub
                0x0000000008000c60                __subsf3
                0x0000000008000c60                __aeabi_fsub
                0x0000000008000c64                __aeabi_fadd
                0x0000000008000c64                __addsf3
                0x0000000008000dc4                __aeabi_ui2f
                0x0000000008000dc4                __floatunsisf
                0x0000000008000dcc                __aeabi_i2f
                0x0000000008000dcc                __floatsisf
                0x0000000008000de8                __aeabi_ul2f
                0x0000000008000de8                __floatundisf
                0x0000000008000df8                __aeabi_l2f
                0x0000000008000df8                __floatdisf
 .text          0x0000000008000e74       0x30 c:/st/stm32cubeide_1.7.0/stm32cubeide/plugins/com.st.stm32cube.ide.mcu.externaltools.gnu-tools-for-stm32.9-2020-q2-update.win32_2.0.0.202105311346/tools/bin/../lib/gcc/arm-none-eabi/9.3.1/thumb/v7e-m/nofp\libgcc.a(_aeabi_uldivmod.o)
                0x0000000008000e74                __aeabi_uldivmod
 .text          0x0000000008000ea4       0x34 c:/st/stm32cubeide_1.7.0/stm32cubeide/plugins/com.st.stm32cube.ide.mcu.externaltools.gnu-tools-for-stm32.9-2020-q2-update.win32_2.0.0.202105311346/tools/bin/../lib/gcc/arm-none-eabi/9.3.1/thumb/v7e-m/nofp\libgcc.a(_fixdfdi.o)
                0x0000000008000ea4                __fixdfdi
                0x0000000008000ea4                __aeabi_d2lz
 .text          0x0000000008000ed8       0x3c c:/st/stm32cubeide_1.7.0/stm32cubeide/plugins/com.st.stm32cube.ide.mcu.externaltools.gnu-tools-for-stm32.9-2020-q2-update.win32_2.0.0.202105311346/tools/bin/../lib/gcc/arm-none-eabi/9.3.1/thumb/v7e-m/nofp\libgcc.a(_fixunsdfdi.o)
                0x0000000008000ed8                __fixunsdfdi
                0x0000000008000ed8                __aeabi_d2ulz
 .text          0x0000000008000f14      0x2c0 c:/st/stm32cubeide_1.7.0/stm32cubeide/plugins/com.st.stm32cube.ide.mcu.externaltools.gnu-tools-for-stm32.9-2020-q2-update.win32_2.0.0.202105311346/tools/bin/../lib/gcc/arm-none-eabi/9.3.1/thumb/v7e-m/nofp\libgcc.a(_udivmoddi4.o)
                0x0000000008000f14                __udivmoddi4
 .text          0x00000000080011d4        0x4 c:/st/stm32cubeide_1.7.0/stm32cubeide/plugins/com.st.stm32cube.ide.mcu.externaltools.gnu-tools-for-stm32.9-2020-q2-update.win32_2.0.0.202105311346/tools/bin/../lib/gcc/arm-none-eabi/9.3.1/thumb/v7e-m/nofp\libgcc.a(_dvmd_tls.o)
                0x00000000080011d4                __aeabi_idiv0
                0x00000000080011d4                __aeabi_ldiv0
 *(.text*)
 .text.config_init
                0x00000000080011d8       0x20 ./Core/Src/config.o
                0x00000000080011d8                config_init
 .text.config_load
                0x00000000080011f8       0x58 ./Core/Src/config.o
                0x00000000080011f8                config_load
 .text.__NVIC_EnableIRQ
                0x0000000008001250       0x38 ./Core/Src/main.o
 .text.__NVIC_SetPriority
                0x0000000008001288       0x54 ./Core/Src/main.o
 .text.LL_RCC_LSE_SetDriveCapability
                0x00000000080012dc       0x2a ./Core/Src/main.o
 .text.LL_AHB2_GRP1_EnableClock
                0x0000000008001306       0x30 ./Core/Src/main.o
 .text.sys_get_tick
                0x0000000008001336        0xe ./Core/Src/main.o
                0x0000000008001336                sys_get_tick
 .text.sys_random
                0x0000000008001344       0x24 ./Core/Src/main.o
                0x0000000008001344                sys_random
 .text.main     0x0000000008001368      0x120 ./Core/Src/main.o
                0x0000000008001368                main
 .text.parse_transmetter_data
                0x0000000008001488       0xb0 ./Core/Src/main.o
                0x0000000008001488                parse_transmetter_data
 .text.get_seuil
                0x0000000008001538       0x28 ./Core/Src/main.o
                0x0000000008001538                get_seuil
 .text.SystemClock_Config
                0x0000000008001560       0xb4 ./Core/Src/main.o
                0x0000000008001560                SystemClock_Config
 .text.MX_USART1_UART_Init
                0x0000000008001614       0xa8 ./Core/Src/main.o
 .text.MX_GPIO_Init
                0x00000000080016bc        0xe ./Core/Src/main.o
 .text.Error_Handler
                0x00000000080016ca        0xa ./Core/Src/main.o
                0x00000000080016ca                Error_Handler
 .text.__io_getchar
                0x00000000080016d4       0x24 ./Core/Src/main.o
                0x00000000080016d4                __io_getchar
 .text.__io_putchar
                0x00000000080016f8       0x24 ./Core/Src/main.o
                0x00000000080016f8                __io_putchar
 .text.RBI_Init
                0x000000000800171c        0xe ./Core/Src/radio_board_if.o
                0x000000000800171c                RBI_Init
 .text.RBI_ConfigRFSwitch
                0x000000000800172a       0x1c ./Core/Src/radio_board_if.o
                0x000000000800172a                RBI_ConfigRFSwitch
 .text.RBI_GetTxConfig
                0x0000000008001746        0xe ./Core/Src/radio_board_if.o
                0x0000000008001746                RBI_GetTxConfig
 .text.RBI_IsTCXO
                0x0000000008001754        0xe ./Core/Src/radio_board_if.o
                0x0000000008001754                RBI_IsTCXO
 .text.RBI_IsDCDC
                0x0000000008001762        0xe ./Core/Src/radio_board_if.o
                0x0000000008001762                RBI_IsDCDC
 .text.ring_pushOver
                0x0000000008001770       0x6c ./Core/Src/ring.o
                0x0000000008001770                ring_pushOver
 .text.LL_AHB2_GRP1_EnableClock
                0x00000000080017dc       0x30 ./Core/Src/stm32wlxx_hal_msp.o
 .text.LL_APB2_GRP1_EnableClock
                0x000000000800180c       0x30 ./Core/Src/stm32wlxx_hal_msp.o
 .text.HAL_MspInit
                0x000000000800183c        0xc ./Core/Src/stm32wlxx_hal_msp.o
                0x000000000800183c                HAL_MspInit
 .text.HAL_UART_MspInit
                0x0000000008001848       0x9c ./Core/Src/stm32wlxx_hal_msp.o
                0x0000000008001848                HAL_UART_MspInit
 .text.NMI_Handler
                0x00000000080018e4        0x6 ./Core/Src/stm32wlxx_it.o
                0x00000000080018e4                NMI_Handler
 .text.HardFault_Handler
                0x00000000080018ea        0x6 ./Core/Src/stm32wlxx_it.o
                0x00000000080018ea                HardFault_Handler
 .text.MemManage_Handler
                0x00000000080018f0        0x6 ./Core/Src/stm32wlxx_it.o
                0x00000000080018f0                MemManage_Handler
 .text.BusFault_Handler
                0x00000000080018f6        0x6 ./Core/Src/stm32wlxx_it.o
                0x00000000080018f6                BusFault_Handler
 .text.UsageFault_Handler
                0x00000000080018fc        0x6 ./Core/Src/stm32wlxx_it.o
                0x00000000080018fc                UsageFault_Handler
 .text.SVC_Handler
                0x0000000008001902        0xc ./Core/Src/stm32wlxx_it.o
                0x0000000008001902                SVC_Handler
 .text.DebugMon_Handler
                0x000000000800190e        0xc ./Core/Src/stm32wlxx_it.o
                0x000000000800190e                DebugMon_Handler
 .text.PendSV_Handler
                0x000000000800191a        0xc ./Core/Src/stm32wlxx_it.o
                0x000000000800191a                PendSV_Handler
 .text.SysTick_Handler
                0x0000000008001926        0xc ./Core/Src/stm32wlxx_it.o
                0x0000000008001926                SysTick_Handler
 *fill*         0x0000000008001932        0x2 
 .text.USART1_IRQHandler
                0x0000000008001934       0x30 ./Core/Src/stm32wlxx_it.o
                0x0000000008001934                USART1_IRQHandler
 .text.SUBGHZ_Radio_IRQHandler
                0x0000000008001964       0x14 ./Core/Src/stm32wlxx_it.o
                0x0000000008001964                SUBGHZ_Radio_IRQHandler
 .text.LL_APB3_GRP1_EnableClock
                0x0000000008001978       0x30 ./Core/Src/subghz.o
 .text.MX_SUBGHZ_Init
                0x00000000080019a8       0x24 ./Core/Src/subghz.o
                0x00000000080019a8                MX_SUBGHZ_Init
 .text.HAL_SUBGHZ_MspInit
                0x00000000080019cc       0x26 ./Core/Src/subghz.o
                0x00000000080019cc                HAL_SUBGHZ_MspInit
 *fill*         0x00000000080019f2        0x2 
 .text.get_random
                0x00000000080019f4       0x14 ./Core/Src/subghz_phy_app.o
                0x00000000080019f4                get_random
 .text.SubghzApp_Init
                0x0000000008001a08      0x140 ./Core/Src/subghz_phy_app.o
                0x0000000008001a08                SubghzApp_Init
 .text.OnTxDone
                0x0000000008001b48        0xc ./Core/Src/subghz_phy_app.o
 .text.OnRxDone
                0x0000000008001b54       0x2c ./Core/Src/subghz_phy_app.o
 .text.OnTxTimeout
                0x0000000008001b80       0x1c ./Core/Src/subghz_phy_app.o
 .text.OnRxTimeout
                0x0000000008001b9c       0x1c ./Core/Src/subghz_phy_app.o
 .text.OnRxError
                0x0000000008001bb8       0x1c ./Core/Src/subghz_phy_app.o
 .text._getpid  0x0000000008001bd4        0xe ./Core/Src/syscalls.o
                0x0000000008001bd4                _getpid
 .text._kill    0x0000000008001be2       0x20 ./Core/Src/syscalls.o
                0x0000000008001be2                _kill
 .text._exit    0x0000000008001c02       0x14 ./Core/Src/syscalls.o
                0x0000000008001c02                _exit
 .text._read    0x0000000008001c16       0x3a ./Core/Src/syscalls.o
                0x0000000008001c16                _read
 .text._write   0x0000000008001c50       0x38 ./Core/Src/syscalls.o
                0x0000000008001c50                _write
 .text._close   0x0000000008001c88       0x16 ./Core/Src/syscalls.o
                0x0000000008001c88                _close
 .text._fstat   0x0000000008001c9e       0x1e ./Core/Src/syscalls.o
                0x0000000008001c9e                _fstat
 .text._isatty  0x0000000008001cbc       0x14 ./Core/Src/syscalls.o
                0x0000000008001cbc                _isatty
 .text._lseek   0x0000000008001cd0       0x18 ./Core/Src/syscalls.o
                0x0000000008001cd0                _lseek
 .text._sbrk    0x0000000008001ce8       0x6c ./Core/Src/sysmem.o
                0x0000000008001ce8                _sbrk
 .text.SystemInit
                0x0000000008001d54        0xc ./Core/Src/system_stm32wlxx.o
                0x0000000008001d54                SystemInit
 .text.set_NL_detection
                0x0000000008001d60       0x18 ./Core/Src/uart_driver.o
                0x0000000008001d60                set_NL_detection
 .text.uart_RX_interrupt_hanlder
                0x0000000008001d78       0x2c ./Core/Src/uart_driver.o
                0x0000000008001d78                uart_RX_interrupt_hanlder
 .text.Reset_Handler
                0x0000000008001da4       0x50 ./Core/Startup/startup_stm32wle5jcix.o
                0x0000000008001da4                Reset_Handler
 .text.Default_Handler
                0x0000000008001df4        0x2 ./Core/Startup/startup_stm32wle5jcix.o
                0x0000000008001df4                RTC_Alarm_IRQHandler
                0x0000000008001df4                EXTI2_IRQHandler
                0x0000000008001df4                TIM1_CC_IRQHandler
                0x0000000008001df4                EXTI3_IRQHandler
                0x0000000008001df4                LPTIM2_IRQHandler
                0x0000000008001df4                I2C3_ER_IRQHandler
                0x0000000008001df4                LPTIM3_IRQHandler
                0x0000000008001df4                EXTI0_IRQHandler
                0x0000000008001df4                I2C2_EV_IRQHandler
                0x0000000008001df4                TAMP_STAMP_LSECSS_SSRU_IRQHandler
                0x0000000008001df4                SPI1_IRQHandler
                0x0000000008001df4                DMA2_Channel2_IRQHandler
                0x0000000008001df4                DMA1_Channel4_IRQHandler
                0x0000000008001df4                PKA_IRQHandler
                0x0000000008001df4                TIM17_IRQHandler
                0x0000000008001df4                DMA1_Channel7_IRQHandler
                0x0000000008001df4                SUBGHZSPI_IRQHandler
                0x0000000008001df4                DMA2_Channel1_IRQHandler
                0x0000000008001df4                I2C1_EV_IRQHandler
                0x0000000008001df4                DMAMUX1_OVR_IRQHandler
                0x0000000008001df4                DMA1_Channel6_IRQHandler
                0x0000000008001df4                TIM16_IRQHandler
                0x0000000008001df4                DMA2_Channel4_IRQHandler
                0x0000000008001df4                RCC_IRQHandler
                0x0000000008001df4                TIM1_TRG_COM_IRQHandler
                0x0000000008001df4                DMA1_Channel1_IRQHandler
                0x0000000008001df4                Default_Handler
                0x0000000008001df4                DMA2_Channel7_IRQHandler
                0x0000000008001df4                EXTI15_10_IRQHandler
                0x0000000008001df4                ADC_IRQHandler
                0x0000000008001df4                I2C3_EV_IRQHandler
                0x0000000008001df4                EXTI9_5_IRQHandler
                0x0000000008001df4                RTC_WKUP_IRQHandler
                0x0000000008001df4                PVD_PVM_IRQHandler
                0x0000000008001df4                SPI2_IRQHandler
                0x0000000008001df4                DMA2_Channel5_IRQHandler
                0x0000000008001df4                DMA1_Channel5_IRQHandler
                0x0000000008001df4                EXTI4_IRQHandler
                0x0000000008001df4                RNG_IRQHandler
                0x0000000008001df4                DMA1_Channel3_IRQHandler
                0x0000000008001df4                COMP_IRQHandler
                0x0000000008001df4                HSEM_IRQHandler
                0x0000000008001df4                TIM1_UP_IRQHandler
                0x0000000008001df4                WWDG_IRQHandler
                0x0000000008001df4                LPUART1_IRQHandler
                0x0000000008001df4                DMA2_Channel6_IRQHandler
                0x0000000008001df4                TIM2_IRQHandler
                0x0000000008001df4                TIM1_BRK_IRQHandler
                0x0000000008001df4                DAC_IRQHandler
                0x0000000008001df4                EXTI1_IRQHandler
                0x0000000008001df4                AES_IRQHandler
                0x0000000008001df4                USART2_IRQHandler
                0x0000000008001df4                I2C2_ER_IRQHandler
                0x0000000008001df4                DMA1_Channel2_IRQHandler
                0x0000000008001df4                FLASH_IRQHandler
                0x0000000008001df4                I2C1_ER_IRQHandler
                0x0000000008001df4                LPTIM1_IRQHandler
                0x0000000008001df4                DMA2_Channel3_IRQHandler
 .text.LL_AHB2_GRP1_EnableClock
                0x0000000008001df6       0x30 ./Drivers/BSP/STM32WLxx_Nucleo/stm32wlxx_nucleo_radio.o
 *fill*         0x0000000008001e26        0x2 
 .text.BSP_RADIO_Init
                0x0000000008001e28       0x7c ./Drivers/BSP/STM32WLxx_Nucleo/stm32wlxx_nucleo_radio.o
                0x0000000008001e28                BSP_RADIO_Init
 .text.BSP_RADIO_ConfigRFSwitch
                0x0000000008001ea4       0xb8 ./Drivers/BSP/STM32WLxx_Nucleo/stm32wlxx_nucleo_radio.o
                0x0000000008001ea4                BSP_RADIO_ConfigRFSwitch
 .text.BSP_RADIO_GetTxConfig
                0x0000000008001f5c        0xe ./Drivers/BSP/STM32WLxx_Nucleo/stm32wlxx_nucleo_radio.o
                0x0000000008001f5c                BSP_RADIO_GetTxConfig
 .text.BSP_RADIO_IsTCXO
                0x0000000008001f6a        0xe ./Drivers/BSP/STM32WLxx_Nucleo/stm32wlxx_nucleo_radio.o
                0x0000000008001f6a                BSP_RADIO_IsTCXO
 .text.BSP_RADIO_IsDCDC
                0x0000000008001f78        0xe ./Drivers/BSP/STM32WLxx_Nucleo/stm32wlxx_nucleo_radio.o
                0x0000000008001f78                BSP_RADIO_IsDCDC
 *fill*         0x0000000008001f86        0x2 
 .text.HAL_Init
                0x0000000008001f88       0x40 ./Drivers/STM32WLxx_HAL_Driver/Src/stm32wlxx_hal.o
                0x0000000008001f88                HAL_Init
 .text.HAL_InitTick
                0x0000000008001fc8       0x74 ./Drivers/STM32WLxx_HAL_Driver/Src/stm32wlxx_hal.o
                0x0000000008001fc8                HAL_InitTick
 .text.HAL_IncTick
                0x000000000800203c       0x24 ./Drivers/STM32WLxx_HAL_Driver/Src/stm32wlxx_hal.o
                0x000000000800203c                HAL_IncTick
 .text.HAL_GetTick
                0x0000000008002060       0x14 ./Drivers/STM32WLxx_HAL_Driver/Src/stm32wlxx_hal.o
                0x0000000008002060                HAL_GetTick
 .text.HAL_Delay
                0x0000000008002074       0x48 ./Drivers/STM32WLxx_HAL_Driver/Src/stm32wlxx_hal.o
                0x0000000008002074                HAL_Delay
 .text.__NVIC_SetPriorityGrouping
                0x00000000080020bc       0x48 ./Drivers/STM32WLxx_HAL_Driver/Src/stm32wlxx_hal_cortex.o
 .text.__NVIC_GetPriorityGrouping
                0x0000000008002104       0x1c ./Drivers/STM32WLxx_HAL_Driver/Src/stm32wlxx_hal_cortex.o
 .text.__NVIC_EnableIRQ
                0x0000000008002120       0x38 ./Drivers/STM32WLxx_HAL_Driver/Src/stm32wlxx_hal_cortex.o
 .text.__NVIC_SetPriority
                0x0000000008002158       0x54 ./Drivers/STM32WLxx_HAL_Driver/Src/stm32wlxx_hal_cortex.o
 .text.NVIC_EncodePriority
                0x00000000080021ac       0x64 ./Drivers/STM32WLxx_HAL_Driver/Src/stm32wlxx_hal_cortex.o
 .text.SysTick_Config
                0x0000000008002210       0x44 ./Drivers/STM32WLxx_HAL_Driver/Src/stm32wlxx_hal_cortex.o
 .text.HAL_NVIC_SetPriorityGrouping
                0x0000000008002254       0x16 ./Drivers/STM32WLxx_HAL_Driver/Src/stm32wlxx_hal_cortex.o
                0x0000000008002254                HAL_NVIC_SetPriorityGrouping
 .text.HAL_NVIC_SetPriority
                0x000000000800226a       0x34 ./Drivers/STM32WLxx_HAL_Driver/Src/stm32wlxx_hal_cortex.o
                0x000000000800226a                HAL_NVIC_SetPriority
 .text.HAL_NVIC_EnableIRQ
                0x000000000800229e       0x1c ./Drivers/STM32WLxx_HAL_Driver/Src/stm32wlxx_hal_cortex.o
                0x000000000800229e                HAL_NVIC_EnableIRQ
 .text.HAL_SYSTICK_Config
                0x00000000080022ba       0x18 ./Drivers/STM32WLxx_HAL_Driver/Src/stm32wlxx_hal_cortex.o
                0x00000000080022ba                HAL_SYSTICK_Config
 *fill*         0x00000000080022d2        0x2 
 .text.HAL_FLASH_Unlock
                0x00000000080022d4       0x44 ./Drivers/STM32WLxx_HAL_Driver/Src/stm32wlxx_hal_flash.o
                0x00000000080022d4                HAL_FLASH_Unlock
 .text.FLASH_WaitForLastOperation
                0x0000000008002318       0xc4 ./Drivers/STM32WLxx_HAL_Driver/Src/stm32wlxx_hal_flash.o
                0x0000000008002318                FLASH_WaitForLastOperation
 .text.HAL_GPIO_Init
                0x00000000080023dc      0x2c0 ./Drivers/STM32WLxx_HAL_Driver/Src/stm32wlxx_hal_gpio.o
                0x00000000080023dc                HAL_GPIO_Init
 .text.HAL_GPIO_WritePin
                0x000000000800269c       0x2e ./Drivers/STM32WLxx_HAL_Driver/Src/stm32wlxx_hal_gpio.o
                0x000000000800269c                HAL_GPIO_WritePin
 *fill*         0x00000000080026ca        0x2 
 .text.HAL_PWR_EnableBkUpAccess
                0x00000000080026cc       0x1c ./Drivers/STM32WLxx_HAL_Driver/Src/stm32wlxx_hal_pwr.o
                0x00000000080026cc                HAL_PWR_EnableBkUpAccess
 .text.HAL_PWREx_GetVoltageRange
                0x00000000080026e8       0x18 ./Drivers/STM32WLxx_HAL_Driver/Src/stm32wlxx_hal_pwr_ex.o
                0x00000000080026e8                HAL_PWREx_GetVoltageRange
 .text.LL_PWR_IsEnabledBkUpAccess
                0x0000000008002700       0x24 ./Drivers/STM32WLxx_HAL_Driver/Src/stm32wlxx_hal_rcc.o
 .text.LL_RCC_HSE_EnableTcxo
                0x0000000008002724       0x1c ./Drivers/STM32WLxx_HAL_Driver/Src/stm32wlxx_hal_rcc.o
 .text.LL_RCC_HSE_DisableTcxo
                0x0000000008002740       0x1c ./Drivers/STM32WLxx_HAL_Driver/Src/stm32wlxx_hal_rcc.o
 .text.LL_RCC_HSE_IsEnabledDiv2
                0x000000000800275c       0x22 ./Drivers/STM32WLxx_HAL_Driver/Src/stm32wlxx_hal_rcc.o
 .text.LL_RCC_HSE_Enable
                0x000000000800277e       0x1c ./Drivers/STM32WLxx_HAL_Driver/Src/stm32wlxx_hal_rcc.o
 .text.LL_RCC_HSE_Disable
                0x000000000800279a       0x1c ./Drivers/STM32WLxx_HAL_Driver/Src/stm32wlxx_hal_rcc.o
 .text.LL_RCC_HSE_IsReady
                0x00000000080027b6       0x22 ./Drivers/STM32WLxx_HAL_Driver/Src/stm32wlxx_hal_rcc.o
 .text.LL_RCC_HSI_Enable
                0x00000000080027d8       0x1c ./Drivers/STM32WLxx_HAL_Driver/Src/stm32wlxx_hal_rcc.o
 .text.LL_RCC_HSI_Disable
                0x00000000080027f4       0x1c ./Drivers/STM32WLxx_HAL_Driver/Src/stm32wlxx_hal_rcc.o
 .text.LL_RCC_HSI_IsReady
                0x0000000008002810       0x22 ./Drivers/STM32WLxx_HAL_Driver/Src/stm32wlxx_hal_rcc.o
 .text.LL_RCC_HSI_SetCalibTrimming
                0x0000000008002832       0x28 ./Drivers/STM32WLxx_HAL_Driver/Src/stm32wlxx_hal_rcc.o
 .text.LL_RCC_LSE_IsReady
                0x000000000800285a       0x22 ./Drivers/STM32WLxx_HAL_Driver/Src/stm32wlxx_hal_rcc.o
 .text.LL_RCC_LSI_Enable
                0x000000000800287c       0x20 ./Drivers/STM32WLxx_HAL_Driver/Src/stm32wlxx_hal_rcc.o
 .text.LL_RCC_LSI_Disable
                0x000000000800289c       0x20 ./Drivers/STM32WLxx_HAL_Driver/Src/stm32wlxx_hal_rcc.o
 .text.LL_RCC_LSI_IsReady
                0x00000000080028bc       0x22 ./Drivers/STM32WLxx_HAL_Driver/Src/stm32wlxx_hal_rcc.o
 .text.LL_RCC_MSI_Enable
                0x00000000080028de       0x1c ./Drivers/STM32WLxx_HAL_Driver/Src/stm32wlxx_hal_rcc.o
 .text.LL_RCC_MSI_Disable
                0x00000000080028fa       0x1c ./Drivers/STM32WLxx_HAL_Driver/Src/stm32wlxx_hal_rcc.o
 .text.LL_RCC_MSI_IsReady
                0x0000000008002916       0x20 ./Drivers/STM32WLxx_HAL_Driver/Src/stm32wlxx_hal_rcc.o
 .text.LL_RCC_MSI_IsEnabledRangeSelect
                0x0000000008002936       0x20 ./Drivers/STM32WLxx_HAL_Driver/Src/stm32wlxx_hal_rcc.o
 .text.LL_RCC_MSI_GetRange
                0x0000000008002956       0x16 ./Drivers/STM32WLxx_HAL_Driver/Src/stm32wlxx_hal_rcc.o
 .text.LL_RCC_MSI_GetRangeAfterStandby
                0x000000000800296c       0x18 ./Drivers/STM32WLxx_HAL_Driver/Src/stm32wlxx_hal_rcc.o
 .text.LL_RCC_MSI_SetCalibTrimming
                0x0000000008002984       0x28 ./Drivers/STM32WLxx_HAL_Driver/Src/stm32wlxx_hal_rcc.o
 .text.LL_RCC_SetSysClkSource
                0x00000000080029ac       0x26 ./Drivers/STM32WLxx_HAL_Driver/Src/stm32wlxx_hal_rcc.o
 .text.LL_RCC_GetSysClkSource
                0x00000000080029d2       0x16 ./Drivers/STM32WLxx_HAL_Driver/Src/stm32wlxx_hal_rcc.o
 .text.LL_RCC_SetAHBPrescaler
                0x00000000080029e8       0x26 ./Drivers/STM32WLxx_HAL_Driver/Src/stm32wlxx_hal_rcc.o
 .text.LL_RCC_SetAHB3Prescaler
                0x0000000008002a0e       0x2c ./Drivers/STM32WLxx_HAL_Driver/Src/stm32wlxx_hal_rcc.o
 .text.LL_RCC_SetAPB1Prescaler
                0x0000000008002a3a       0x26 ./Drivers/STM32WLxx_HAL_Driver/Src/stm32wlxx_hal_rcc.o
 .text.LL_RCC_SetAPB2Prescaler
                0x0000000008002a60       0x26 ./Drivers/STM32WLxx_HAL_Driver/Src/stm32wlxx_hal_rcc.o
 .text.LL_RCC_GetAHBPrescaler
                0x0000000008002a86       0x16 ./Drivers/STM32WLxx_HAL_Driver/Src/stm32wlxx_hal_rcc.o
 .text.LL_RCC_GetAHB3Prescaler
                0x0000000008002a9c       0x1a ./Drivers/STM32WLxx_HAL_Driver/Src/stm32wlxx_hal_rcc.o
 .text.LL_RCC_GetAPB1Prescaler
                0x0000000008002ab6       0x16 ./Drivers/STM32WLxx_HAL_Driver/Src/stm32wlxx_hal_rcc.o
 .text.LL_RCC_GetAPB2Prescaler
                0x0000000008002acc       0x16 ./Drivers/STM32WLxx_HAL_Driver/Src/stm32wlxx_hal_rcc.o
 .text.LL_RCC_PLL_Enable
                0x0000000008002ae2       0x1c ./Drivers/STM32WLxx_HAL_Driver/Src/stm32wlxx_hal_rcc.o
 .text.LL_RCC_PLL_Disable
                0x0000000008002afe       0x1c ./Drivers/STM32WLxx_HAL_Driver/Src/stm32wlxx_hal_rcc.o
 .text.LL_RCC_PLL_IsReady
                0x0000000008002b1a       0x22 ./Drivers/STM32WLxx_HAL_Driver/Src/stm32wlxx_hal_rcc.o
 .text.LL_RCC_PLL_GetN
                0x0000000008002b3c       0x18 ./Drivers/STM32WLxx_HAL_Driver/Src/stm32wlxx_hal_rcc.o
 .text.LL_RCC_PLL_GetR
                0x0000000008002b54       0x16 ./Drivers/STM32WLxx_HAL_Driver/Src/stm32wlxx_hal_rcc.o
 .text.LL_RCC_PLL_GetDivider
                0x0000000008002b6a       0x16 ./Drivers/STM32WLxx_HAL_Driver/Src/stm32wlxx_hal_rcc.o
 .text.LL_RCC_PLL_GetMainSource
                0x0000000008002b80       0x16 ./Drivers/STM32WLxx_HAL_Driver/Src/stm32wlxx_hal_rcc.o
 .text.LL_RCC_IsActiveFlag_HPRE
                0x0000000008002b96       0x22 ./Drivers/STM32WLxx_HAL_Driver/Src/stm32wlxx_hal_rcc.o
 .text.LL_RCC_IsActiveFlag_SHDHPRE
                0x0000000008002bb8       0x24 ./Drivers/STM32WLxx_HAL_Driver/Src/stm32wlxx_hal_rcc.o
 .text.LL_RCC_IsActiveFlag_PPRE1
                0x0000000008002bdc       0x22 ./Drivers/STM32WLxx_HAL_Driver/Src/stm32wlxx_hal_rcc.o
 .text.LL_RCC_IsActiveFlag_PPRE2
                0x0000000008002bfe       0x22 ./Drivers/STM32WLxx_HAL_Driver/Src/stm32wlxx_hal_rcc.o
 .text.HAL_RCC_OscConfig
                0x0000000008002c20      0x734 ./Drivers/STM32WLxx_HAL_Driver/Src/stm32wlxx_hal_rcc.o
                0x0000000008002c20                HAL_RCC_OscConfig
 .text.HAL_RCC_ClockConfig
                0x0000000008003354      0x248 ./Drivers/STM32WLxx_HAL_Driver/Src/stm32wlxx_hal_rcc.o
                0x0000000008003354                HAL_RCC_ClockConfig
 .text.HAL_RCC_GetSysClockFreq
                0x000000000800359c      0x140 ./Drivers/STM32WLxx_HAL_Driver/Src/stm32wlxx_hal_rcc.o
                0x000000000800359c                HAL_RCC_GetSysClockFreq
 .text.HAL_RCC_GetHCLKFreq
                0x00000000080036dc       0x28 ./Drivers/STM32WLxx_HAL_Driver/Src/stm32wlxx_hal_rcc.o
                0x00000000080036dc                HAL_RCC_GetHCLKFreq
 .text.HAL_RCC_GetPCLK1Freq
                0x0000000008003704       0x24 ./Drivers/STM32WLxx_HAL_Driver/Src/stm32wlxx_hal_rcc.o
                0x0000000008003704                HAL_RCC_GetPCLK1Freq
 .text.HAL_RCC_GetPCLK2Freq
                0x0000000008003728       0x24 ./Drivers/STM32WLxx_HAL_Driver/Src/stm32wlxx_hal_rcc.o
                0x0000000008003728                HAL_RCC_GetPCLK2Freq
 .text.RCC_SetFlashLatencyFromMSIRange
                0x000000000800374c       0x60 ./Drivers/STM32WLxx_HAL_Driver/Src/stm32wlxx_hal_rcc.o
 .text.RCC_SetFlashLatency
                0x00000000080037ac      0x10c ./Drivers/STM32WLxx_HAL_Driver/Src/stm32wlxx_hal_rcc.o
 .text.LL_RCC_LSE_IsReady
                0x00000000080038b8       0x22 ./Drivers/STM32WLxx_HAL_Driver/Src/stm32wlxx_hal_rcc_ex.o
 .text.LL_RCC_SetUSARTClockSource
                0x00000000080038da       0x30 ./Drivers/STM32WLxx_HAL_Driver/Src/stm32wlxx_hal_rcc_ex.o
 .text.LL_RCC_SetI2SClockSource
                0x000000000800390a       0x2a ./Drivers/STM32WLxx_HAL_Driver/Src/stm32wlxx_hal_rcc_ex.o
 .text.LL_RCC_SetLPUARTClockSource
                0x0000000008003934       0x2a ./Drivers/STM32WLxx_HAL_Driver/Src/stm32wlxx_hal_rcc_ex.o
 .text.LL_RCC_SetI2CClockSource
                0x000000000800395e       0x38 ./Drivers/STM32WLxx_HAL_Driver/Src/stm32wlxx_hal_rcc_ex.o
 .text.LL_RCC_SetLPTIMClockSource
                0x0000000008003996       0x32 ./Drivers/STM32WLxx_HAL_Driver/Src/stm32wlxx_hal_rcc_ex.o
 .text.LL_RCC_SetRNGClockSource
                0x00000000080039c8       0x2a ./Drivers/STM32WLxx_HAL_Driver/Src/stm32wlxx_hal_rcc_ex.o
 .text.LL_RCC_SetADCClockSource
                0x00000000080039f2       0x2a ./Drivers/STM32WLxx_HAL_Driver/Src/stm32wlxx_hal_rcc_ex.o
 .text.LL_RCC_SetRTCClockSource
                0x0000000008003a1c       0x2a ./Drivers/STM32WLxx_HAL_Driver/Src/stm32wlxx_hal_rcc_ex.o
 .text.LL_RCC_GetRTCClockSource
                0x0000000008003a46       0x18 ./Drivers/STM32WLxx_HAL_Driver/Src/stm32wlxx_hal_rcc_ex.o
 .text.LL_RCC_ForceBackupDomainReset
                0x0000000008003a5e       0x20 ./Drivers/STM32WLxx_HAL_Driver/Src/stm32wlxx_hal_rcc_ex.o
 .text.LL_RCC_ReleaseBackupDomainReset
                0x0000000008003a7e       0x20 ./Drivers/STM32WLxx_HAL_Driver/Src/stm32wlxx_hal_rcc_ex.o
 *fill*         0x0000000008003a9e        0x2 
 .text.HAL_RCCEx_PeriphCLKConfig
                0x0000000008003aa0      0x234 ./Drivers/STM32WLxx_HAL_Driver/Src/stm32wlxx_hal_rcc_ex.o
                0x0000000008003aa0                HAL_RCCEx_PeriphCLKConfig
 .text.LL_PWR_SetRadioBusyTrigger
                0x0000000008003cd4       0x28 ./Drivers/STM32WLxx_HAL_Driver/Src/stm32wlxx_hal_subghz.o
 .text.LL_PWR_UnselectSUBGHZSPI_NSS
                0x0000000008003cfc       0x20 ./Drivers/STM32WLxx_HAL_Driver/Src/stm32wlxx_hal_subghz.o
 .text.LL_PWR_SelectSUBGHZSPI_NSS
                0x0000000008003d1c       0x20 ./Drivers/STM32WLxx_HAL_Driver/Src/stm32wlxx_hal_subghz.o
 .text.LL_PWR_ClearFlag_RFBUSY
                0x0000000008003d3c       0x18 ./Drivers/STM32WLxx_HAL_Driver/Src/stm32wlxx_hal_subghz.o
 .text.LL_PWR_IsActiveFlag_RFBUSYS
                0x0000000008003d54       0x24 ./Drivers/STM32WLxx_HAL_Driver/Src/stm32wlxx_hal_subghz.o
 .text.LL_PWR_IsActiveFlag_RFBUSYMS
                0x0000000008003d78       0x24 ./Drivers/STM32WLxx_HAL_Driver/Src/stm32wlxx_hal_subghz.o
 .text.LL_RCC_RF_DisableReset
                0x0000000008003d9c       0x20 ./Drivers/STM32WLxx_HAL_Driver/Src/stm32wlxx_hal_subghz.o
 .text.LL_RCC_IsRFUnderReset
                0x0000000008003dbc       0x24 ./Drivers/STM32WLxx_HAL_Driver/Src/stm32wlxx_hal_subghz.o
 .text.LL_EXTI_EnableIT_32_63
                0x0000000008003de0       0x28 ./Drivers/STM32WLxx_HAL_Driver/Src/stm32wlxx_hal_subghz.o
 .text.HAL_SUBGHZ_Init
                0x0000000008003e08       0xbc ./Drivers/STM32WLxx_HAL_Driver/Src/stm32wlxx_hal_subghz.o
                0x0000000008003e08                HAL_SUBGHZ_Init
 .text.HAL_SUBGHZ_WriteRegisters
                0x0000000008003ec4       0xbe ./Drivers/STM32WLxx_HAL_Driver/Src/stm32wlxx_hal_subghz.o
                0x0000000008003ec4                HAL_SUBGHZ_WriteRegisters
 .text.HAL_SUBGHZ_ReadRegisters
                0x0000000008003f82       0xc2 ./Drivers/STM32WLxx_HAL_Driver/Src/stm32wlxx_hal_subghz.o
                0x0000000008003f82                HAL_SUBGHZ_ReadRegisters
 .text.HAL_SUBGHZ_ExecSetCmd
                0x0000000008004044       0xbe ./Drivers/STM32WLxx_HAL_Driver/Src/stm32wlxx_hal_subghz.o
                0x0000000008004044                HAL_SUBGHZ_ExecSetCmd
 .text.HAL_SUBGHZ_ExecGetCmd
                0x0000000008004102       0xa8 ./Drivers/STM32WLxx_HAL_Driver/Src/stm32wlxx_hal_subghz.o
                0x0000000008004102                HAL_SUBGHZ_ExecGetCmd
 .text.HAL_SUBGHZ_WriteBuffer
                0x00000000080041aa       0xa6 ./Drivers/STM32WLxx_HAL_Driver/Src/stm32wlxx_hal_subghz.o
                0x00000000080041aa                HAL_SUBGHZ_WriteBuffer
 .text.HAL_SUBGHZ_ReadBuffer
                0x0000000008004250       0xb0 ./Drivers/STM32WLxx_HAL_Driver/Src/stm32wlxx_hal_subghz.o
                0x0000000008004250                HAL_SUBGHZ_ReadBuffer
 .text.HAL_SUBGHZ_IRQHandler
                0x0000000008004300       0xfc ./Drivers/STM32WLxx_HAL_Driver/Src/stm32wlxx_hal_subghz.o
                0x0000000008004300                HAL_SUBGHZ_IRQHandler
 .text.SUBGHZSPI_Init
                0x00000000080043fc       0x40 ./Drivers/STM32WLxx_HAL_Driver/Src/stm32wlxx_hal_subghz.o
                0x00000000080043fc                SUBGHZSPI_Init
 .text.SUBGHZSPI_Transmit
                0x000000000800443c       0xac ./Drivers/STM32WLxx_HAL_Driver/Src/stm32wlxx_hal_subghz.o
                0x000000000800443c                SUBGHZSPI_Transmit
 .text.SUBGHZSPI_Receive
                0x00000000080044e8       0xb0 ./Drivers/STM32WLxx_HAL_Driver/Src/stm32wlxx_hal_subghz.o
                0x00000000080044e8                SUBGHZSPI_Receive
 .text.SUBGHZ_CheckDeviceReady
                0x0000000008004598       0x48 ./Drivers/STM32WLxx_HAL_Driver/Src/stm32wlxx_hal_subghz.o
                0x0000000008004598                SUBGHZ_CheckDeviceReady
 .text.SUBGHZ_WaitOnBusy
                0x00000000080045e0       0x5c ./Drivers/STM32WLxx_HAL_Driver/Src/stm32wlxx_hal_subghz.o
                0x00000000080045e0                SUBGHZ_WaitOnBusy
 .text.LL_RCC_GetUSARTClockSource
                0x000000000800463c       0x24 ./Drivers/STM32WLxx_HAL_Driver/Src/stm32wlxx_hal_uart.o
 .text.LL_RCC_GetLPUARTClockSource
                0x0000000008004660       0x1e ./Drivers/STM32WLxx_HAL_Driver/Src/stm32wlxx_hal_uart.o
 .text.HAL_UART_Init
                0x000000000800467e       0xa0 ./Drivers/STM32WLxx_HAL_Driver/Src/stm32wlxx_hal_uart.o
                0x000000000800467e                HAL_UART_Init
 .text.HAL_UART_Transmit
                0x000000000800471e      0x12c ./Drivers/STM32WLxx_HAL_Driver/Src/stm32wlxx_hal_uart.o
                0x000000000800471e                HAL_UART_Transmit
 .text.HAL_UART_Receive
                0x000000000800484a      0x1a6 ./Drivers/STM32WLxx_HAL_Driver/Src/stm32wlxx_hal_uart.o
                0x000000000800484a                HAL_UART_Receive
 .text.UART_SetConfig
                0x00000000080049f0      0x4a0 ./Drivers/STM32WLxx_HAL_Driver/Src/stm32wlxx_hal_uart.o
                0x00000000080049f0                UART_SetConfig
 .text.UART_AdvFeatureConfig
                0x0000000008004e90      0x142 ./Drivers/STM32WLxx_HAL_Driver/Src/stm32wlxx_hal_uart.o
                0x0000000008004e90                UART_AdvFeatureConfig
 .text.UART_CheckIdleState
                0x0000000008004fd2       0x96 ./Drivers/STM32WLxx_HAL_Driver/Src/stm32wlxx_hal_uart.o
                0x0000000008004fd2                UART_CheckIdleState
 .text.UART_WaitOnFlagUntilTimeout
                0x0000000008005068      0x190 ./Drivers/STM32WLxx_HAL_Driver/Src/stm32wlxx_hal_uart.o
                0x0000000008005068                UART_WaitOnFlagUntilTimeout
 .text.HAL_UARTEx_DisableFifoMode
                0x00000000080051f8       0x70 ./Drivers/STM32WLxx_HAL_Driver/Src/stm32wlxx_hal_uart_ex.o
                0x00000000080051f8                HAL_UARTEx_DisableFifoMode
 .text.HAL_UARTEx_SetTxFifoThreshold
                0x0000000008005268       0x7c ./Drivers/STM32WLxx_HAL_Driver/Src/stm32wlxx_hal_uart_ex.o
                0x0000000008005268                HAL_UARTEx_SetTxFifoThreshold
 .text.HAL_UARTEx_SetRxFifoThreshold
                0x00000000080052e4       0x7c ./Drivers/STM32WLxx_HAL_Driver/Src/stm32wlxx_hal_uart_ex.o
                0x00000000080052e4                HAL_UARTEx_SetRxFifoThreshold
 .text.UARTEx_SetNbDataToProcess
                0x0000000008005360       0x98 ./Drivers/STM32WLxx_HAL_Driver/Src/stm32wlxx_hal_uart_ex.o
 .text.RadioInit
                0x00000000080053f8       0x6c ./SubGHz_Phy/stm32_radio_driver/radio.o
 .text.RadioGetStatus
                0x0000000008005464       0x2e ./SubGHz_Phy/stm32_radio_driver/radio.o
 *fill*         0x0000000008005492        0x2 
 .text.RadioSetModem
                0x0000000008005494       0xa4 ./SubGHz_Phy/stm32_radio_driver/radio.o
 .text.RadioSetChannel
                0x0000000008005538       0x16 ./SubGHz_Phy/stm32_radio_driver/radio.o
 .text.RadioIsChannelFree
                0x000000000800554e       0x82 ./SubGHz_Phy/stm32_radio_driver/radio.o
 .text.RadioRandom
                0x00000000080055d0       0x2c ./SubGHz_Phy/stm32_radio_driver/radio.o
 .text.RadioSetRxConfig
                0x00000000080055fc      0x420 ./SubGHz_Phy/stm32_radio_driver/radio.o
 .text.RadioSetTxConfig
                0x0000000008005a1c      0x238 ./SubGHz_Phy/stm32_radio_driver/radio.o
 .text.RadioCheckRfFrequency
                0x0000000008005c54       0x14 ./SubGHz_Phy/stm32_radio_driver/radio.o
 .text.RadioGetLoRaBandwidthInHz
                0x0000000008005c68       0xac ./SubGHz_Phy/stm32_radio_driver/radio.o
 .text.RadioGetGfskTimeOnAirNumerator
                0x0000000008005d14       0x54 ./SubGHz_Phy/stm32_radio_driver/radio.o
 .text.RadioGetLoRaTimeOnAirNumerator
                0x0000000008005d68      0x102 ./SubGHz_Phy/stm32_radio_driver/radio.o
 *fill*         0x0000000008005e6a        0x2 
 .text.RadioTimeOnAir
                0x0000000008005e6c       0xb0 ./SubGHz_Phy/stm32_radio_driver/radio.o
 .text.RadioSend
                0x0000000008005f1c      0x1d0 ./SubGHz_Phy/stm32_radio_driver/radio.o
 .text.RadioSleep
                0x00000000080060ec       0x26 ./SubGHz_Phy/stm32_radio_driver/radio.o
 .text.RadioStandby
                0x0000000008006112        0xe ./SubGHz_Phy/stm32_radio_driver/radio.o
 .text.RadioRx  0x0000000008006120       0x60 ./SubGHz_Phy/stm32_radio_driver/radio.o
 .text.RadioRxBoosted
                0x0000000008006180       0x60 ./SubGHz_Phy/stm32_radio_driver/radio.o
 .text.RadioSetRxDutyCycle
                0x00000000080061e0       0x2c ./SubGHz_Phy/stm32_radio_driver/radio.o
 .text.RadioStartCad
                0x000000000800620c       0x30 ./SubGHz_Phy/stm32_radio_driver/radio.o
 .text.RadioSetTxContinuousWave
                0x000000000800623c       0x46 ./SubGHz_Phy/stm32_radio_driver/radio.o
 .text.RadioRssi
                0x0000000008006282       0x1a ./SubGHz_Phy/stm32_radio_driver/radio.o
 .text.RadioWrite
                0x000000000800629c       0x24 ./SubGHz_Phy/stm32_radio_driver/radio.o
 .text.RadioRead
                0x00000000080062c0       0x1c ./SubGHz_Phy/stm32_radio_driver/radio.o
 .text.RadioWriteRegisters
                0x00000000080062dc       0x26 ./SubGHz_Phy/stm32_radio_driver/radio.o
 .text.RadioReadRegisters
                0x0000000008006302       0x26 ./SubGHz_Phy/stm32_radio_driver/radio.o
 .text.RadioSetMaxPayloadLength
                0x0000000008006328       0x5c ./SubGHz_Phy/stm32_radio_driver/radio.o
 .text.RadioSetPublicNetwork
                0x0000000008006384       0x5c ./SubGHz_Phy/stm32_radio_driver/radio.o
 .text.RadioGetWakeupTime
                0x00000000080063e0       0x10 ./SubGHz_Phy/stm32_radio_driver/radio.o
 .text.RadioOnDioIrq
                0x00000000080063f0       0x24 ./SubGHz_Phy/stm32_radio_driver/radio.o
 .text.RadioIrqProcess
                0x0000000008006414      0x330 ./SubGHz_Phy/stm32_radio_driver/radio.o
 .text.RadioTxPrbs
                0x0000000008006744       0x38 ./SubGHz_Phy/stm32_radio_driver/radio.o
 .text.RadioTxCw
                0x000000000800677c       0x2e ./SubGHz_Phy/stm32_radio_driver/radio.o
 .text.payload_integration
                0x00000000080067aa      0x120 ./SubGHz_Phy/stm32_radio_driver/radio.o
 *fill*         0x00000000080068ca        0x2 
 .text.RadioSetRxGenericConfig
                0x00000000080068cc      0x3a0 ./SubGHz_Phy/stm32_radio_driver/radio.o
 .text.RadioSetTxGenericConfig
                0x0000000008006c6c      0x334 ./SubGHz_Phy/stm32_radio_driver/radio.o
 .text.SUBGRF_Init
                0x0000000008006fa0       0x84 ./SubGHz_Phy/stm32_radio_driver/radio_driver.o
                0x0000000008006fa0                SUBGRF_Init
 .text.SUBGRF_GetOperatingMode
                0x0000000008007024       0x14 ./SubGHz_Phy/stm32_radio_driver/radio_driver.o
                0x0000000008007024                SUBGRF_GetOperatingMode
 .text.SUBGRF_SetPayload
                0x0000000008007038       0x20 ./SubGHz_Phy/stm32_radio_driver/radio_driver.o
                0x0000000008007038                SUBGRF_SetPayload
 .text.SUBGRF_GetPayload
                0x0000000008007058       0x44 ./SubGHz_Phy/stm32_radio_driver/radio_driver.o
                0x0000000008007058                SUBGRF_GetPayload
 .text.SUBGRF_SendPayload
                0x000000000800709c       0x26 ./SubGHz_Phy/stm32_radio_driver/radio_driver.o
                0x000000000800709c                SUBGRF_SendPayload
 .text.SUBGRF_SetSyncWord
                0x00000000080070c2       0x1e ./SubGHz_Phy/stm32_radio_driver/radio_driver.o
                0x00000000080070c2                SUBGRF_SetSyncWord
 .text.SUBGRF_SetCrcSeed
                0x00000000080070e0       0x40 ./SubGHz_Phy/stm32_radio_driver/radio_driver.o
                0x00000000080070e0                SUBGRF_SetCrcSeed
 .text.SUBGRF_SetCrcPolynomial
                0x0000000008007120       0x40 ./SubGHz_Phy/stm32_radio_driver/radio_driver.o
                0x0000000008007120                SUBGRF_SetCrcPolynomial
 .text.SUBGRF_SetWhiteningSeed
                0x0000000008007160       0x66 ./SubGHz_Phy/stm32_radio_driver/radio_driver.o
                0x0000000008007160                SUBGRF_SetWhiteningSeed
 .text.SUBGRF_GetRandom
                0x00000000080071c6       0x8c ./SubGHz_Phy/stm32_radio_driver/radio_driver.o
                0x00000000080071c6                SUBGRF_GetRandom
 *fill*         0x0000000008007252        0x2 
 .text.SUBGRF_SetSleep
                0x0000000008007254       0x64 ./SubGHz_Phy/stm32_radio_driver/radio_driver.o
                0x0000000008007254                SUBGRF_SetSleep
 .text.SUBGRF_SetStandby
                0x00000000080072b8       0x38 ./SubGHz_Phy/stm32_radio_driver/radio_driver.o
                0x00000000080072b8                SUBGRF_SetStandby
 .text.SUBGRF_SetTx
                0x00000000080072f0       0x40 ./SubGHz_Phy/stm32_radio_driver/radio_driver.o
                0x00000000080072f0                SUBGRF_SetTx
 .text.SUBGRF_SetRx
                0x0000000008007330       0x40 ./SubGHz_Phy/stm32_radio_driver/radio_driver.o
                0x0000000008007330                SUBGRF_SetRx
 .text.SUBGRF_SetRxBoosted
                0x0000000008007370       0x48 ./SubGHz_Phy/stm32_radio_driver/radio_driver.o
                0x0000000008007370                SUBGRF_SetRxBoosted
 .text.SUBGRF_SetRxDutyCycle
                0x00000000080073b8       0x58 ./SubGHz_Phy/stm32_radio_driver/radio_driver.o
                0x00000000080073b8                SUBGRF_SetRxDutyCycle
 .text.SUBGRF_SetCad
                0x0000000008007410       0x1c ./SubGHz_Phy/stm32_radio_driver/radio_driver.o
                0x0000000008007410                SUBGRF_SetCad
 .text.SUBGRF_SetTxContinuousWave
                0x000000000800742c       0x12 ./SubGHz_Phy/stm32_radio_driver/radio_driver.o
                0x000000000800742c                SUBGRF_SetTxContinuousWave
 .text.SUBGRF_SetTxInfinitePreamble
                0x000000000800743e       0x12 ./SubGHz_Phy/stm32_radio_driver/radio_driver.o
                0x000000000800743e                SUBGRF_SetTxInfinitePreamble
 .text.SUBGRF_SetStopRxTimerOnPreambleDetect
                0x0000000008007450       0x1e ./SubGHz_Phy/stm32_radio_driver/radio_driver.o
                0x0000000008007450                SUBGRF_SetStopRxTimerOnPreambleDetect
 .text.SUBGRF_SetLoRaSymbNumTimeout
                0x000000000800746e       0x5e ./SubGHz_Phy/stm32_radio_driver/radio_driver.o
                0x000000000800746e                SUBGRF_SetLoRaSymbNumTimeout
 .text.SUBGRF_SetRegulatorMode
                0x00000000080074cc       0x2e ./SubGHz_Phy/stm32_radio_driver/radio_driver.o
                0x00000000080074cc                SUBGRF_SetRegulatorMode
 .text.SUBGRF_Calibrate
                0x00000000080074fa       0x8c ./SubGHz_Phy/stm32_radio_driver/radio_driver.o
                0x00000000080074fa                SUBGRF_Calibrate
 *fill*         0x0000000008007586        0x2 
 .text.SUBGRF_CalibrateImage
                0x0000000008007588       0x8c ./SubGHz_Phy/stm32_radio_driver/radio_driver.o
                0x0000000008007588                SUBGRF_CalibrateImage
 .text.SUBGRF_SetPaConfig
                0x0000000008007614       0x44 ./SubGHz_Phy/stm32_radio_driver/radio_driver.o
                0x0000000008007614                SUBGRF_SetPaConfig
 .text.SUBGRF_SetDioIrqParams
                0x0000000008007658       0x74 ./SubGHz_Phy/stm32_radio_driver/radio_driver.o
                0x0000000008007658                SUBGRF_SetDioIrqParams
 .text.SUBGRF_SetTcxoMode
                0x00000000080076cc       0x42 ./SubGHz_Phy/stm32_radio_driver/radio_driver.o
                0x00000000080076cc                SUBGRF_SetTcxoMode
 *fill*         0x000000000800770e        0x2 
 .text.SUBGRF_SetRfFrequency
                0x0000000008007710       0x84 ./SubGHz_Phy/stm32_radio_driver/radio_driver.o
                0x0000000008007710                SUBGRF_SetRfFrequency
 .text.SUBGRF_SetPacketType
                0x0000000008007794       0x38 ./SubGHz_Phy/stm32_radio_driver/radio_driver.o
                0x0000000008007794                SUBGRF_SetPacketType
 .text.SUBGRF_GetPacketType
                0x00000000080077cc       0x14 ./SubGHz_Phy/stm32_radio_driver/radio_driver.o
                0x00000000080077cc                SUBGRF_GetPacketType
 .text.SUBGRF_SetTxParams
                0x00000000080077e0       0xcc ./SubGHz_Phy/stm32_radio_driver/radio_driver.o
                0x00000000080077e0                SUBGRF_SetTxParams
 .text.SUBGRF_SetModulationParams
                0x00000000080078ac      0x198 ./SubGHz_Phy/stm32_radio_driver/radio_driver.o
                0x00000000080078ac                SUBGRF_SetModulationParams
 .text.SUBGRF_SetPacketParams
                0x0000000008007a44      0x13c ./SubGHz_Phy/stm32_radio_driver/radio_driver.o
                0x0000000008007a44                SUBGRF_SetPacketParams
 .text.SUBGRF_SetBufferBaseAddress
                0x0000000008007b80       0x2e ./SubGHz_Phy/stm32_radio_driver/radio_driver.o
                0x0000000008007b80                SUBGRF_SetBufferBaseAddress
 .text.SUBGRF_GetRssiInst
                0x0000000008007bae       0x2a ./SubGHz_Phy/stm32_radio_driver/radio_driver.o
                0x0000000008007bae                SUBGRF_GetRssiInst
 .text.SUBGRF_GetRxBufferStatus
                0x0000000008007bd8       0x58 ./SubGHz_Phy/stm32_radio_driver/radio_driver.o
                0x0000000008007bd8                SUBGRF_GetRxBufferStatus
 .text.SUBGRF_GetPacketStatus
                0x0000000008007c30       0xa4 ./SubGHz_Phy/stm32_radio_driver/radio_driver.o
                0x0000000008007c30                SUBGRF_GetPacketStatus
 .text.SUBGRF_WriteRegister
                0x0000000008007cd4       0x28 ./SubGHz_Phy/stm32_radio_driver/radio_driver.o
                0x0000000008007cd4                SUBGRF_WriteRegister
 .text.SUBGRF_ReadRegister
                0x0000000008007cfc       0x28 ./SubGHz_Phy/stm32_radio_driver/radio_driver.o
                0x0000000008007cfc                SUBGRF_ReadRegister
 .text.SUBGRF_WriteRegisters
                0x0000000008007d24       0x28 ./SubGHz_Phy/stm32_radio_driver/radio_driver.o
                0x0000000008007d24                SUBGRF_WriteRegisters
 .text.SUBGRF_ReadRegisters
                0x0000000008007d4c       0x28 ./SubGHz_Phy/stm32_radio_driver/radio_driver.o
                0x0000000008007d4c                SUBGRF_ReadRegisters
 .text.SUBGRF_WriteBuffer
                0x0000000008007d74       0x2c ./SubGHz_Phy/stm32_radio_driver/radio_driver.o
                0x0000000008007d74                SUBGRF_WriteBuffer
 .text.SUBGRF_ReadBuffer
                0x0000000008007da0       0x2c ./SubGHz_Phy/stm32_radio_driver/radio_driver.o
                0x0000000008007da0                SUBGRF_ReadBuffer
 .text.SUBGRF_WriteCommand
                0x0000000008007dcc       0x28 ./SubGHz_Phy/stm32_radio_driver/radio_driver.o
 .text.SUBGRF_ReadCommand
                0x0000000008007df4       0x28 ./SubGHz_Phy/stm32_radio_driver/radio_driver.o
 .text.SUBGRF_SetSwitch
                0x0000000008007e1c       0x50 ./SubGHz_Phy/stm32_radio_driver/radio_driver.o
                0x0000000008007e1c                SUBGRF_SetSwitch
 .text.SUBGRF_SetRfTxPower
                0x0000000008007e6c       0x68 ./SubGHz_Phy/stm32_radio_driver/radio_driver.o
                0x0000000008007e6c                SUBGRF_SetRfTxPower
 .text.SUBGRF_GetRadioWakeUpTime
                0x0000000008007ed4        0xe ./SubGHz_Phy/stm32_radio_driver/radio_driver.o
                0x0000000008007ed4                SUBGRF_GetRadioWakeUpTime
 *fill*         0x0000000008007ee2        0x2 
 .text.HAL_SUBGHZ_TxCpltCallback
                0x0000000008007ee4       0x1c ./SubGHz_Phy/stm32_radio_driver/radio_driver.o
                0x0000000008007ee4                HAL_SUBGHZ_TxCpltCallback
 .text.HAL_SUBGHZ_RxCpltCallback
                0x0000000008007f00       0x1c ./SubGHz_Phy/stm32_radio_driver/radio_driver.o
                0x0000000008007f00                HAL_SUBGHZ_RxCpltCallback
 .text.HAL_SUBGHZ_CRCErrorCallback
                0x0000000008007f1c       0x1c ./SubGHz_Phy/stm32_radio_driver/radio_driver.o
                0x0000000008007f1c                HAL_SUBGHZ_CRCErrorCallback
 .text.HAL_SUBGHZ_CADStatusCallback
                0x0000000008007f38       0x3c ./SubGHz_Phy/stm32_radio_driver/radio_driver.o
                0x0000000008007f38                HAL_SUBGHZ_CADStatusCallback
 .text.HAL_SUBGHZ_RxTxTimeoutCallback
                0x0000000008007f74       0x20 ./SubGHz_Phy/stm32_radio_driver/radio_driver.o
                0x0000000008007f74                HAL_SUBGHZ_RxTxTimeoutCallback
 .text.HAL_SUBGHZ_HeaderErrorCallback
                0x0000000008007f94       0x1c ./SubGHz_Phy/stm32_radio_driver/radio_driver.o
                0x0000000008007f94                HAL_SUBGHZ_HeaderErrorCallback
 .text.HAL_SUBGHZ_PreambleDetectedCallback
                0x0000000008007fb0       0x1c ./SubGHz_Phy/stm32_radio_driver/radio_driver.o
                0x0000000008007fb0                HAL_SUBGHZ_PreambleDetectedCallback
 .text.HAL_SUBGHZ_SyncWordValidCallback
                0x0000000008007fcc       0x1c ./SubGHz_Phy/stm32_radio_driver/radio_driver.o
                0x0000000008007fcc                HAL_SUBGHZ_SyncWordValidCallback
 .text.HAL_SUBGHZ_HeaderValidCallback
                0x0000000008007fe8       0x1c ./SubGHz_Phy/stm32_radio_driver/radio_driver.o
                0x0000000008007fe8                HAL_SUBGHZ_HeaderValidCallback
 .text.Radio_SMPS_Set
                0x0000000008008004       0x42 ./SubGHz_Phy/stm32_radio_driver/radio_driver.o
 *fill*         0x0000000008008046        0x2 
 .text.SUBGRF_GetFskBandwidthRegValue
                0x0000000008008048       0x50 ./SubGHz_Phy/stm32_radio_driver/radio_driver.o
                0x0000000008008048                SUBGRF_GetFskBandwidthRegValue
 .text.SUBGRF_GetCFO
                0x0000000008008098       0xec ./SubGHz_Phy/stm32_radio_driver/radio_driver.o
                0x0000000008008098                SUBGRF_GetCFO
 .text.RFW_TransmitLongPacket
                0x0000000008008184       0x24 ./SubGHz_Phy/stm32_radio_driver/radio_fw.o
                0x0000000008008184                RFW_TransmitLongPacket
 .text.RFW_ReceiveLongPacket
                0x00000000080081a8       0x24 ./SubGHz_Phy/stm32_radio_driver/radio_fw.o
                0x00000000080081a8                RFW_ReceiveLongPacket
 .text.RFW_Init
                0x00000000080081cc       0x1a ./SubGHz_Phy/stm32_radio_driver/radio_fw.o
                0x00000000080081cc                RFW_Init
 .text.RFW_DeInit
                0x00000000080081e6        0xc ./SubGHz_Phy/stm32_radio_driver/radio_fw.o
                0x00000000080081e6                RFW_DeInit
 .text.RFW_Is_Init
                0x00000000080081f2        0xe ./SubGHz_Phy/stm32_radio_driver/radio_fw.o
                0x00000000080081f2                RFW_Is_Init
 .text.RFW_Is_LongPacketModeEnabled
                0x0000000008008200        0xe ./SubGHz_Phy/stm32_radio_driver/radio_fw.o
                0x0000000008008200                RFW_Is_LongPacketModeEnabled
 .text.RFW_SetAntSwitch
                0x000000000800820e       0x14 ./SubGHz_Phy/stm32_radio_driver/radio_fw.o
                0x000000000800820e                RFW_SetAntSwitch
 .text.RFW_TransmitInit
                0x0000000008008222       0x20 ./SubGHz_Phy/stm32_radio_driver/radio_fw.o
                0x0000000008008222                RFW_TransmitInit
 .text.RFW_ReceiveInit
                0x0000000008008242       0x10 ./SubGHz_Phy/stm32_radio_driver/radio_fw.o
                0x0000000008008242                RFW_ReceiveInit
 .text.RFW_DeInit_TxLongPacket
                0x0000000008008252        0xc ./SubGHz_Phy/stm32_radio_driver/radio_fw.o
                0x0000000008008252                RFW_DeInit_TxLongPacket
 .text.RFW_ReceivePayload
                0x000000000800825e        0xc ./SubGHz_Phy/stm32_radio_driver/radio_fw.o
                0x000000000800825e                RFW_ReceivePayload
 .text.RFW_SetRadioModem
                0x000000000800826a       0x14 ./SubGHz_Phy/stm32_radio_driver/radio_fw.o
                0x000000000800826a                RFW_SetRadioModem
 *fill*         0x000000000800827e        0x2 
 .text.list_new
                0x0000000008008280       0x84 ./protocole/src/list.o
                0x0000000008008280                list_new
 .text.list_insert
                0x0000000008008304       0x50 ./protocole/src/list.o
                0x0000000008008304                list_insert
 .text.list_search
                0x0000000008008354       0x4e ./protocole/src/list.o
                0x0000000008008354                list_search
 *fill*         0x00000000080083a2        0x2 
 .text.list_remove
                0x00000000080083a4       0x44 ./protocole/src/list.o
                0x00000000080083a4                list_remove
 .text.list_push_back
                0x00000000080083e8       0x26 ./protocole/src/list.o
                0x00000000080083e8                list_push_back
 *fill*         0x000000000800840e        0x2 
 .text.list_head
                0x0000000008008410       0x50 ./protocole/src/list.o
                0x0000000008008410                list_head
 .text.list_index
                0x0000000008008460       0x84 ./protocole/src/list.o
                0x0000000008008460                list_index
 .text.list_size
                0x00000000080084e4       0x28 ./protocole/src/list.o
                0x00000000080084e4                list_size
 .text.list_end
                0x000000000800850c       0x28 ./protocole/src/list.o
                0x000000000800850c                list_end
 .text.list_default_compare
                0x0000000008008534       0x26 ./protocole/src/list.o
 *fill*         0x000000000800855a        0x2 
 .text.list_node_new
                0x000000000800855c       0x60 ./protocole/src/list.o
                0x000000000800855c                list_node_new
 .text.list_node_link
                0x00000000080085bc       0x5c ./protocole/src/list.o
                0x00000000080085bc                list_node_link
 .text.list_node_unlink
                0x0000000008008618       0x3a ./protocole/src/list.o
                0x0000000008008618                list_node_unlink
 .text.list_debug
                0x0000000008008652       0x12 ./protocole/src/list.o
 .text.find_packet_by_Id
                0x0000000008008664       0x2e ./protocole/src/ll.o
                0x0000000008008664                find_packet_by_Id
 .text.rx_find_by_id
                0x0000000008008692       0x2e ./protocole/src/ll.o
                0x0000000008008692                rx_find_by_id
 .text.ll_init  0x00000000080086c0       0x5c ./protocole/src/ll.o
                0x00000000080086c0                ll_init
 .text.ll_send_packet
                0x000000000800871c       0x88 ./protocole/src/ll.o
 .text.ll_send_ASK
                0x00000000080087a4       0x2a ./protocole/src/ll.o
                0x00000000080087a4                ll_send_ASK
 .text.ll_send_NANK
                0x00000000080087ce       0x2a ./protocole/src/ll.o
                0x00000000080087ce                ll_send_NANK
 .text.ll_send_to
                0x00000000080087f8       0x32 ./protocole/src/ll.o
                0x00000000080087f8                ll_send_to
 *fill*         0x000000000800882a        0x2 
 .text.ll_transmit
                0x000000000800882c      0x150 ./protocole/src/ll.o
                0x000000000800882c                ll_transmit
 .text.ll_receive
                0x000000000800897c       0xec ./protocole/src/ll.o
                0x000000000800897c                ll_receive
 .text.ll_process_received
                0x0000000008008a68      0x198 ./protocole/src/ll.o
                0x0000000008008a68                ll_process_received
 .text.ll_get_recv_from
                0x0000000008008c00       0xc8 ./protocole/src/ll.o
                0x0000000008008c00                ll_get_recv_from
 .text.ll_process
                0x0000000008008cc8       0x40 ./protocole/src/ll.o
                0x0000000008008cc8                ll_process
 .text.ll_set_transmition_done
                0x0000000008008d08       0x18 ./protocole/src/ll.o
                0x0000000008008d08                ll_set_transmition_done
 .text.packet   0x0000000008008d20       0x56 ./protocole/src/packet.o
                0x0000000008008d20                packet
 .text.packet_set_src
                0x0000000008008d76       0x1c ./protocole/src/packet.o
                0x0000000008008d76                packet_set_src
 .text.packet_set_dest
                0x0000000008008d92       0x1c ./protocole/src/packet.o
                0x0000000008008d92                packet_set_dest
 .text.packet_set_type
                0x0000000008008dae       0x1c ./protocole/src/packet.o
                0x0000000008008dae                packet_set_type
 .text.packet_set_payload
                0x0000000008008dca       0x4c ./protocole/src/packet.o
                0x0000000008008dca                packet_set_payload
 .text.packet_set_id
                0x0000000008008e16       0x1c ./protocole/src/packet.o
                0x0000000008008e16                packet_set_id
 .text.packet_serialize
                0x0000000008008e32       0xb8 ./protocole/src/packet.o
                0x0000000008008e32                packet_serialize
 *fill*         0x0000000008008eea        0x2 
 .text.packet_desirialize
                0x0000000008008eec       0xac ./protocole/src/packet.o
                0x0000000008008eec                packet_desirialize
 .text.check_sum
                0x0000000008008f98       0x92 ./protocole/src/packet.o
                0x0000000008008f98                check_sum
 .text.packet_get_size
                0x000000000800902a       0x18 ./protocole/src/packet.o
                0x000000000800902a                packet_get_size
 .text.atof     0x0000000008009042        0x6 c:/st/stm32cubeide_1.7.0/stm32cubeide/plugins/com.st.stm32cube.ide.mcu.externaltools.gnu-tools-for-stm32.9-2020-q2-update.win32_2.0.0.202105311346/tools/bin/../lib/gcc/arm-none-eabi/9.3.1/../../../../arm-none-eabi/lib/thumb/v7e-m/nofp\libc_nano.a(lib_a-atof.o)
                0x0000000008009042                atof
 .text.atoi     0x0000000008009048        0x8 c:/st/stm32cubeide_1.7.0/stm32cubeide/plugins/com.st.stm32cube.ide.mcu.externaltools.gnu-tools-for-stm32.9-2020-q2-update.win32_2.0.0.202105311346/tools/bin/../lib/gcc/arm-none-eabi/9.3.1/../../../../arm-none-eabi/lib/thumb/v7e-m/nofp\libc_nano.a(lib_a-atoi.o)
                0x0000000008009048                atoi
 .text.__errno  0x0000000008009050        0xc c:/st/stm32cubeide_1.7.0/stm32cubeide/plugins/com.st.stm32cube.ide.mcu.externaltools.gnu-tools-for-stm32.9-2020-q2-update.win32_2.0.0.202105311346/tools/bin/../lib/gcc/arm-none-eabi/9.3.1/../../../../arm-none-eabi/lib/thumb/v7e-m/nofp\libc_nano.a(lib_a-errno.o)
                0x0000000008009050                __errno
 .text.__libc_init_array
                0x000000000800905c       0x48 c:/st/stm32cubeide_1.7.0/stm32cubeide/plugins/com.st.stm32cube.ide.mcu.externaltools.gnu-tools-for-stm32.9-2020-q2-update.win32_2.0.0.202105311346/tools/bin/../lib/gcc/arm-none-eabi/9.3.1/../../../../arm-none-eabi/lib/thumb/v7e-m/nofp\libc_nano.a(lib_a-init.o)
                0x000000000800905c                __libc_init_array
 .text.malloc   0x00000000080090a4       0x10 c:/st/stm32cubeide_1.7.0/stm32cubeide/plugins/com.st.stm32cube.ide.mcu.externaltools.gnu-tools-for-stm32.9-2020-q2-update.win32_2.0.0.202105311346/tools/bin/../lib/gcc/arm-none-eabi/9.3.1/../../../../arm-none-eabi/lib/thumb/v7e-m/nofp\libc_nano.a(lib_a-malloc.o)
                0x00000000080090a4                malloc
 .text.free     0x00000000080090b4       0x10 c:/st/stm32cubeide_1.7.0/stm32cubeide/plugins/com.st.stm32cube.ide.mcu.externaltools.gnu-tools-for-stm32.9-2020-q2-update.win32_2.0.0.202105311346/tools/bin/../lib/gcc/arm-none-eabi/9.3.1/../../../../arm-none-eabi/lib/thumb/v7e-m/nofp\libc_nano.a(lib_a-malloc.o)
                0x00000000080090b4                free
 .text.memcpy   0x00000000080090c4       0x1c c:/st/stm32cubeide_1.7.0/stm32cubeide/plugins/com.st.stm32cube.ide.mcu.externaltools.gnu-tools-for-stm32.9-2020-q2-update.win32_2.0.0.202105311346/tools/bin/../lib/gcc/arm-none-eabi/9.3.1/../../../../arm-none-eabi/lib/thumb/v7e-m/nofp\libc_nano.a(lib_a-memcpy-stub.o)
                0x00000000080090c4                memcpy
 .text.memset   0x00000000080090e0       0x10 c:/st/stm32cubeide_1.7.0/stm32cubeide/plugins/com.st.stm32cube.ide.mcu.externaltools.gnu-tools-for-stm32.9-2020-q2-update.win32_2.0.0.202105311346/tools/bin/../lib/gcc/arm-none-eabi/9.3.1/../../../../arm-none-eabi/lib/thumb/v7e-m/nofp\libc_nano.a(lib_a-memset.o)
                0x00000000080090e0                memset
 .text._free_r  0x00000000080090f0       0x9c c:/st/stm32cubeide_1.7.0/stm32cubeide/plugins/com.st.stm32cube.ide.mcu.externaltools.gnu-tools-for-stm32.9-2020-q2-update.win32_2.0.0.202105311346/tools/bin/../lib/gcc/arm-none-eabi/9.3.1/../../../../arm-none-eabi/lib/thumb/v7e-m/nofp\libc_nano.a(lib_a-nano-freer.o)
                0x00000000080090f0                _free_r
 .text._malloc_r
                0x000000000800918c       0xb4 c:/st/stm32cubeide_1.7.0/stm32cubeide/plugins/com.st.stm32cube.ide.mcu.externaltools.gnu-tools-for-stm32.9-2020-q2-update.win32_2.0.0.202105311346/tools/bin/../lib/gcc/arm-none-eabi/9.3.1/../../../../arm-none-eabi/lib/thumb/v7e-m/nofp\libc_nano.a(lib_a-nano-mallocr.o)
                0x000000000800918c                _malloc_r
 .text.__cvt    0x0000000008009240       0xc0 c:/st/stm32cubeide_1.7.0/stm32cubeide/plugins/com.st.stm32cube.ide.mcu.externaltools.gnu-tools-for-stm32.9-2020-q2-update.win32_2.0.0.202105311346/tools/bin/../lib/gcc/arm-none-eabi/9.3.1/../../../../arm-none-eabi/lib/thumb/v7e-m/nofp\libc_nano.a(lib_a-nano-vfprintf_float.o)
                0x0000000008009240                __cvt
 .text.__exponent
                0x0000000008009300       0x7c c:/st/stm32cubeide_1.7.0/stm32cubeide/plugins/com.st.stm32cube.ide.mcu.externaltools.gnu-tools-for-stm32.9-2020-q2-update.win32_2.0.0.202105311346/tools/bin/../lib/gcc/arm-none-eabi/9.3.1/../../../../arm-none-eabi/lib/thumb/v7e-m/nofp\libc_nano.a(lib_a-nano-vfprintf_float.o)
                0x0000000008009300                __exponent
 .text._printf_float
                0x000000000800937c      0x454 c:/st/stm32cubeide_1.7.0/stm32cubeide/plugins/com.st.stm32cube.ide.mcu.externaltools.gnu-tools-for-stm32.9-2020-q2-update.win32_2.0.0.202105311346/tools/bin/../lib/gcc/arm-none-eabi/9.3.1/../../../../arm-none-eabi/lib/thumb/v7e-m/nofp\libc_nano.a(lib_a-nano-vfprintf_float.o)
                0x000000000800937c                _printf_float
 .text._printf_common
                0x00000000080097d0       0xda c:/st/stm32cubeide_1.7.0/stm32cubeide/plugins/com.st.stm32cube.ide.mcu.externaltools.gnu-tools-for-stm32.9-2020-q2-update.win32_2.0.0.202105311346/tools/bin/../lib/gcc/arm-none-eabi/9.3.1/../../../../arm-none-eabi/lib/thumb/v7e-m/nofp\libc_nano.a(lib_a-nano-vfprintf_i.o)
                0x00000000080097d0                _printf_common
 *fill*         0x00000000080098aa        0x2 
 .text._printf_i
                0x00000000080098ac      0x24c c:/st/stm32cubeide_1.7.0/stm32cubeide/plugins/com.st.stm32cube.ide.mcu.externaltools.gnu-tools-for-stm32.9-2020-q2-update.win32_2.0.0.202105311346/tools/bin/../lib/gcc/arm-none-eabi/9.3.1/../../../../arm-none-eabi/lib/thumb/v7e-m/nofp\libc_nano.a(lib_a-nano-vfprintf_i.o)
                0x00000000080098ac                _printf_i
 .text._perror_r
                0x0000000008009af8      0x134 c:/st/stm32cubeide_1.7.0/stm32cubeide/plugins/com.st.stm32cube.ide.mcu.externaltools.gnu-tools-for-stm32.9-2020-q2-update.win32_2.0.0.202105311346/tools/bin/../lib/gcc/arm-none-eabi/9.3.1/../../../../arm-none-eabi/lib/thumb/v7e-m/nofp\libc_nano.a(lib_a-perror.o)
                0x0000000008009af8                _perror_r
 .text.perror   0x0000000008009c2c       0x10 c:/st/stm32cubeide_1.7.0/stm32cubeide/plugins/com.st.stm32cube.ide.mcu.externaltools.gnu-tools-for-stm32.9-2020-q2-update.win32_2.0.0.202105311346/tools/bin/../lib/gcc/arm-none-eabi/9.3.1/../../../../arm-none-eabi/lib/thumb/v7e-m/nofp\libc_nano.a(lib_a-perror.o)
                0x0000000008009c2c                perror
 .text.printf   0x0000000008009c3c       0x30 c:/st/stm32cubeide_1.7.0/stm32cubeide/plugins/com.st.stm32cube.ide.mcu.externaltools.gnu-tools-for-stm32.9-2020-q2-update.win32_2.0.0.202105311346/tools/bin/../lib/gcc/arm-none-eabi/9.3.1/../../../../arm-none-eabi/lib/thumb/v7e-m/nofp\libc_nano.a(lib_a-printf.o)
                0x0000000008009c3c                iprintf
                0x0000000008009c3c                printf
 .text._puts_r  0x0000000008009c6c       0xdc c:/st/stm32cubeide_1.7.0/stm32cubeide/plugins/com.st.stm32cube.ide.mcu.externaltools.gnu-tools-for-stm32.9-2020-q2-update.win32_2.0.0.202105311346/tools/bin/../lib/gcc/arm-none-eabi/9.3.1/../../../../arm-none-eabi/lib/thumb/v7e-m/nofp\libc_nano.a(lib_a-puts.o)
                0x0000000008009c6c                _puts_r
 .text.puts     0x0000000008009d48       0x10 c:/st/stm32cubeide_1.7.0/stm32cubeide/plugins/com.st.stm32cube.ide.mcu.externaltools.gnu-tools-for-stm32.9-2020-q2-update.win32_2.0.0.202105311346/tools/bin/../lib/gcc/arm-none-eabi/9.3.1/../../../../arm-none-eabi/lib/thumb/v7e-m/nofp\libc_nano.a(lib_a-puts.o)
                0x0000000008009d48                puts
 .text._sbrk_r  0x0000000008009d58       0x20 c:/st/stm32cubeide_1.7.0/stm32cubeide/plugins/com.st.stm32cube.ide.mcu.externaltools.gnu-tools-for-stm32.9-2020-q2-update.win32_2.0.0.202105311346/tools/bin/../lib/gcc/arm-none-eabi/9.3.1/../../../../arm-none-eabi/lib/thumb/v7e-m/nofp\libc_nano.a(lib_a-sbrkr.o)
                0x0000000008009d58                _sbrk_r
 .text.sprintf  0x0000000008009d78       0x40 c:/st/stm32cubeide_1.7.0/stm32cubeide/plugins/com.st.stm32cube.ide.mcu.externaltools.gnu-tools-for-stm32.9-2020-q2-update.win32_2.0.0.202105311346/tools/bin/../lib/gcc/arm-none-eabi/9.3.1/../../../../arm-none-eabi/lib/thumb/v7e-m/nofp\libc_nano.a(lib_a-sprintf.o)
                0x0000000008009d78                siprintf
                0x0000000008009d78                sprintf
 .text._strerror_r
                0x0000000008009db8      0x3cc c:/st/stm32cubeide_1.7.0/stm32cubeide/plugins/com.st.stm32cube.ide.mcu.externaltools.gnu-tools-for-stm32.9-2020-q2-update.win32_2.0.0.202105311346/tools/bin/../lib/gcc/arm-none-eabi/9.3.1/../../../../arm-none-eabi/lib/thumb/v7e-m/nofp\libc_nano.a(lib_a-strerror.o)
                0x0000000008009db8                _strerror_r
 .text.strncmp  0x000000000800a184       0x24 c:/st/stm32cubeide_1.7.0/stm32cubeide/plugins/com.st.stm32cube.ide.mcu.externaltools.gnu-tools-for-stm32.9-2020-q2-update.win32_2.0.0.202105311346/tools/bin/../lib/gcc/arm-none-eabi/9.3.1/../../../../arm-none-eabi/lib/thumb/v7e-m/nofp\libc_nano.a(lib_a-strncmp.o)
                0x000000000800a184                strncmp
 .text.strstr   0x000000000800a1a8       0x2e c:/st/stm32cubeide_1.7.0/stm32cubeide/plugins/com.st.stm32cube.ide.mcu.externaltools.gnu-tools-for-stm32.9-2020-q2-update.win32_2.0.0.202105311346/tools/bin/../lib/gcc/arm-none-eabi/9.3.1/../../../../arm-none-eabi/lib/thumb/v7e-m/nofp\libc_nano.a(lib_a-strstr.o)
                0x000000000800a1a8                strstr
 .text.sulp     0x000000000800a1d6       0x42 c:/st/stm32cubeide_1.7.0/stm32cubeide/plugins/com.st.stm32cube.ide.mcu.externaltools.gnu-tools-for-stm32.9-2020-q2-update.win32_2.0.0.202105311346/tools/bin/../lib/gcc/arm-none-eabi/9.3.1/../../../../arm-none-eabi/lib/thumb/v7e-m/nofp\libc_nano.a(lib_a-strtod.o)
 .text._strtod_l
                0x000000000800a218      0xbe8 c:/st/stm32cubeide_1.7.0/stm32cubeide/plugins/com.st.stm32cube.ide.mcu.externaltools.gnu-tools-for-stm32.9-2020-q2-update.win32_2.0.0.202105311346/tools/bin/../lib/gcc/arm-none-eabi/9.3.1/../../../../arm-none-eabi/lib/thumb/v7e-m/nofp\libc_nano.a(lib_a-strtod.o)
                0x000000000800a218                _strtod_l
 .text.strtod   0x000000000800ae00       0x18 c:/st/stm32cubeide_1.7.0/stm32cubeide/plugins/com.st.stm32cube.ide.mcu.externaltools.gnu-tools-for-stm32.9-2020-q2-update.win32_2.0.0.202105311346/tools/bin/../lib/gcc/arm-none-eabi/9.3.1/../../../../arm-none-eabi/lib/thumb/v7e-m/nofp\libc_nano.a(lib_a-strtod.o)
                0x000000000800ae00                strtod
 .text._strtol_l.isra.0
                0x000000000800ae18      0x10c c:/st/stm32cubeide_1.7.0/stm32cubeide/plugins/com.st.stm32cube.ide.mcu.externaltools.gnu-tools-for-stm32.9-2020-q2-update.win32_2.0.0.202105311346/tools/bin/../lib/gcc/arm-none-eabi/9.3.1/../../../../arm-none-eabi/lib/thumb/v7e-m/nofp\libc_nano.a(lib_a-strtol.o)
 .text.strtol   0x000000000800af24       0x14 c:/st/stm32cubeide_1.7.0/stm32cubeide/plugins/com.st.stm32cube.ide.mcu.externaltools.gnu-tools-for-stm32.9-2020-q2-update.win32_2.0.0.202105311346/tools/bin/../lib/gcc/arm-none-eabi/9.3.1/../../../../arm-none-eabi/lib/thumb/v7e-m/nofp\libc_nano.a(lib_a-strtol.o)
                0x000000000800af24                strtol
 .text._user_strerror
                0x000000000800af38        0x4 c:/st/stm32cubeide_1.7.0/stm32cubeide/plugins/com.st.stm32cube.ide.mcu.externaltools.gnu-tools-for-stm32.9-2020-q2-update.win32_2.0.0.202105311346/tools/bin/../lib/gcc/arm-none-eabi/9.3.1/../../../../arm-none-eabi/lib/thumb/v7e-m/nofp\libc_nano.a(lib_a-u_strerr.o)
                0x000000000800af38                _user_strerror
 .text.__swbuf_r
                0x000000000800af3c       0xa4 c:/st/stm32cubeide_1.7.0/stm32cubeide/plugins/com.st.stm32cube.ide.mcu.externaltools.gnu-tools-for-stm32.9-2020-q2-update.win32_2.0.0.202105311346/tools/bin/../lib/gcc/arm-none-eabi/9.3.1/../../../../arm-none-eabi/lib/thumb/v7e-m/nofp\libc_nano.a(lib_a-wbuf.o)
                0x000000000800af3c                __swbuf_r
 .text._write_r
                0x000000000800afe0       0x24 c:/st/stm32cubeide_1.7.0/stm32cubeide/plugins/com.st.stm32cube.ide.mcu.externaltools.gnu-tools-for-stm32.9-2020-q2-update.win32_2.0.0.202105311346/tools/bin/../lib/gcc/arm-none-eabi/9.3.1/../../../../arm-none-eabi/lib/thumb/v7e-m/nofp\libc_nano.a(lib_a-writer.o)
                0x000000000800afe0                _write_r
 .text.__swsetup_r
                0x000000000800b004       0xdc c:/st/stm32cubeide_1.7.0/stm32cubeide/plugins/com.st.stm32cube.ide.mcu.externaltools.gnu-tools-for-stm32.9-2020-q2-update.win32_2.0.0.202105311346/tools/bin/../lib/gcc/arm-none-eabi/9.3.1/../../../../arm-none-eabi/lib/thumb/v7e-m/nofp\libc_nano.a(lib_a-wsetup.o)
                0x000000000800b004                __swsetup_r
 .text.quorem   0x000000000800b0e0      0x116 c:/st/stm32cubeide_1.7.0/stm32cubeide/plugins/com.st.stm32cube.ide.mcu.externaltools.gnu-tools-for-stm32.9-2020-q2-update.win32_2.0.0.202105311346/tools/bin/../lib/gcc/arm-none-eabi/9.3.1/../../../../arm-none-eabi/lib/thumb/v7e-m/nofp\libc_nano.a(lib_a-dtoa.o)
 *fill*         0x000000000800b1f6        0x2 
 .text._dtoa_r  0x000000000800b1f8      0xbdc c:/st/stm32cubeide_1.7.0/stm32cubeide/plugins/com.st.stm32cube.ide.mcu.externaltools.gnu-tools-for-stm32.9-2020-q2-update.win32_2.0.0.202105311346/tools/bin/../lib/gcc/arm-none-eabi/9.3.1/../../../../arm-none-eabi/lib/thumb/v7e-m/nofp\libc_nano.a(lib_a-dtoa.o)
                0x000000000800b1f8                _dtoa_r
 .text.__sflush_r
                0x000000000800bdd4      0x10c c:/st/stm32cubeide_1.7.0/stm32cubeide/plugins/com.st.stm32cube.ide.mcu.externaltools.gnu-tools-for-stm32.9-2020-q2-update.win32_2.0.0.202105311346/tools/bin/../lib/gcc/arm-none-eabi/9.3.1/../../../../arm-none-eabi/lib/thumb/v7e-m/nofp\libc_nano.a(lib_a-fflush.o)
                0x000000000800bdd4                __sflush_r
 .text._fflush_r
                0x000000000800bee0       0x78 c:/st/stm32cubeide_1.7.0/stm32cubeide/plugins/com.st.stm32cube.ide.mcu.externaltools.gnu-tools-for-stm32.9-2020-q2-update.win32_2.0.0.202105311346/tools/bin/../lib/gcc/arm-none-eabi/9.3.1/../../../../arm-none-eabi/lib/thumb/v7e-m/nofp\libc_nano.a(lib_a-fflush.o)
                0x000000000800bee0                _fflush_r
 .text.fileno   0x000000000800bf58       0x7c c:/st/stm32cubeide_1.7.0/stm32cubeide/plugins/com.st.stm32cube.ide.mcu.externaltools.gnu-tools-for-stm32.9-2020-q2-update.win32_2.0.0.202105311346/tools/bin/../lib/gcc/arm-none-eabi/9.3.1/../../../../arm-none-eabi/lib/thumb/v7e-m/nofp\libc_nano.a(lib_a-fileno.o)
                0x000000000800bf58                fileno
 .text.std      0x000000000800bfd4       0x48 c:/st/stm32cubeide_1.7.0/stm32cubeide/plugins/com.st.stm32cube.ide.mcu.externaltools.gnu-tools-for-stm32.9-2020-q2-update.win32_2.0.0.202105311346/tools/bin/../lib/gcc/arm-none-eabi/9.3.1/../../../../arm-none-eabi/lib/thumb/v7e-m/nofp\libc_nano.a(lib_a-findfp.o)
 .text._cleanup_r
                0x000000000800c01c        0xc c:/st/stm32cubeide_1.7.0/stm32cubeide/plugins/com.st.stm32cube.ide.mcu.externaltools.gnu-tools-for-stm32.9-2020-q2-update.win32_2.0.0.202105311346/tools/bin/../lib/gcc/arm-none-eabi/9.3.1/../../../../arm-none-eabi/lib/thumb/v7e-m/nofp\libc_nano.a(lib_a-findfp.o)
                0x000000000800c01c                _cleanup_r
 .text.__sfmoreglue
                0x000000000800c028       0x2c c:/st/stm32cubeide_1.7.0/stm32cubeide/plugins/com.st.stm32cube.ide.mcu.externaltools.gnu-tools-for-stm32.9-2020-q2-update.win32_2.0.0.202105311346/tools/bin/../lib/gcc/arm-none-eabi/9.3.1/../../../../arm-none-eabi/lib/thumb/v7e-m/nofp\libc_nano.a(lib_a-findfp.o)
                0x000000000800c028                __sfmoreglue
 .text.__sfp_lock_acquire
                0x000000000800c054        0xc c:/st/stm32cubeide_1.7.0/stm32cubeide/plugins/com.st.stm32cube.ide.mcu.externaltools.gnu-tools-for-stm32.9-2020-q2-update.win32_2.0.0.202105311346/tools/bin/../lib/gcc/arm-none-eabi/9.3.1/../../../../arm-none-eabi/lib/thumb/v7e-m/nofp\libc_nano.a(lib_a-findfp.o)
                0x000000000800c054                __sfp_lock_acquire
 .text.__sfp_lock_release
                0x000000000800c060        0xc c:/st/stm32cubeide_1.7.0/stm32cubeide/plugins/com.st.stm32cube.ide.mcu.externaltools.gnu-tools-for-stm32.9-2020-q2-update.win32_2.0.0.202105311346/tools/bin/../lib/gcc/arm-none-eabi/9.3.1/../../../../arm-none-eabi/lib/thumb/v7e-m/nofp\libc_nano.a(lib_a-findfp.o)
                0x000000000800c060                __sfp_lock_release
 .text.__sinit_lock_acquire
                0x000000000800c06c        0xc c:/st/stm32cubeide_1.7.0/stm32cubeide/plugins/com.st.stm32cube.ide.mcu.externaltools.gnu-tools-for-stm32.9-2020-q2-update.win32_2.0.0.202105311346/tools/bin/../lib/gcc/arm-none-eabi/9.3.1/../../../../arm-none-eabi/lib/thumb/v7e-m/nofp\libc_nano.a(lib_a-findfp.o)
                0x000000000800c06c                __sinit_lock_acquire
 .text.__sinit_lock_release
                0x000000000800c078        0xc c:/st/stm32cubeide_1.7.0/stm32cubeide/plugins/com.st.stm32cube.ide.mcu.externaltools.gnu-tools-for-stm32.9-2020-q2-update.win32_2.0.0.202105311346/tools/bin/../lib/gcc/arm-none-eabi/9.3.1/../../../../arm-none-eabi/lib/thumb/v7e-m/nofp\libc_nano.a(lib_a-findfp.o)
                0x000000000800c078                __sinit_lock_release
 .text.__sinit  0x000000000800c084       0x70 c:/st/stm32cubeide_1.7.0/stm32cubeide/plugins/com.st.stm32cube.ide.mcu.externaltools.gnu-tools-for-stm32.9-2020-q2-update.win32_2.0.0.202105311346/tools/bin/../lib/gcc/arm-none-eabi/9.3.1/../../../../arm-none-eabi/lib/thumb/v7e-m/nofp\libc_nano.a(lib_a-findfp.o)
                0x000000000800c084                __sinit
 .text.__sfp    0x000000000800c0f4       0x8c c:/st/stm32cubeide_1.7.0/stm32cubeide/plugins/com.st.stm32cube.ide.mcu.externaltools.gnu-tools-for-stm32.9-2020-q2-update.win32_2.0.0.202105311346/tools/bin/../lib/gcc/arm-none-eabi/9.3.1/../../../../arm-none-eabi/lib/thumb/v7e-m/nofp\libc_nano.a(lib_a-findfp.o)
                0x000000000800c0f4                __sfp
 .text._fwalk_reent
                0x000000000800c180       0x3e c:/st/stm32cubeide_1.7.0/stm32cubeide/plugins/com.st.stm32cube.ide.mcu.externaltools.gnu-tools-for-stm32.9-2020-q2-update.win32_2.0.0.202105311346/tools/bin/../lib/gcc/arm-none-eabi/9.3.1/../../../../arm-none-eabi/lib/thumb/v7e-m/nofp\libc_nano.a(lib_a-fwalk.o)
                0x000000000800c180                _fwalk_reent
 .text.rshift   0x000000000800c1be       0xa4 c:/st/stm32cubeide_1.7.0/stm32cubeide/plugins/com.st.stm32cube.ide.mcu.externaltools.gnu-tools-for-stm32.9-2020-q2-update.win32_2.0.0.202105311346/tools/bin/../lib/gcc/arm-none-eabi/9.3.1/../../../../arm-none-eabi/lib/thumb/v7e-m/nofp\libc_nano.a(lib_a-gdtoa-gethex.o)
 .text.__hexdig_fun
                0x000000000800c262       0x2a c:/st/stm32cubeide_1.7.0/stm32cubeide/plugins/com.st.stm32cube.ide.mcu.externaltools.gnu-tools-for-stm32.9-2020-q2-update.win32_2.0.0.202105311346/tools/bin/../lib/gcc/arm-none-eabi/9.3.1/../../../../arm-none-eabi/lib/thumb/v7e-m/nofp\libc_nano.a(lib_a-gdtoa-gethex.o)
                0x000000000800c262                __hexdig_fun
 .text.__gethex
                0x000000000800c28c      0x474 c:/st/stm32cubeide_1.7.0/stm32cubeide/plugins/com.st.stm32cube.ide.mcu.externaltools.gnu-tools-for-stm32.9-2020-q2-update.win32_2.0.0.202105311346/tools/bin/../lib/gcc/arm-none-eabi/9.3.1/../../../../arm-none-eabi/lib/thumb/v7e-m/nofp\libc_nano.a(lib_a-gdtoa-gethex.o)
                0x000000000800c28c                __gethex
 .text.L_shift  0x000000000800c700       0x24 c:/st/stm32cubeide_1.7.0/stm32cubeide/plugins/com.st.stm32cube.ide.mcu.externaltools.gnu-tools-for-stm32.9-2020-q2-update.win32_2.0.0.202105311346/tools/bin/../lib/gcc/arm-none-eabi/9.3.1/../../../../arm-none-eabi/lib/thumb/v7e-m/nofp\libc_nano.a(lib_a-gdtoa-hexnan.o)
 .text.__match  0x000000000800c724       0x28 c:/st/stm32cubeide_1.7.0/stm32cubeide/plugins/com.st.stm32cube.ide.mcu.externaltools.gnu-tools-for-stm32.9-2020-q2-update.win32_2.0.0.202105311346/tools/bin/../lib/gcc/arm-none-eabi/9.3.1/../../../../arm-none-eabi/lib/thumb/v7e-m/nofp\libc_nano.a(lib_a-gdtoa-hexnan.o)
                0x000000000800c724                __match
 .text.__hexnan
                0x000000000800c74c      0x138 c:/st/stm32cubeide_1.7.0/stm32cubeide/plugins/com.st.stm32cube.ide.mcu.externaltools.gnu-tools-for-stm32.9-2020-q2-update.win32_2.0.0.202105311346/tools/bin/../lib/gcc/arm-none-eabi/9.3.1/../../../../arm-none-eabi/lib/thumb/v7e-m/nofp\libc_nano.a(lib_a-gdtoa-hexnan.o)
                0x000000000800c74c                __hexnan
 .text._localeconv_r
                0x000000000800c884        0x8 c:/st/stm32cubeide_1.7.0/stm32cubeide/plugins/com.st.stm32cube.ide.mcu.externaltools.gnu-tools-for-stm32.9-2020-q2-update.win32_2.0.0.202105311346/tools/bin/../lib/gcc/arm-none-eabi/9.3.1/../../../../arm-none-eabi/lib/thumb/v7e-m/nofp\libc_nano.a(lib_a-localeconv.o)
                0x000000000800c884                _localeconv_r
 .text.__retarget_lock_init_recursive
                0x000000000800c88c        0x2 c:/st/stm32cubeide_1.7.0/stm32cubeide/plugins/com.st.stm32cube.ide.mcu.externaltools.gnu-tools-for-stm32.9-2020-q2-update.win32_2.0.0.202105311346/tools/bin/../lib/gcc/arm-none-eabi/9.3.1/../../../../arm-none-eabi/lib/thumb/v7e-m/nofp\libc_nano.a(lib_a-lock.o)
                0x000000000800c88c                __retarget_lock_init_recursive
 .text.__retarget_lock_acquire_recursive
                0x000000000800c88e        0x2 c:/st/stm32cubeide_1.7.0/stm32cubeide/plugins/com.st.stm32cube.ide.mcu.externaltools.gnu-tools-for-stm32.9-2020-q2-update.win32_2.0.0.202105311346/tools/bin/../lib/gcc/arm-none-eabi/9.3.1/../../../../arm-none-eabi/lib/thumb/v7e-m/nofp\libc_nano.a(lib_a-lock.o)
                0x000000000800c88e                __retarget_lock_acquire_recursive
 .text.__retarget_lock_release_recursive
                0x000000000800c890        0x2 c:/st/stm32cubeide_1.7.0/stm32cubeide/plugins/com.st.stm32cube.ide.mcu.externaltools.gnu-tools-for-stm32.9-2020-q2-update.win32_2.0.0.202105311346/tools/bin/../lib/gcc/arm-none-eabi/9.3.1/../../../../arm-none-eabi/lib/thumb/v7e-m/nofp\libc_nano.a(lib_a-lock.o)
                0x000000000800c890                __retarget_lock_release_recursive
 .text.__swhatbuf_r