Archive member included to satisfy reference by file (symbol)

c:/st/stm32cubeide_1.7.0/stm32cubeide/plugins/com.st.stm32cube.ide.mcu.externaltools.gnu-tools-for-stm32.9-2020-q2-update.win32_2.0.0.202105311346/tools/bin/../lib/gcc/arm-none-eabi/9.3.1/../../../../arm-none-eabi/lib/thumb/v7e-m/nofp\libc_nano.a(lib_a-atof.o)
                              ./Core/Src/main.o (atof)
c:/st/stm32cubeide_1.7.0/stm32cubeide/plugins/com.st.stm32cube.ide.mcu.externaltools.gnu-tools-for-stm32.9-2020-q2-update.win32_2.0.0.202105311346/tools/bin/../lib/gcc/arm-none-eabi/9.3.1/../../../../arm-none-eabi/lib/thumb/v7e-m/nofp\libc_nano.a(lib_a-atoi.o)
                              ./Core/Src/main.o (atoi)
c:/st/stm32cubeide_1.7.0/stm32cubeide/plugins/com.st.stm32cube.ide.mcu.externaltools.gnu-tools-for-stm32.9-2020-q2-update.win32_2.0.0.202105311346/tools/bin/../lib/gcc/arm-none-eabi/9.3.1/../../../../arm-none-eabi/lib/thumb/v7e-m/nofp\libc_nano.a(lib_a-errno.o)
                              ./Core/Src/syscalls.o (__errno)
c:/st/stm32cubeide_1.7.0/stm32cubeide/plugins/com.st.stm32cube.ide.mcu.externaltools.gnu-tools-for-stm32.9-2020-q2-update.win32_2.0.0.202105311346/tools/bin/../lib/gcc/arm-none-eabi/9.3.1/../../../../arm-none-eabi/lib/thumb/v7e-m/nofp\libc_nano.a(lib_a-exit.o)
                              c:/st/stm32cubeide_1.7.0/stm32cubeide/plugins/com.st.stm32cube.ide.mcu.externaltools.gnu-tools-for-stm32.9-2020-q2-update.win32_2.0.0.202105311346/tools/bin/../lib/gcc/arm-none-eabi/9.3.1/../../../../arm-none-eabi/lib/thumb/v7e-m/nofp/crt0.o (exit)
c:/st/stm32cubeide_1.7.0/stm32cubeide/plugins/com.st.stm32cube.ide.mcu.externaltools.gnu-tools-for-stm32.9-2020-q2-update.win32_2.0.0.202105311346/tools/bin/../lib/gcc/arm-none-eabi/9.3.1/../../../../arm-none-eabi/lib/thumb/v7e-m/nofp\libc_nano.a(lib_a-impure.o)
                              c:/st/stm32cubeide_1.7.0/stm32cubeide/plugins/com.st.stm32cube.ide.mcu.externaltools.gnu-tools-for-stm32.9-2020-q2-update.win32_2.0.0.202105311346/tools/bin/../lib/gcc/arm-none-eabi/9.3.1/../../../../arm-none-eabi/lib/thumb/v7e-m/nofp\libc_nano.a(lib_a-exit.o) (_global_impure_ptr)
c:/st/stm32cubeide_1.7.0/stm32cubeide/plugins/com.st.stm32cube.ide.mcu.externaltools.gnu-tools-for-stm32.9-2020-q2-update.win32_2.0.0.202105311346/tools/bin/../lib/gcc/arm-none-eabi/9.3.1/../../../../arm-none-eabi/lib/thumb/v7e-m/nofp\libc_nano.a(lib_a-init.o)
                              c:/st/stm32cubeide_1.7.0/stm32cubeide/plugins/com.st.stm32cube.ide.mcu.externaltools.gnu-tools-for-stm32.9-2020-q2-update.win32_2.0.0.202105311346/tools/bin/../lib/gcc/arm-none-eabi/9.3.1/../../../../arm-none-eabi/lib/thumb/v7e-m/nofp/crt0.o (__libc_init_array)
c:/st/stm32cubeide_1.7.0/stm32cubeide/plugins/com.st.stm32cube.ide.mcu.externaltools.gnu-tools-for-stm32.9-2020-q2-update.win32_2.0.0.202105311346/tools/bin/../lib/gcc/arm-none-eabi/9.3.1/../../../../arm-none-eabi/lib/thumb/v7e-m/nofp\libc_nano.a(lib_a-malloc.o)
                              ./Core/Src/config.o (malloc)
c:/st/stm32cubeide_1.7.0/stm32cubeide/plugins/com.st.stm32cube.ide.mcu.externaltools.gnu-tools-for-stm32.9-2020-q2-update.win32_2.0.0.202105311346/tools/bin/../lib/gcc/arm-none-eabi/9.3.1/../../../../arm-none-eabi/lib/thumb/v7e-m/nofp\libc_nano.a(lib_a-memcpy-stub.o)
                              ./Core/Src/config.o (memcpy)
c:/st/stm32cubeide_1.7.0/stm32cubeide/plugins/com.st.stm32cube.ide.mcu.externaltools.gnu-tools-for-stm32.9-2020-q2-update.win32_2.0.0.202105311346/tools/bin/../lib/gcc/arm-none-eabi/9.3.1/../../../../arm-none-eabi/lib/thumb/v7e-m/nofp\libc_nano.a(lib_a-memset.o)
                              c:/st/stm32cubeide_1.7.0/stm32cubeide/plugins/com.st.stm32cube.ide.mcu.externaltools.gnu-tools-for-stm32.9-2020-q2-update.win32_2.0.0.202105311346/tools/bin/../lib/gcc/arm-none-eabi/9.3.1/../../../../arm-none-eabi/lib/thumb/v7e-m/nofp/crt0.o (memset)
c:/st/stm32cubeide_1.7.0/stm32cubeide/plugins/com.st.stm32cube.ide.mcu.externaltools.gnu-tools-for-stm32.9-2020-q2-update.win32_2.0.0.202105311346/tools/bin/../lib/gcc/arm-none-eabi/9.3.1/../../../../arm-none-eabi/lib/thumb/v7e-m/nofp\libc_nano.a(lib_a-nano-freer.o)
                              c:/st/stm32cubeide_1.7.0/stm32cubeide/plugins/com.st.stm32cube.ide.mcu.externaltools.gnu-tools-for-stm32.9-2020-q2-update.win32_2.0.0.202105311346/tools/bin/../lib/gcc/arm-none-eabi/9.3.1/../../../../arm-none-eabi/lib/thumb/v7e-m/nofp\libc_nano.a(lib_a-malloc.o) (_free_r)
c:/st/stm32cubeide_1.7.0/stm32cubeide/plugins/com.st.stm32cube.ide.mcu.externaltools.gnu-tools-for-stm32.9-2020-q2-update.win32_2.0.0.202105311346/tools/bin/../lib/gcc/arm-none-eabi/9.3.1/../../../../arm-none-eabi/lib/thumb/v7e-m/nofp\libc_nano.a(lib_a-nano-mallocr.o)
[...]
Memory Configuration

Name             Origin             Length             Attributes
RAM1             0x0000000020000000 0x0000000000008000 xrw
RAM2             0x0000000020008000 0x0000000000008000 xrw
FLASH            0x0000000008000000 0x0000000000040000 xr
*default*        0x0000000000000000 0xffffffffffffffff

Linker script and memory map

LOAD c:/st/stm32cubeide_1.7.0/stm32cubeide/plugins/com.st.stm32cube.ide.mcu.externaltools.gnu-tools-for-stm32.9-2020-q2-update.win32_2.0.0.202105311346/tools/bin/../lib/gcc/arm-none-eabi/9.3.1/thumb/v7e-m/nofp/crti.o
LOAD c:/st/stm32cubeide_1.7.0/stm32cubeide/plugins/com.st.stm32cube.ide.mcu.externaltools.gnu-tools-for-stm32.9-2020-q2-update.win32_2.0.0.202105311346/tools/bin/../lib/gcc/arm-none-eabi/9.3.1/thumb/v7e-m/nofp/crtbegin.o
LOAD c:/st/stm32cubeide_1.7.0/stm32cubeide/plugins/com.st.stm32cube.ide.mcu.externaltools.gnu-tools-for-stm32.9-2020-q2-update.win32_2.0.0.202105311346/tools/bin/../lib/gcc/arm-none-eabi/9.3.1/../../../../arm-none-eabi/lib/thumb/v7e-m/nofp/crt0.o
LOAD ./Core/Src/config.o
LOAD ./Core/Src/main.o
LOAD ./Core/Src/radio_board_if.o
LOAD ./Core/Src/ring.o
LOAD ./Core/Src/stm32wlxx_hal_msp.o
LOAD ./Core/Src/stm32wlxx_it.o
LOAD ./Core/Src/subghz.o
LOAD ./Core/Src/subghz_phy_app.o
LOAD ./Core/Src/syscalls.o
LOAD ./Core/Src/sysmem.o
LOAD ./Core/Src/system_stm32wlxx.o
LOAD ./Core/Src/uart_driver.o
LOAD ./Core/Startup/startup_stm32wle5jcix.o
LOAD ./Drivers/BSP/STM32WLxx_Nucleo/stm32wlxx_nucleo.o
LOAD ./Drivers/BSP/STM32WLxx_Nucleo/stm32wlxx_nucleo_radio.o
LOAD ./Drivers/STM32WLxx_HAL_Driver/Src/stm32wlxx_hal.o
LOAD ./Drivers/STM32WLxx_HAL_Driver/Src/stm32wlxx_hal_cortex.o
LOAD ./Drivers/STM32WLxx_HAL_Driver/Src/stm32wlxx_hal_dma.o
LOAD ./Drivers/STM32WLxx_HAL_Driver/Src/stm32wlxx_hal_dma_ex.o
LOAD ./Drivers/STM32WLxx_HAL_Driver/Src/stm32wlxx_hal_exti.o
LOAD ./Drivers/STM32WLxx_HAL_Driver/Src/stm32wlxx_hal_flash.o
LOAD ./Drivers/STM32WLxx_HAL_Driver/Src/stm32wlxx_hal_flash_ex.o
LOAD ./Drivers/STM32WLxx_HAL_Driver/Src/stm32wlxx_hal_gpio.o
LOAD ./Drivers/STM32WLxx_HAL_Driver/Src/stm32wlxx_hal_pwr.o
LOAD ./Drivers/STM32WLxx_HAL_Driver/Src/stm32wlxx_hal_pwr_ex.o
LOAD ./Drivers/STM32WLxx_HAL_Driver/Src/stm32wlxx_hal_rcc.o
LOAD ./Drivers/STM32WLxx_HAL_Driver/Src/stm32wlxx_hal_rcc_ex.o
LOAD ./Drivers/STM32WLxx_HAL_Driver/Src/stm32wlxx_hal_subghz.o
LOAD ./Drivers/STM32WLxx_HAL_Driver/Src/stm32wlxx_hal_tim.o
LOAD ./Drivers/STM32WLxx_HAL_Driver/Src/stm32wlxx_hal_tim_ex.o
LOAD ./Drivers/STM32WLxx_HAL_Driver/Src/stm32wlxx_hal_uart.o
LOAD ./Drivers/STM32WLxx_HAL_Driver/Src/stm32wlxx_hal_uart_ex.o
LOAD ./Drivers/STM32WLxx_HAL_Driver/Src/stm32wlxx_ll_gpio.o
LOAD ./Drivers/STM32WLxx_HAL_Driver/Src/stm32wlxx_ll_spi.o
LOAD ./SubGHz_Phy/stm32_radio_driver/radio.o
LOAD ./SubGHz_Phy/stm32_radio_driver/radio_driver.o
LOAD ./SubGHz_Phy/stm32_radio_driver/radio_fw.o
LOAD ./protocole/src/list.o
LOAD ./protocole/src/ll.o
LOAD ./protocole/src/packet.o
START GROUP
LOAD c:/st/stm32cubeide_1.7.0/stm32cubeide/plugins/com.st.stm32cube.ide.mcu.externaltools.gnu-tools-for-stm32.9-2020-q2-update.win32_2.0.0.202105311346/tools/bin/../lib/gcc/arm-none-eabi/9.3.1/../../../../arm-none-eabi/lib/thumb/v7e-m/nofp\libc_nano.a
LOAD c:/st/stm32cubeide_1.7.0/stm32cubeide/plugins/com.st.stm32cube.ide.mcu.externaltools.gnu-tools-for-stm32.9-2020-q2-update.win32_2.0.0.202105311346/tools/bin/../lib/gcc/arm-none-eabi/9.3.1/../../../../arm-none-eabi/lib/thumb/v7e-m/nofp\libm.a
END GROUP
START GROUP
LOAD c:/st/stm32cubeide_1.7.0/stm32cubeide/plugins/com.st.stm32cube.ide.mcu.externaltools.gnu-tools-for-stm32.9-2020-q2-update.win32_2.0.0.202105311346/tools/bin/../lib/gcc/arm-none-eabi/9.3.1/thumb/v7e-m/nofp\libgcc.a
LOAD c:/st/stm32cubeide_1.7.0/stm32cubeide/plugins/com.st.stm32cube.ide.mcu.externaltools.gnu-tools-for-stm32.9-2020-q2-update.win32_2.0.0.202105311346/tools/bin/../lib/gcc/arm-none-eabi/9.3.1/../../../../arm-none-eabi/lib/thumb/v7e-m/nofp\libc_nano.a
END GROUP
START GROUP
LOAD c:/st/stm32cubeide_1.7.0/stm32cubeide/plugins/com.st.stm32cube.ide.mcu.externaltools.gnu-tools-for-stm32.9-2020-q2-update.win32_2.0.0.202105311346/tools/bin/../lib/gcc/arm-none-eabi/9.3.1/thumb/v7e-m/nofp\libgcc.a
LOAD c:/st/stm32cubeide_1.7.0/stm32cubeide/plugins/com.st.stm32cube.ide.mcu.externaltools.gnu-tools-for-stm32.9-2020-q2-update.win32_2.0.0.202105311346/tools/bin/../lib/gcc/arm-none-eabi/9.3.1/../../../../arm-none-eabi/lib/thumb/v7e-m/nofp\libc_nano.a
LOAD c:/st/stm32cubeide_1.7.0/stm32cubeide/plugins/com.st.stm32cube.ide.mcu.externaltools.gnu-tools-for-stm32.9-2020-q2-update.win32_2.0.0.202105311346/tools/bin/../lib/gcc/arm-none-eabi/9.3.1/../../../../arm-none-eabi/lib/thumb/v7e-m/nofp\libnosys.a
END GROUP
START GROUP
LOAD c:/st/stm32cubeide_1.7.0/stm32cubeide/plugins/com.st.stm32cube.ide.mcu.externaltools.gnu-tools-for-stm32.9-2020-q2-update.win32_2.0.0.202105311346/tools/bin/../lib/gcc/arm-none-eabi/9.3.1/thumb/v7e-m/nofp\libgcc.a
LOAD c:/st/stm32cubeide_1.7.0/stm32cubeide/plugins/com.st.stm32cube.ide.mcu.externaltools.gnu-tools-for-stm32.9-2020-q2-update.win32_2.0.0.202105311346/tools/bin/../lib/gcc/arm-none-eabi/9.3.1/../../../../arm-none-eabi/lib/thumb/v7e-m/nofp\libc_nano.a
LOAD c:/st/stm32cubeide_1.7.0/stm32cubeide/plugins/com.st.stm32cube.ide.mcu.externaltools.gnu-tools-for-stm32.9-2020-q2-update.win32_2.0.0.202105311346/tools/bin/../lib/gcc/arm-none-eabi/9.3.1/../../../../arm-none-eabi/lib/thumb/v7e-m/nofp\libnosys.a
END GROUP
LOAD c:/st/stm32cubeide_1.7.0/stm32cubeide/plugins/com.st.stm32cube.ide.mcu.externaltools.gnu-tools-for-stm32.9-2020-q2-update.win32_2.0.0.202105311346/tools/bin/../lib/gcc/arm-none-eabi/9.3.1/thumb/v7e-m/nofp/crtend.o
LOAD c:/st/stm32cubeide_1.7.0/stm32cubeide/plugins/com.st.stm32cube.ide.mcu.externaltools.gnu-tools-for-stm32.9-2020-q2-update.win32_2.0.0.202105311346/tools/bin/../lib/gcc/arm-none-eabi/9.3.1/thumb/v7e-m/nofp/crtn.o
                0x0000000020008000                _estack = (ORIGIN (RAM1) + LENGTH (RAM1))
                0x0000000000000200                _Min_Heap_Size = 0x200
                0x0000000000000400                _Min_Stack_Size = 0x400

.isr_vector     0x0000000008000000      0x138
                0x0000000008000000                . = ALIGN (0x4)
 *(.isr_vector)
 .isr_vector    0x0000000008000000      0x138 ./Core/Startup/startup_stm32wle5jcix.o
                0x0000000008000000                g_pfnVectors
                0x0000000008000138                . = ALIGN (0x4)

.text           0x0000000008000140     0xe3e8
                0x0000000008000140                . = ALIGN (0x4)
 *(.text)
 .text          0x0000000008000140       0x40 c:/st/stm32cubeide_1.7.0/stm32cubeide/plugins/com.st.stm32cube.ide.mcu.externaltools.gnu-tools-for-stm32.9-2020-q2-update.win32_2.0.0.202105311346/tools/bin/../lib/gcc/arm-none-eabi/9.3.1/thumb/v7e-m/nofp/crtbegin.o
 .text          0x0000000008000180       0x14 c:/st/stm32cubeide_1.7.0/stm32cubeide/plugins/com.st.stm32cube.ide.mcu.externaltools.gnu-tools-for-stm32.9-2020-q2-update.win32_2.0.0.202105311346/tools/bin/../lib/gcc/arm-none-eabi/9.3.1/../../../../arm-none-eabi/lib/thumb/v7e-m/nofp\libc_nano.a(lib_a-strcmp.o)
                0x0000000008000180                strcmp
 .text          0x0000000008000194       0x10 c:/st/stm32cubeide_1.7.0/stm32cubeide/plugins/com.st.stm32cube.ide.mcu.externaltools.gnu-tools-for-stm32.9-2020-q2-update.win32_2.0.0.202105311346/tools/bin/../lib/gcc/arm-none-eabi/9.3.1/../../../../arm-none-eabi/lib/thumb/v7e-m/nofp\libc_nano.a(lib_a-strlen.o)
                0x0000000008000194                strlen
 *fill*         0x00000000080001a4        0xc 
 .text          0x00000000080001b0       0xa0 c:/st/stm32cubeide_1.7.0/stm32cubeide/plugins/com.st.stm32cube.ide.mcu.externaltools.gnu-tools-for-stm32.9-2020-q2-update.win32_2.0.0.202105311346/tools/bin/../lib/gcc/arm-none-eabi/9.3.1/../../../../arm-none-eabi/lib/thumb/v7e-m/nofp\libc_nano.a(lib_a-memchr.o)
                0x00000000080001b0                memchr
 .text          0x0000000008000250      0x378 c:/st/stm32cubeide_1.7.0/stm32cubeide/plugins/com.st.stm32cube.ide.mcu.externaltools.gnu-tools-for-stm32.9-2020-q2-update.win32_2.0.0.202105311346/tools/bin/../lib/gcc/arm-none-eabi/9.3.1/thumb/v7e-m/nofp\libgcc.a(_arm_addsubdf3.o)
                0x0000000008000250                __aeabi_drsub
                0x0000000008000258                __aeabi_dsub
                0x0000000008000258                __subdf3
                0x000000000800025c                __aeabi_dadd
                0x000000000800025c                __adddf3
                0x00000000080004d4                __floatunsidf
                0x00000000080004d4                __aeabi_ui2d
                0x00000000080004f4                __floatsidf
                0x00000000080004f4                __aeabi_i2d
                0x0000000008000518                __aeabi_f2d
                0x0000000008000518                __extendsfdf2
                0x000000000800055c                __floatundidf
                0x000000000800055c                __aeabi_ul2d
                0x000000000800056c                __floatdidf
                0x000000000800056c                __aeabi_l2d
 .text          0x00000000080005c8      0x424 c:/st/stm32cubeide_1.7.0/stm32cubeide/plugins/com.st.stm32cube.ide.mcu.externaltools.gnu-tools-for-stm32.9-2020-q2-update.win32_2.0.0.202105311346/tools/bin/../lib/gcc/arm-none-eabi/9.3.1/thumb/v7e-m/nofp\libgcc.a(_arm_muldivdf3.o)
                0x00000000080005c8                __aeabi_dmul
                0x00000000080005c8                __muldf3
                0x000000000800081c                __divdf3
                0x000000000800081c                __aeabi_ddiv
 .text          0x00000000080009ec      0x110 c:/st/stm32cubeide_1.7.0/stm32cubeide/plugins/com.st.stm32cube.ide.mcu.externaltools.gnu-tools-for-stm32.9-2020-q2-update.win32_2.0.0.202105311346/tools/bin/../lib/gcc/arm-none-eabi/9.3.1/thumb/v7e-m/nofp\libgcc.a(_arm_cmpdf2.o)
                0x00000000080009ec                __gtdf2
                0x00000000080009ec                __gedf2
                0x00000000080009f4                __ltdf2
                0x00000000080009f4                __ledf2
                0x00000000080009fc                __nedf2
                0x00000000080009fc                __eqdf2
                0x00000000080009fc                __cmpdf2
                0x0000000008000a78                __aeabi_cdrcmple
                0x0000000008000a88                __aeabi_cdcmpeq
                0x0000000008000a88                __aeabi_cdcmple
                0x0000000008000a98                __aeabi_dcmpeq
                0x0000000008000aac                __aeabi_dcmplt
                0x0000000008000ac0                __aeabi_dcmple
                0x0000000008000ad4                __aeabi_dcmpge
                0x0000000008000ae8                __aeabi_dcmpgt
 .text          0x0000000008000afc       0x2c c:/st/stm32cubeide_1.7.0/stm32cubeide/plugins/com.st.stm32cube.ide.mcu.externaltools.gnu-tools-for-stm32.9-2020-q2-update.win32_2.0.0.202105311346/tools/bin/../lib/gcc/arm-none-eabi/9.3.1/thumb/v7e-m/nofp\libgcc.a(_arm_unorddf2.o)
                0x0000000008000afc                __unorddf2
                0x0000000008000afc                __aeabi_dcmpun
 .text          0x0000000008000b28       0x50 c:/st/stm32cubeide_1.7.0/stm32cubeide/plugins/com.st.stm32cube.ide.mcu.externaltools.gnu-tools-for-stm32.9-2020-q2-update.win32_2.0.0.202105311346/tools/bin/../lib/gcc/arm-none-eabi/9.3.1/thumb/v7e-m/nofp\libgcc.a(_arm_fixdfsi.o)
                0x0000000008000b28                __aeabi_d2iz
                0x0000000008000b28                __fixdfsi
 .text          0x0000000008000b78       0x40 c:/st/stm32cubeide_1.7.0/stm32cubeide/plugins/com.st.stm32cube.ide.mcu.externaltools.gnu-tools-for-stm32.9-2020-q2-update.win32_2.0.0.202105311346/tools/bin/../lib/gcc/arm-none-eabi/9.3.1/thumb/v7e-m/nofp\libgcc.a(_arm_fixunsdfsi.o)
                0x0000000008000b78                __aeabi_d2uiz
                0x0000000008000b78                __fixunsdfsi
 .text          0x0000000008000bb8       0xa0 c:/st/stm32cubeide_1.7.0/stm32cubeide/plugins/com.st.stm32cube.ide.mcu.externaltools.gnu-tools-for-stm32.9-2020-q2-update.win32_2.0.0.202105311346/tools/bin/../lib/gcc/arm-none-eabi/9.3.1/thumb/v7e-m/nofp\libgcc.a(_arm_truncdfsf2.o)
                0x0000000008000bb8                __truncdfsf2
                0x0000000008000bb8                __aeabi_d2f
 .text          0x0000000008000c58      0x21c c:/st/stm32cubeide_1.7.0/stm32cubeide/plugins/com.st.stm32cube.ide.mcu.externaltools.gnu-tools-for-stm32.9-2020-q2-update.win32_2.0.0.202105311346/tools/bin/../lib/gcc/arm-none-eabi/9.3.1/thumb/v7e-m/nofp\libgcc.a(_arm_addsubsf3.o)
                0x0000000008000c58                __aeabi_frsub
                0x0000000008000c60                __subsf3
                0x0000000008000c60                __aeabi_fsub
                0x0000000008000c64                __aeabi_fadd
                0x0000000008000c64                __addsf3
                0x0000000008000dc4                __aeabi_ui2f
                0x0000000008000dc4                __floatunsisf
                0x0000000008000dcc                __aeabi_i2f
                0x0000000008000dcc                __floatsisf
                0x0000000008000de8                __aeabi_ul2f
                0x0000000008000de8                __floatundisf
                0x0000000008000df8                __aeabi_l2f
                0x0000000008000df8                __floatdisf
 .text          0x0000000008000e74       0xec c:/st/stm32cubeide_1.7.0/stm32cubeide/plugins/com.st.stm32cube.ide.mcu.externaltools.gnu-tools-for-stm32.9-2020-q2-update.win32_2.0.0.202105311346/tools/bin/../lib/gcc/arm-none-eabi/9.3.1/thumb/v7e-m/nofp\libgcc.a(_arm_cmpsf2.o)
                0x0000000008000e74                __gesf2
                0x0000000008000e74                __gtsf2
                0x0000000008000e7c                __lesf2
                0x0000000008000e7c                __ltsf2
                0x0000000008000e84                __nesf2
                0x0000000008000e84                __eqsf2
                0x0000000008000e84                __cmpsf2
                0x0000000008000ee4                __aeabi_cfrcmple
                0x0000000008000eec                __aeabi_cfcmpeq
                0x0000000008000eec                __aeabi_cfcmple
                0x0000000008000efc                __aeabi_fcmpeq
                0x0000000008000f10                __aeabi_fcmplt
                0x0000000008000f24                __aeabi_fcmple
                0x0000000008000f38                __aeabi_fcmpge
                0x0000000008000f4c                __aeabi_fcmpgt
 .text          0x0000000008000f60       0x30 c:/st/stm32cubeide_1.7.0/stm32cubeide/plugins/com.st.stm32cube.ide.mcu.externaltools.gnu-tools-for-stm32.9-2020-q2-update.win32_2.0.0.202105311346/tools/bin/../lib/gcc/arm-none-eabi/9.3.1/thumb/v7e-m/nofp\libgcc.a(_aeabi_uldivmod.o)
                0x0000000008000f60                __aeabi_uldivmod
 .text          0x0000000008000f90       0x34 c:/st/stm32cubeide_1.7.0/stm32cubeide/plugins/com.st.stm32cube.ide.mcu.externaltools.gnu-tools-for-stm32.9-2020-q2-update.win32_2.0.0.202105311346/tools/bin/../lib/gcc/arm-none-eabi/9.3.1/thumb/v7e-m/nofp\libgcc.a(_fixdfdi.o)
                0x0000000008000f90                __fixdfdi
                0x0000000008000f90                __aeabi_d2lz
 .text          0x0000000008000fc4       0x3c c:/st/stm32cubeide_1.7.0/stm32cubeide/plugins/com.st.stm32cube.ide.mcu.externaltools.gnu-tools-for-stm32.9-2020-q2-update.win32_2.0.0.202105311346/tools/bin/../lib/gcc/arm-none-eabi/9.3.1/thumb/v7e-m/nofp\libgcc.a(_fixunsdfdi.o)
                0x0000000008000fc4                __fixunsdfdi
                0x0000000008000fc4                __aeabi_d2ulz
 .text          0x0000000008001000      0x2c0 c:/st/stm32cubeide_1.7.0/stm32cubeide/plugins/com.st.stm32cube.ide.mcu.externaltools.gnu-tools-for-stm32.9-2020-q2-update.win32_2.0.0.202105311346/tools/bin/../lib/gcc/arm-none-eabi/9.3.1/thumb/v7e-m/nofp\libgcc.a(_udivmoddi4.o)
                0x0000000008001000                __udivmoddi4
 .text          0x00000000080012c0        0x4 c:/st/stm32cubeide_1.7.0/stm32cubeide/plugins/com.st.stm32cube.ide.mcu.externaltools.gnu-tools-for-stm32.9-2020-q2-update.win32_2.0.0.202105311346/tools/bin/../lib/gcc/arm-none-eabi/9.3.1/thumb/v7e-m/nofp\libgcc.a(_dvmd_tls.o)
                0x00000000080012c0                __aeabi_idiv0
                0x00000000080012c0                __aeabi_ldiv0
 *(.text*)
 .text.flash_read_storage
                0x00000000080012c4       0x40 ./Core/Src/config.o
 .text.flash_write_storage
                0x0000000008001304       0xd4 ./Core/Src/config.o
 .text.config_init
                0x00000000080013d8       0x20 ./Core/Src/config.o
                0x00000000080013d8                config_init
 .text.config_save1
                0x00000000080013f8       0x60 ./Core/Src/config.o
                0x00000000080013f8                config_save1
 .text.config_load
                0x0000000008001458       0xb0 ./Core/Src/config.o
                0x0000000008001458                config_load
 .text.__NVIC_EnableIRQ
                0x0000000008001508       0x38 ./Core/Src/main.o
 .text.__NVIC_SetPriority
                0x0000000008001540       0x54 ./Core/Src/main.o
 .text.LL_RCC_LSE_SetDriveCapability
                0x0000000008001594       0x2a ./Core/Src/main.o
 .text.LL_AHB2_GRP1_EnableClock
                0x00000000080015be       0x30 ./Core/Src/main.o
 *fill*         0x00000000080015ee        0x2 
 .text.callBack
                0x00000000080015f0       0x1c ./Core/Src/main.o
                0x00000000080015f0                callBack
 .text.main     0x000000000800160c      0x230 ./Core/Src/main.o
                0x000000000800160c                main
 .text.parse_transmetter_data
                0x000000000800183c       0xb0 ./Core/Src/main.o
                0x000000000800183c                parse_transmetter_data
 .text.get_flow
                0x00000000080018ec       0x28 ./Core/Src/main.o
                0x00000000080018ec                get_flow
 .text.close_vanne
                0x0000000008001914        0xc ./Core/Src/main.o
                0x0000000008001914                close_vanne
 .text.SystemClock_Config
                0x0000000008001920       0xb4 ./Core/Src/main.o
                0x0000000008001920                SystemClock_Config
 .text.MX_USART1_UART_Init
                0x00000000080019d4       0xa8 ./Core/Src/main.o
 .text.MX_GPIO_Init
                0x0000000008001a7c       0x6c ./Core/Src/main.o
 .text.EXTI0_IRQHandler
                0x0000000008001ae8       0x28 ./Core/Src/main.o
                0x0000000008001ae8                EXTI0_IRQHandler
 .text.Error_Handler
                0x0000000008001b10        0xa ./Core/Src/main.o
                0x0000000008001b10                Error_Handler
 .text.sys_get_tick
                0x0000000008001b1a        0xe ./Core/Src/main.o
                0x0000000008001b1a                sys_get_tick
 .text.sys_random
                0x0000000008001b28       0x24 ./Core/Src/main.o
                0x0000000008001b28                sys_random
 .text.__io_getchar
                0x0000000008001b4c       0x24 ./Core/Src/main.o
                0x0000000008001b4c                __io_getchar
 .text.__io_putchar
                0x0000000008001b70       0x24 ./Core/Src/main.o
                0x0000000008001b70                __io_putchar
 .text.RBI_Init
                0x0000000008001b94        0xe ./Core/Src/radio_board_if.o
                0x0000000008001b94                RBI_Init
 .text.RBI_ConfigRFSwitch
                0x0000000008001ba2       0x1c ./Core/Src/radio_board_if.o
                0x0000000008001ba2                RBI_ConfigRFSwitch
 .text.RBI_GetTxConfig
                0x0000000008001bbe        0xe ./Core/Src/radio_board_if.o
                0x0000000008001bbe                RBI_GetTxConfig
 .text.RBI_IsTCXO
                0x0000000008001bcc        0xe ./Core/Src/radio_board_if.o
                0x0000000008001bcc                RBI_IsTCXO
 .text.RBI_IsDCDC
                0x0000000008001bda        0xe ./Core/Src/radio_board_if.o
                0x0000000008001bda                RBI_IsDCDC
 .text.ring_pushOver
                0x0000000008001be8       0x6c ./Core/Src/ring.o
                0x0000000008001be8                ring_pushOver
 .text.LL_AHB2_GRP1_EnableClock
                0x0000000008001c54       0x30 ./Core/Src/stm32wlxx_hal_msp.o
 .text.LL_APB2_GRP1_EnableClock
                0x0000000008001c84       0x30 ./Core/Src/stm32wlxx_hal_msp.o
 .text.HAL_MspInit
                0x0000000008001cb4        0xc ./Core/Src/stm32wlxx_hal_msp.o
                0x0000000008001cb4                HAL_MspInit
 .text.HAL_UART_MspInit
                0x0000000008001cc0       0x9c ./Core/Src/stm32wlxx_hal_msp.o
                0x0000000008001cc0                HAL_UART_MspInit
 .text.NMI_Handler
                0x0000000008001d5c        0x6 ./Core/Src/stm32wlxx_it.o
                0x0000000008001d5c                NMI_Handler
 .text.HardFault_Handler
                0x0000000008001d62        0x6 ./Core/Src/stm32wlxx_it.o
                0x0000000008001d62                HardFault_Handler
 .text.MemManage_Handler
                0x0000000008001d68        0x6 ./Core/Src/stm32wlxx_it.o
                0x0000000008001d68                MemManage_Handler
 .text.BusFault_Handler
                0x0000000008001d6e        0x6 ./Core/Src/stm32wlxx_it.o
                0x0000000008001d6e                BusFault_Handler
 .text.UsageFault_Handler
                0x0000000008001d74        0x6 ./Core/Src/stm32wlxx_it.o
                0x0000000008001d74                UsageFault_Handler
 .text.SVC_Handler
                0x0000000008001d7a        0xc ./Core/Src/stm32wlxx_it.o
                0x0000000008001d7a                SVC_Handler
 .text.DebugMon_Handler
                0x0000000008001d86        0xc ./Core/Src/stm32wlxx_it.o
                0x0000000008001d86                DebugMon_Handler
 .text.PendSV_Handler
                0x0000000008001d92        0xc ./Core/Src/stm32wlxx_it.o
                0x0000000008001d92                PendSV_Handler
 .text.SysTick_Handler
                0x0000000008001d9e        0xc ./Core/Src/stm32wlxx_it.o
                0x0000000008001d9e                SysTick_Handler
 *fill*         0x0000000008001daa        0x2 
 .text.USART1_IRQHandler
                0x0000000008001dac       0x30 ./Core/Src/stm32wlxx_it.o
                0x0000000008001dac                USART1_IRQHandler
 .text.SUBGHZ_Radio_IRQHandler
                0x0000000008001ddc       0x14 ./Core/Src/stm32wlxx_it.o
                0x0000000008001ddc                SUBGHZ_Radio_IRQHandler
 .text.LL_APB3_GRP1_EnableClock
                0x0000000008001df0       0x30 ./Core/Src/subghz.o
 .text.MX_SUBGHZ_Init
                0x0000000008001e20       0x24 ./Core/Src/subghz.o
                0x0000000008001e20                MX_SUBGHZ_Init
 .text.HAL_SUBGHZ_MspInit
                0x0000000008001e44       0x26 ./Core/Src/subghz.o
                0x0000000008001e44                HAL_SUBGHZ_MspInit
 *fill*         0x0000000008001e6a        0x2 
 .text.get_random
                0x0000000008001e6c       0x14 ./Core/Src/subghz_phy_app.o
                0x0000000008001e6c                get_random
 .text.SubghzApp_Init
                0x0000000008001e80      0x140 ./Core/Src/subghz_phy_app.o
                0x0000000008001e80                SubghzApp_Init
 .text.OnTxDone
                0x0000000008001fc0        0xc ./Core/Src/subghz_phy_app.o
 .text.OnRxDone
                0x0000000008001fcc       0x2c ./Core/Src/subghz_phy_app.o
 .text.OnTxTimeout
                0x0000000008001ff8       0x1c ./Core/Src/subghz_phy_app.o
 .text.OnRxTimeout
                0x0000000008002014       0x1c ./Core/Src/subghz_phy_app.o
 .text.OnRxError
                0x0000000008002030       0x1c ./Core/Src/subghz_phy_app.o
 .text._getpid  0x000000000800204c        0xe ./Core/Src/syscalls.o
                0x000000000800204c                _getpid
 .text._kill    0x000000000800205a       0x20 ./Core/Src/syscalls.o
                0x000000000800205a                _kill
 .text._exit    0x000000000800207a       0x14 ./Core/Src/syscalls.o
                0x000000000800207a                _exit
 .text._read    0x000000000800208e       0x3a ./Core/Src/syscalls.o
                0x000000000800208e                _read
 .text._write   0x00000000080020c8       0x38 ./Core/Src/syscalls.o
                0x00000000080020c8                _write
 .text._close   0x0000000008002100       0x16 ./Core/Src/syscalls.o
                0x0000000008002100                _close
 .text._fstat   0x0000000008002116       0x1e ./Core/Src/syscalls.o
                0x0000000008002116                _fstat
 .text._isatty  0x0000000008002134       0x14 ./Core/Src/syscalls.o
                0x0000000008002134                _isatty
 .text._lseek   0x0000000008002148       0x18 ./Core/Src/syscalls.o
                0x0000000008002148                _lseek
 .text._sbrk    0x0000000008002160       0x6c ./Core/Src/sysmem.o
                0x0000000008002160                _sbrk
 .text.SystemInit
                0x00000000080021cc        0xc ./Core/Src/system_stm32wlxx.o
                0x00000000080021cc                SystemInit
 .text.set_NL_detection
                0x00000000080021d8       0x18 ./Core/Src/uart_driver.o
                0x00000000080021d8                set_NL_detection
 .text.uart_RX_interrupt_hanlder
                0x00000000080021f0       0x2c ./Core/Src/uart_driver.o
                0x00000000080021f0                uart_RX_interrupt_hanlder
 .text.Reset_Handler
                0x000000000800221c       0x50 ./Core/Startup/startup_stm32wle5jcix.o
                0x000000000800221c                Reset_Handler
 .text.Default_Handler
                0x000000000800226c        0x2 ./Core/Startup/startup_stm32wle5jcix.o
                0x000000000800226c                RTC_Alarm_IRQHandler
                0x000000000800226c                EXTI2_IRQHandler
                0x000000000800226c                TIM1_CC_IRQHandler
                0x000000000800226c                EXTI3_IRQHandler
                0x000000000800226c                LPTIM2_IRQHandler
                0x000000000800226c                I2C3_ER_IRQHandler
                0x000000000800226c                LPTIM3_IRQHandler
                0x000000000800226c                I2C2_EV_IRQHandler
                0x000000000800226c                TAMP_STAMP_LSECSS_SSRU_IRQHandler
                0x000000000800226c                SPI1_IRQHandler
                0x000000000800226c                DMA2_Channel2_IRQHandler
                0x000000000800226c                DMA1_Channel4_IRQHandler
                0x000000000800226c                PKA_IRQHandler
                0x000000000800226c                TIM17_IRQHandler
                0x000000000800226c                DMA1_Channel7_IRQHandler
                0x000000000800226c                SUBGHZSPI_IRQHandler
                0x000000000800226c                DMA2_Channel1_IRQHandler
                0x000000000800226c                I2C1_EV_IRQHandler
                0x000000000800226c                DMAMUX1_OVR_IRQHandler
                0x000000000800226c                DMA1_Channel6_IRQHandler
                0x000000000800226c                TIM16_IRQHandler
                0x000000000800226c                DMA2_Channel4_IRQHandler
                0x000000000800226c                RCC_IRQHandler
                0x000000000800226c                TIM1_TRG_COM_IRQHandler
                0x000000000800226c                DMA1_Channel1_IRQHandler
                0x000000000800226c                Default_Handler
                0x000000000800226c                DMA2_Channel7_IRQHandler
                0x000000000800226c                EXTI15_10_IRQHandler
                0x000000000800226c                ADC_IRQHandler
                0x000000000800226c                I2C3_EV_IRQHandler
                0x000000000800226c                EXTI9_5_IRQHandler
                0x000000000800226c                RTC_WKUP_IRQHandler
                0x000000000800226c                PVD_PVM_IRQHandler
                0x000000000800226c                SPI2_IRQHandler
                0x000000000800226c                DMA2_Channel5_IRQHandler
                0x000000000800226c                DMA1_Channel5_IRQHandler
                0x000000000800226c                EXTI4_IRQHandler
                0x000000000800226c                RNG_IRQHandler
                0x000000000800226c                DMA1_Channel3_IRQHandler
                0x000000000800226c                COMP_IRQHandler
                0x000000000800226c                HSEM_IRQHandler
                0x000000000800226c                TIM1_UP_IRQHandler
                0x000000000800226c                WWDG_IRQHandler
                0x000000000800226c                LPUART1_IRQHandler
                0x000000000800226c                DMA2_Channel6_IRQHandler
                0x000000000800226c                TIM2_IRQHandler
                0x000000000800226c                TIM1_BRK_IRQHandler
                0x000000000800226c                DAC_IRQHandler
                0x000000000800226c                EXTI1_IRQHandler
                0x000000000800226c                AES_IRQHandler
                0x000000000800226c                USART2_IRQHandler
                0x000000000800226c                I2C2_ER_IRQHandler
                0x000000000800226c                DMA1_Channel2_IRQHandler
                0x000000000800226c                FLASH_IRQHandler
                0x000000000800226c                I2C1_ER_IRQHandler
                0x000000000800226c                LPTIM1_IRQHandler
                0x000000000800226c                DMA2_Channel3_IRQHandler
 .text.LL_AHB2_GRP1_EnableClock
                0x000000000800226e       0x30 ./Drivers/BSP/STM32WLxx_Nucleo/stm32wlxx_nucleo_radio.o
 *fill*         0x000000000800229e        0x2 
 .text.BSP_RADIO_Init
                0x00000000080022a0       0x7c ./Drivers/BSP/STM32WLxx_Nucleo/stm32wlxx_nucleo_radio.o
                0x00000000080022a0                BSP_RADIO_Init
 .text.BSP_RADIO_ConfigRFSwitch
                0x000000000800231c       0xb8 ./Drivers/BSP/STM32WLxx_Nucleo/stm32wlxx_nucleo_radio.o
                0x000000000800231c                BSP_RADIO_ConfigRFSwitch
 .text.BSP_RADIO_GetTxConfig
                0x00000000080023d4        0xe ./Drivers/BSP/STM32WLxx_Nucleo/stm32wlxx_nucleo_radio.o
                0x00000000080023d4                BSP_RADIO_GetTxConfig
 .text.BSP_RADIO_IsTCXO
                0x00000000080023e2        0xe ./Drivers/BSP/STM32WLxx_Nucleo/stm32wlxx_nucleo_radio.o
                0x00000000080023e2                BSP_RADIO_IsTCXO
 .text.BSP_RADIO_IsDCDC
                0x00000000080023f0        0xe ./Drivers/BSP/STM32WLxx_Nucleo/stm32wlxx_nucleo_radio.o
                0x00000000080023f0                BSP_RADIO_IsDCDC
 *fill*         0x00000000080023fe        0x2 
 .text.HAL_Init
                0x0000000008002400       0x40 ./Drivers/STM32WLxx_HAL_Driver/Src/stm32wlxx_hal.o
                0x0000000008002400                HAL_Init
 .text.HAL_InitTick
                0x0000000008002440       0x74 ./Drivers/STM32WLxx_HAL_Driver/Src/stm32wlxx_hal.o
                0x0000000008002440                HAL_InitTick
 .text.HAL_IncTick
                0x00000000080024b4       0x24 ./Drivers/STM32WLxx_HAL_Driver/Src/stm32wlxx_hal.o
                0x00000000080024b4                HAL_IncTick
 .text.HAL_GetTick
                0x00000000080024d8       0x14 ./Drivers/STM32WLxx_HAL_Driver/Src/stm32wlxx_hal.o
                0x00000000080024d8                HAL_GetTick
 .text.HAL_Delay
                0x00000000080024ec       0x48 ./Drivers/STM32WLxx_HAL_Driver/Src/stm32wlxx_hal.o
                0x00000000080024ec                HAL_Delay
 .text.__NVIC_SetPriorityGrouping
                0x0000000008002534       0x48 ./Drivers/STM32WLxx_HAL_Driver/Src/stm32wlxx_hal_cortex.o
 .text.__NVIC_GetPriorityGrouping
                0x000000000800257c       0x1c ./Drivers/STM32WLxx_HAL_Driver/Src/stm32wlxx_hal_cortex.o
 .text.__NVIC_EnableIRQ
                0x0000000008002598       0x38 ./Drivers/STM32WLxx_HAL_Driver/Src/stm32wlxx_hal_cortex.o
 .text.__NVIC_SetPriority
                0x00000000080025d0       0x54 ./Drivers/STM32WLxx_HAL_Driver/Src/stm32wlxx_hal_cortex.o
 .text.NVIC_EncodePriority
                0x0000000008002624       0x64 ./Drivers/STM32WLxx_HAL_Driver/Src/stm32wlxx_hal_cortex.o
 .text.SysTick_Config
                0x0000000008002688       0x44 ./Drivers/STM32WLxx_HAL_Driver/Src/stm32wlxx_hal_cortex.o
 .text.HAL_NVIC_SetPriorityGrouping
                0x00000000080026cc       0x16 ./Drivers/STM32WLxx_HAL_Driver/Src/stm32wlxx_hal_cortex.o
                0x00000000080026cc                HAL_NVIC_SetPriorityGrouping
 .text.HAL_NVIC_SetPriority
                0x00000000080026e2       0x34 ./Drivers/STM32WLxx_HAL_Driver/Src/stm32wlxx_hal_cortex.o
                0x00000000080026e2                HAL_NVIC_SetPriority
 .text.HAL_NVIC_EnableIRQ
                0x0000000008002716       0x1c ./Drivers/STM32WLxx_HAL_Driver/Src/stm32wlxx_hal_cortex.o
                0x0000000008002716                HAL_NVIC_EnableIRQ
 .text.HAL_SYSTICK_Config
                0x0000000008002732       0x18 ./Drivers/STM32WLxx_HAL_Driver/Src/stm32wlxx_hal_cortex.o
                0x0000000008002732                HAL_SYSTICK_Config
 *fill*         0x000000000800274a        0x2 
 .text.HAL_EXTI_SetConfigLine
                0x000000000800274c      0x19c ./Drivers/STM32WLxx_HAL_Driver/Src/stm32wlxx_hal_exti.o
                0x000000000800274c                HAL_EXTI_SetConfigLine
 .text.HAL_FLASH_Program
                0x00000000080028e8       0x88 ./Drivers/STM32WLxx_HAL_Driver/Src/stm32wlxx_hal_flash.o
                0x00000000080028e8                HAL_FLASH_Program
 .text.HAL_FLASH_Unlock
                0x0000000008002970       0x44 ./Drivers/STM32WLxx_HAL_Driver/Src/stm32wlxx_hal_flash.o
                0x0000000008002970                HAL_FLASH_Unlock
 .text.FLASH_WaitForLastOperation
                0x00000000080029b4       0xc4 ./Drivers/STM32WLxx_HAL_Driver/Src/stm32wlxx_hal_flash.o
                0x00000000080029b4                FLASH_WaitForLastOperation
 .text.FLASH_Program_DoubleWord
                0x0000000008002a78       0x4c ./Drivers/STM32WLxx_HAL_Driver/Src/stm32wlxx_hal_flash.o
 .text.FLASH_Program_Fast
                0x0000000008002ac4       0x7c ./Drivers/STM32WLxx_HAL_Driver/Src/stm32wlxx_hal_flash.o
 .text.HAL_FLASHEx_Erase
                0x0000000008002b40       0xb0 ./Drivers/STM32WLxx_HAL_Driver/Src/stm32wlxx_hal_flash_ex.o
                0x0000000008002b40                HAL_FLASHEx_Erase
 .text.FLASH_MassErase
                0x0000000008002bf0       0x20 ./Drivers/STM32WLxx_HAL_Driver/Src/stm32wlxx_hal_flash_ex.o
 .text.FLASH_PageErase
                0x0000000008002c10       0x30 ./Drivers/STM32WLxx_HAL_Driver/Src/stm32wlxx_hal_flash_ex.o
                0x0000000008002c10                FLASH_PageErase
 .text.FLASH_FlushCaches
                0x0000000008002c40       0x88 ./Drivers/STM32WLxx_HAL_Driver/Src/stm32wlxx_hal_flash_ex.o
 .text.FLASH_AcknowledgePageErase
                0x0000000008002cc8       0x20 ./Drivers/STM32WLxx_HAL_Driver/Src/stm32wlxx_hal_flash_ex.o
 .text.HAL_GPIO_Init
                0x0000000008002ce8      0x2c0 ./Drivers/STM32WLxx_HAL_Driver/Src/stm32wlxx_hal_gpio.o
                0x0000000008002ce8                HAL_GPIO_Init
 .text.HAL_GPIO_WritePin
                0x0000000008002fa8       0x2e ./Drivers/STM32WLxx_HAL_Driver/Src/stm32wlxx_hal_gpio.o
                0x0000000008002fa8                HAL_GPIO_WritePin
 *fill*         0x0000000008002fd6        0x2 
 .text.HAL_GPIO_EXTI_IRQHandler
                0x0000000008002fd8       0x30 ./Drivers/STM32WLxx_HAL_Driver/Src/stm32wlxx_hal_gpio.o
                0x0000000008002fd8                HAL_GPIO_EXTI_IRQHandler
 .text.HAL_GPIO_EXTI_Callback
                0x0000000008003008       0x14 ./Drivers/STM32WLxx_HAL_Driver/Src/stm32wlxx_hal_gpio.o
                0x0000000008003008                HAL_GPIO_EXTI_Callback
 .text.HAL_PWR_EnableBkUpAccess
                0x000000000800301c       0x1c ./Drivers/STM32WLxx_HAL_Driver/Src/stm32wlxx_hal_pwr.o
                0x000000000800301c                HAL_PWR_EnableBkUpAccess
 .text.HAL_PWREx_GetVoltageRange
                0x0000000008003038       0x18 ./Drivers/STM32WLxx_HAL_Driver/Src/stm32wlxx_hal_pwr_ex.o
                0x0000000008003038                HAL_PWREx_GetVoltageRange
 .text.LL_PWR_IsEnabledBkUpAccess
                0x0000000008003050       0x24 ./Drivers/STM32WLxx_HAL_Driver/Src/stm32wlxx_hal_rcc.o
 .text.LL_RCC_HSE_EnableTcxo
                0x0000000008003074       0x1c ./Drivers/STM32WLxx_HAL_Driver/Src/stm32wlxx_hal_rcc.o
 .text.LL_RCC_HSE_DisableTcxo
                0x0000000008003090       0x1c ./Drivers/STM32WLxx_HAL_Driver/Src/stm32wlxx_hal_rcc.o
 .text.LL_RCC_HSE_IsEnabledDiv2
                0x00000000080030ac       0x22 ./Drivers/STM32WLxx_HAL_Driver/Src/stm32wlxx_hal_rcc.o
 .text.LL_RCC_HSE_Enable
                0x00000000080030ce       0x1c ./Drivers/STM32WLxx_HAL_Driver/Src/stm32wlxx_hal_rcc.o
 .text.LL_RCC_HSE_Disable
                0x00000000080030ea       0x1c ./Drivers/STM32WLxx_HAL_Driver/Src/stm32wlxx_hal_rcc.o
 .text.LL_RCC_HSE_IsReady
                0x0000000008003106       0x22 ./Drivers/STM32WLxx_HAL_Driver/Src/stm32wlxx_hal_rcc.o
 .text.LL_RCC_HSI_Enable
                0x0000000008003128       0x1c ./Drivers/STM32WLxx_HAL_Driver/Src/stm32wlxx_hal_rcc.o
 .text.LL_RCC_HSI_Disable
                0x0000000008003144       0x1c ./Drivers/STM32WLxx_HAL_Driver/Src/stm32wlxx_hal_rcc.o
 .text.LL_RCC_HSI_IsReady
                0x0000000008003160       0x22 ./Drivers/STM32WLxx_HAL_Driver/Src/stm32wlxx_hal_rcc.o
 .text.LL_RCC_HSI_SetCalibTrimming
                0x0000000008003182       0x28 ./Drivers/STM32WLxx_HAL_Driver/Src/stm32wlxx_hal_rcc.o
 .text.LL_RCC_LSE_IsReady
                0x00000000080031aa       0x22 ./Drivers/STM32WLxx_HAL_Driver/Src/stm32wlxx_hal_rcc.o
 .text.LL_RCC_LSI_Enable
                0x00000000080031cc       0x20 ./Drivers/STM32WLxx_HAL_Driver/Src/stm32wlxx_hal_rcc.o
 .text.LL_RCC_LSI_Disable
                0x00000000080031ec       0x20 ./Drivers/STM32WLxx_HAL_Driver/Src/stm32wlxx_hal_rcc.o
 .text.LL_RCC_LSI_IsReady
                0x000000000800320c       0x22 ./Drivers/STM32WLxx_HAL_Driver/Src/stm32wlxx_hal_rcc.o
 .text.LL_RCC_MSI_Enable
                0x000000000800322e       0x1c ./Drivers/STM32WLxx_HAL_Driver/Src/stm32wlxx_hal_rcc.o
 .text.LL_RCC_MSI_Disable
                0x000000000800324a       0x1c ./Drivers/STM32WLxx_HAL_Driver/Src/stm32wlxx_hal_rcc.o
 .text.LL_RCC_MSI_IsReady
                0x0000000008003266       0x20 ./Drivers/STM32WLxx_HAL_Driver/Src/stm32wlxx_hal_rcc.o
 .text.LL_RCC_MSI_IsEnabledRangeSelect
                0x0000000008003286       0x20 ./Drivers/STM32WLxx_HAL_Driver/Src/stm32wlxx_hal_rcc.o
 .text.LL_RCC_MSI_GetRange
                0x00000000080032a6       0x16 ./Drivers/STM32WLxx_HAL_Driver/Src/stm32wlxx_hal_rcc.o
 .text.LL_RCC_MSI_GetRangeAfterStandby
                0x00000000080032bc       0x18 ./Drivers/STM32WLxx_HAL_Driver/Src/stm32wlxx_hal_rcc.o
 .text.LL_RCC_MSI_SetCalibTrimming
                0x00000000080032d4       0x28 ./Drivers/STM32WLxx_HAL_Driver/Src/stm32wlxx_hal_rcc.o
 .text.LL_RCC_SetSysClkSource
                0x00000000080032fc       0x26 ./Drivers/STM32WLxx_HAL_Driver/Src/stm32wlxx_hal_rcc.o
 .text.LL_RCC_GetSysClkSource
                0x0000000008003322       0x16 ./Drivers/STM32WLxx_HAL_Driver/Src/stm32wlxx_hal_rcc.o
 .text.LL_RCC_SetAHBPrescaler
                0x0000000008003338       0x26 ./Drivers/STM32WLxx_HAL_Driver/Src/stm32wlxx_hal_rcc.o
 .text.LL_RCC_SetAHB3Prescaler
                0x000000000800335e       0x2c ./Drivers/STM32WLxx_HAL_Driver/Src/stm32wlxx_hal_rcc.o
 .text.LL_RCC_SetAPB1Prescaler
                0x000000000800338a       0x26 ./Drivers/STM32WLxx_HAL_Driver/Src/stm32wlxx_hal_rcc.o
 .text.LL_RCC_SetAPB2Prescaler
                0x00000000080033b0       0x26 ./Drivers/STM32WLxx_HAL_Driver/Src/stm32wlxx_hal_rcc.o
 .text.LL_RCC_GetAHBPrescaler
                0x00000000080033d6       0x16 ./Drivers/STM32WLxx_HAL_Driver/Src/stm32wlxx_hal_rcc.o
 .text.LL_RCC_GetAHB3Prescaler
                0x00000000080033ec       0x1a ./Drivers/STM32WLxx_HAL_Driver/Src/stm32wlxx_hal_rcc.o
 .text.LL_RCC_GetAPB1Prescaler
                0x0000000008003406       0x16 ./Drivers/STM32WLxx_HAL_Driver/Src/stm32wlxx_hal_rcc.o
 .text.LL_RCC_GetAPB2Prescaler
                0x000000000800341c       0x16 ./Drivers/STM32WLxx_HAL_Driver/Src/stm32wlxx_hal_rcc.o
 .text.LL_RCC_PLL_Enable
                0x0000000008003432       0x1c ./Drivers/STM32WLxx_HAL_Driver/Src/stm32wlxx_hal_rcc.o
 .text.LL_RCC_PLL_Disable
                0x000000000800344e       0x1c ./Drivers/STM32WLxx_HAL_Driver/Src/stm32wlxx_hal_rcc.o
 .text.LL_RCC_PLL_IsReady
                0x000000000800346a       0x22 ./Drivers/STM32WLxx_HAL_Driver/Src/stm32wlxx_hal_rcc.o
 .text.LL_RCC_PLL_GetN
                0x000000000800348c       0x18 ./Drivers/STM32WLxx_HAL_Driver/Src/stm32wlxx_hal_rcc.o
 .text.LL_RCC_PLL_GetR
                0x00000000080034a4       0x16 ./Drivers/STM32WLxx_HAL_Driver/Src/stm32wlxx_hal_rcc.o
 .text.LL_RCC_PLL_GetDivider
                0x00000000080034ba       0x16 ./Drivers/STM32WLxx_HAL_Driver/Src/stm32wlxx_hal_rcc.o
 .text.LL_RCC_PLL_GetMainSource
                0x00000000080034d0       0x16 ./Drivers/STM32WLxx_HAL_Driver/Src/stm32wlxx_hal_rcc.o
 .text.LL_RCC_IsActiveFlag_HPRE
                0x00000000080034e6       0x22 ./Drivers/STM32WLxx_HAL_Driver/Src/stm32wlxx_hal_rcc.o
 .text.LL_RCC_IsActiveFlag_SHDHPRE
                0x0000000008003508       0x24 ./Drivers/STM32WLxx_HAL_Driver/Src/stm32wlxx_hal_rcc.o
 .text.LL_RCC_IsActiveFlag_PPRE1
                0x000000000800352c       0x22 ./Drivers/STM32WLxx_HAL_Driver/Src/stm32wlxx_hal_rcc.o
 .text.LL_RCC_IsActiveFlag_PPRE2
                0x000000000800354e       0x22 ./Drivers/STM32WLxx_HAL_Driver/Src/stm32wlxx_hal_rcc.o
 .text.HAL_RCC_OscConfig
                0x0000000008003570      0x734 ./Drivers/STM32WLxx_HAL_Driver/Src/stm32wlxx_hal_rcc.o
                0x0000000008003570                HAL_RCC_OscConfig
 .text.HAL_RCC_ClockConfig
                0x0000000008003ca4      0x248 ./Drivers/STM32WLxx_HAL_Driver/Src/stm32wlxx_hal_rcc.o
                0x0000000008003ca4                HAL_RCC_ClockConfig
 .text.HAL_RCC_GetSysClockFreq
                0x0000000008003eec      0x140 ./Drivers/STM32WLxx_HAL_Driver/Src/stm32wlxx_hal_rcc.o
                0x0000000008003eec                HAL_RCC_GetSysClockFreq
 .text.HAL_RCC_GetHCLKFreq
                0x000000000800402c       0x28 ./Drivers/STM32WLxx_HAL_Driver/Src/stm32wlxx_hal_rcc.o
                0x000000000800402c                HAL_RCC_GetHCLKFreq
 .text.HAL_RCC_GetPCLK1Freq
                0x0000000008004054       0x24 ./Drivers/STM32WLxx_HAL_Driver/Src/stm32wlxx_hal_rcc.o
                0x0000000008004054                HAL_RCC_GetPCLK1Freq
 .text.HAL_RCC_GetPCLK2Freq
                0x0000000008004078       0x24 ./Drivers/STM32WLxx_HAL_Driver/Src/stm32wlxx_hal_rcc.o
                0x0000000008004078                HAL_RCC_GetPCLK2Freq
 .text.RCC_SetFlashLatencyFromMSIRange
                0x000000000800409c       0x60 ./Drivers/STM32WLxx_HAL_Driver/Src/stm32wlxx_hal_rcc.o
 .text.RCC_SetFlashLatency
                0x00000000080040fc      0x10c ./Drivers/STM32WLxx_HAL_Driver/Src/stm32wlxx_hal_rcc.o
 .text.LL_RCC_LSE_IsReady
                0x0000000008004208       0x22 ./Drivers/STM32WLxx_HAL_Driver/Src/stm32wlxx_hal_rcc_ex.o
 .text.LL_RCC_SetUSARTClockSource
                0x000000000800422a       0x30 ./Drivers/STM32WLxx_HAL_Driver/Src/stm32wlxx_hal_rcc_ex.o
 .text.LL_RCC_SetI2SClockSource
                0x000000000800425a       0x2a ./Drivers/STM32WLxx_HAL_Driver/Src/stm32wlxx_hal_rcc_ex.o
 .text.LL_RCC_SetLPUARTClockSource
                0x0000000008004284       0x2a ./Drivers/STM32WLxx_HAL_Driver/Src/stm32wlxx_hal_rcc_ex.o
 .text.LL_RCC_SetI2CClockSource
                0x00000000080042ae       0x38 ./Drivers/STM32WLxx_HAL_Driver/Src/stm32wlxx_hal_rcc_ex.o
 .text.LL_RCC_SetLPTIMClockSource
                0x00000000080042e6       0x32 ./Drivers/STM32WLxx_HAL_Driver/Src/stm32wlxx_hal_rcc_ex.o
 .text.LL_RCC_SetRNGClockSource
                0x0000000008004318       0x2a ./Drivers/STM32WLxx_HAL_Driver/Src/stm32wlxx_hal_rcc_ex.o
 .text.LL_RCC_SetADCClockSource
                0x0000000008004342       0x2a ./Drivers/STM32WLxx_HAL_Driver/Src/stm32wlxx_hal_rcc_ex.o
 .text.LL_RCC_SetRTCClockSource
                0x000000000800436c       0x2a ./Drivers/STM32WLxx_HAL_Driver/Src/stm32wlxx_hal_rcc_ex.o
 .text.LL_RCC_GetRTCClockSource
                0x0000000008004396       0x18 ./Drivers/STM32WLxx_HAL_Driver/Src/stm32wlxx_hal_rcc_ex.o
 .text.LL_RCC_ForceBackupDomainReset
                0x00000000080043ae       0x20 ./Drivers/STM32WLxx_HAL_Driver/Src/stm32wlxx_hal_rcc_ex.o
 .text.LL_RCC_ReleaseBackupDomainReset
                0x00000000080043ce       0x20 ./Drivers/STM32WLxx_HAL_Driver/Src/stm32wlxx_hal_rcc_ex.o
 *fill*         0x00000000080043ee        0x2 
 .text.HAL_RCCEx_PeriphCLKConfig
                0x00000000080043f0      0x234 ./Drivers/STM32WLxx_HAL_Driver/Src/stm32wlxx_hal_rcc_ex.o
                0x00000000080043f0                HAL_RCCEx_PeriphCLKConfig
 .text.LL_PWR_SetRadioBusyTrigger
                0x0000000008004624       0x28 ./Drivers/STM32WLxx_HAL_Driver/Src/stm32wlxx_hal_subghz.o
 .text.LL_PWR_UnselectSUBGHZSPI_NSS
                0x000000000800464c       0x20 ./Drivers/STM32WLxx_HAL_Driver/Src/stm32wlxx_hal_subghz.o
 .text.LL_PWR_SelectSUBGHZSPI_NSS
                0x000000000800466c       0x20 ./Drivers/STM32WLxx_HAL_Driver/Src/stm32wlxx_hal_subghz.o
 .text.LL_PWR_ClearFlag_RFBUSY
                0x000000000800468c       0x18 ./Drivers/STM32WLxx_HAL_Driver/Src/stm32wlxx_hal_subghz.o
 .text.LL_PWR_IsActiveFlag_RFBUSYS
                0x00000000080046a4       0x24 ./Drivers/STM32WLxx_HAL_Driver/Src/stm32wlxx_hal_subghz.o
 .text.LL_PWR_IsActiveFlag_RFBUSYMS
                0x00000000080046c8       0x24 ./Drivers/STM32WLxx_HAL_Driver/Src/stm32wlxx_hal_subghz.o
 .text.LL_RCC_RF_DisableReset
                0x00000000080046ec       0x20 ./Drivers/STM32WLxx_HAL_Driver/Src/stm32wlxx_hal_subghz.o
 .text.LL_RCC_IsRFUnderReset
                0x000000000800470c       0x24 ./Drivers/STM32WLxx_HAL_Driver/Src/stm32wlxx_hal_subghz.o
 .text.LL_EXTI_EnableIT_32_63
                0x0000000008004730       0x28 ./Drivers/STM32WLxx_HAL_Driver/Src/stm32wlxx_hal_subghz.o
 .text.HAL_SUBGHZ_Init
                0x0000000008004758       0xbc ./Drivers/STM32WLxx_HAL_Driver/Src/stm32wlxx_hal_subghz.o
                0x0000000008004758                HAL_SUBGHZ_Init
 .text.HAL_SUBGHZ_WriteRegisters
                0x0000000008004814       0xbe ./Drivers/STM32WLxx_HAL_Driver/Src/stm32wlxx_hal_subghz.o
                0x0000000008004814                HAL_SUBGHZ_WriteRegisters
 .text.HAL_SUBGHZ_ReadRegisters
                0x00000000080048d2       0xc2 ./Drivers/STM32WLxx_HAL_Driver/Src/stm32wlxx_hal_subghz.o
                0x00000000080048d2                HAL_SUBGHZ_ReadRegisters
 .text.HAL_SUBGHZ_ExecSetCmd
                0x0000000008004994       0xbe ./Drivers/STM32WLxx_HAL_Driver/Src/stm32wlxx_hal_subghz.o
                0x0000000008004994                HAL_SUBGHZ_ExecSetCmd
 .text.HAL_SUBGHZ_ExecGetCmd
                0x0000000008004a52       0xa8 ./Drivers/STM32WLxx_HAL_Driver/Src/stm32wlxx_hal_subghz.o
                0x0000000008004a52                HAL_SUBGHZ_ExecGetCmd
 .text.HAL_SUBGHZ_WriteBuffer
                0x0000000008004afa       0xa6 ./Drivers/STM32WLxx_HAL_Driver/Src/stm32wlxx_hal_subghz.o
                0x0000000008004afa                HAL_SUBGHZ_WriteBuffer
 .text.HAL_SUBGHZ_ReadBuffer
                0x0000000008004ba0       0xb0 ./Drivers/STM32WLxx_HAL_Driver/Src/stm32wlxx_hal_subghz.o
                0x0000000008004ba0                HAL_SUBGHZ_ReadBuffer
 .text.HAL_SUBGHZ_IRQHandler
                0x0000000008004c50       0xfc ./Drivers/STM32WLxx_HAL_Driver/Src/stm32wlxx_hal_subghz.o
                0x0000000008004c50                HAL_SUBGHZ_IRQHandler
 .text.SUBGHZSPI_Init
                0x0000000008004d4c       0x40 ./Drivers/STM32WLxx_HAL_Driver/Src/stm32wlxx_hal_subghz.o
                0x0000000008004d4c                SUBGHZSPI_Init
 .text.SUBGHZSPI_Transmit
                0x0000000008004d8c       0xac ./Drivers/STM32WLxx_HAL_Driver/Src/stm32wlxx_hal_subghz.o
                0x0000000008004d8c                SUBGHZSPI_Transmit
 .text.SUBGHZSPI_Receive
                0x0000000008004e38       0xb0 ./Drivers/STM32WLxx_HAL_Driver/Src/stm32wlxx_hal_subghz.o
                0x0000000008004e38                SUBGHZSPI_Receive
 .text.SUBGHZ_CheckDeviceReady
                0x0000000008004ee8       0x48 ./Drivers/STM32WLxx_HAL_Driver/Src/stm32wlxx_hal_subghz.o
                0x0000000008004ee8                SUBGHZ_CheckDeviceReady
 .text.SUBGHZ_WaitOnBusy
                0x0000000008004f30       0x5c ./Drivers/STM32WLxx_HAL_Driver/Src/stm32wlxx_hal_subghz.o
                0x0000000008004f30                SUBGHZ_WaitOnBusy
 .text.LL_RCC_GetUSARTClockSource
                0x0000000008004f8c       0x24 ./Drivers/STM32WLxx_HAL_Driver/Src/stm32wlxx_hal_uart.o
 .text.LL_RCC_GetLPUARTClockSource
                0x0000000008004fb0       0x1e ./Drivers/STM32WLxx_HAL_Driver/Src/stm32wlxx_hal_uart.o
 .text.HAL_UART_Init
                0x0000000008004fce       0xa0 ./Drivers/STM32WLxx_HAL_Driver/Src/stm32wlxx_hal_uart.o
                0x0000000008004fce                HAL_UART_Init
 .text.HAL_UART_Transmit
                0x000000000800506e      0x12c ./Drivers/STM32WLxx_HAL_Driver/Src/stm32wlxx_hal_uart.o
                0x000000000800506e                HAL_UART_Transmit
 .text.HAL_UART_Receive
                0x000000000800519a      0x1a6 ./Drivers/STM32WLxx_HAL_Driver/Src/stm32wlxx_hal_uart.o
                0x000000000800519a                HAL_UART_Receive
 .text.UART_SetConfig
                0x0000000008005340      0x4a0 ./Drivers/STM32WLxx_HAL_Driver/Src/stm32wlxx_hal_uart.o
                0x0000000008005340                UART_SetConfig
 .text.UART_AdvFeatureConfig
                0x00000000080057e0      0x142 ./Drivers/STM32WLxx_HAL_Driver/Src/stm32wlxx_hal_uart.o
                0x00000000080057e0                UART_AdvFeatureConfig
 .text.UART_CheckIdleState
                0x0000000008005922       0x96 ./Drivers/STM32WLxx_HAL_Driver/Src/stm32wlxx_hal_uart.o
                0x0000000008005922                UART_CheckIdleState
 .text.UART_WaitOnFlagUntilTimeout
                0x00000000080059b8      0x190 ./Drivers/STM32WLxx_HAL_Driver/Src/stm32wlxx_hal_uart.o
                0x00000000080059b8                UART_WaitOnFlagUntilTimeout
 .text.HAL_UARTEx_DisableFifoMode
                0x0000000008005b48       0x70 ./Drivers/STM32WLxx_HAL_Driver/Src/stm32wlxx_hal_uart_ex.o
                0x0000000008005b48                HAL_UARTEx_DisableFifoMode
 .text.HAL_UARTEx_SetTxFifoThreshold
                0x0000000008005bb8       0x7c ./Drivers/STM32WLxx_HAL_Driver/Src/stm32wlxx_hal_uart_ex.o
                0x0000000008005bb8                HAL_UARTEx_SetTxFifoThreshold
 .text.HAL_UARTEx_SetRxFifoThreshold
                0x0000000008005c34       0x7c ./Drivers/STM32WLxx_HAL_Driver/Src/stm32wlxx_hal_uart_ex.o
                0x0000000008005c34                HAL_UARTEx_SetRxFifoThreshold
 .text.UARTEx_SetNbDataToProcess
                0x0000000008005cb0       0x98 ./Drivers/STM32WLxx_HAL_Driver/Src/stm32wlxx_hal_uart_ex.o
 .text.RadioInit
                0x0000000008005d48       0x6c ./SubGHz_Phy/stm32_radio_driver/radio.o
 .text.RadioGetStatus
                0x0000000008005db4       0x2e ./SubGHz_Phy/stm32_radio_driver/radio.o
 *fill*         0x0000000008005de2        0x2 
 .text.RadioSetModem
                0x0000000008005de4       0xa4 ./SubGHz_Phy/stm32_radio_driver/radio.o
 .text.RadioSetChannel
                0x0000000008005e88       0x16 ./SubGHz_Phy/stm32_radio_driver/radio.o
 .text.RadioIsChannelFree
                0x0000000008005e9e       0x82 ./SubGHz_Phy/stm32_radio_driver/radio.o
 .text.RadioRandom
                0x0000000008005f20       0x2c ./SubGHz_Phy/stm32_radio_driver/radio.o
 .text.RadioSetRxConfig
                0x0000000008005f4c      0x420 ./SubGHz_Phy/stm32_radio_driver/radio.o
 .text.RadioSetTxConfig
                0x000000000800636c      0x238 ./SubGHz_Phy/stm32_radio_driver/radio.o
 .text.RadioCheckRfFrequency
                0x00000000080065a4       0x14 ./SubGHz_Phy/stm32_radio_driver/radio.o
 .text.RadioGetLoRaBandwidthInHz
                0x00000000080065b8       0xac ./SubGHz_Phy/stm32_radio_driver/radio.o
 .text.RadioGetGfskTimeOnAirNumerator
                0x0000000008006664       0x54 ./SubGHz_Phy/stm32_radio_driver/radio.o
 .text.RadioGetLoRaTimeOnAirNumerator
                0x00000000080066b8      0x102 ./SubGHz_Phy/stm32_radio_driver/radio.o
 *fill*         0x00000000080067ba        0x2 
 .text.RadioTimeOnAir
                0x00000000080067bc       0xb0 ./SubGHz_Phy/stm32_radio_driver/radio.o
 .text.RadioSend
                0x000000000800686c      0x1d0 ./SubGHz_Phy/stm32_radio_driver/radio.o
 .text.RadioSleep
                0x0000000008006a3c       0x26 ./SubGHz_Phy/stm32_radio_driver/radio.o
 .text.RadioStandby
                0x0000000008006a62        0xe ./SubGHz_Phy/stm32_radio_driver/radio.o
 .text.RadioRx  0x0000000008006a70       0x60 ./SubGHz_Phy/stm32_radio_driver/radio.o
 .text.RadioRxBoosted
                0x0000000008006ad0       0x60 ./SubGHz_Phy/stm32_radio_driver/radio.o
 .text.RadioSetRxDutyCycle
                0x0000000008006b30       0x2c ./SubGHz_Phy/stm32_radio_driver/radio.o
 .text.RadioStartCad
                0x0000000008006b5c       0x30 ./SubGHz_Phy/stm32_radio_driver/radio.o
 .text.RadioSetTxContinuousWave
                0x0000000008006b8c       0x46 ./SubGHz_Phy/stm32_radio_driver/radio.o
 .text.RadioRssi
                0x0000000008006bd2       0x1a ./SubGHz_Phy/stm32_radio_driver/radio.o
 .text.RadioWrite
                0x0000000008006bec       0x24 ./SubGHz_Phy/stm32_radio_driver/radio.o
 .text.RadioRead
                0x0000000008006c10       0x1c ./SubGHz_Phy/stm32_radio_driver/radio.o
 .text.RadioWriteRegisters
                0x0000000008006c2c       0x26 ./SubGHz_Phy/stm32_radio_driver/radio.o
 .text.RadioReadRegisters
                0x0000000008006c52       0x26 ./SubGHz_Phy/stm32_radio_driver/radio.o
 .text.RadioSetMaxPayloadLength
                0x0000000008006c78       0x5c ./SubGHz_Phy/stm32_radio_driver/radio.o
 .text.RadioSetPublicNetwork
                0x0000000008006cd4       0x5c ./SubGHz_Phy/stm32_radio_driver/radio.o
 .text.RadioGetWakeupTime
                0x0000000008006d30       0x10 ./SubGHz_Phy/stm32_radio_driver/radio.o
 .text.RadioOnDioIrq
                0x0000000008006d40       0x24 ./SubGHz_Phy/stm32_radio_driver/radio.o
 .text.RadioIrqProcess
                0x0000000008006d64      0x330 ./SubGHz_Phy/stm32_radio_driver/radio.o
 .text.RadioTxPrbs
                0x0000000008007094       0x38 ./SubGHz_Phy/stm32_radio_driver/radio.o
 .text.RadioTxCw
                0x00000000080070cc       0x2e ./SubGHz_Phy/stm32_radio_driver/radio.o
 .text.payload_integration
                0x00000000080070fa      0x120 ./SubGHz_Phy/stm32_radio_driver/radio.o
 *fill*         0x000000000800721a        0x2 
 .text.RadioSetRxGenericConfig
                0x000000000800721c      0x3a0 ./SubGHz_Phy/stm32_radio_driver/radio.o
 .text.RadioSetTxGenericConfig
                0x00000000080075bc      0x334 ./SubGHz_Phy/stm32_radio_driver/radio.o
 .text.SUBGRF_Init
                0x00000000080078f0       0x84 ./SubGHz_Phy/stm32_radio_driver/radio_driver.o
                0x00000000080078f0                SUBGRF_Init
 .text.SUBGRF_GetOperatingMode
                0x0000000008007974       0x14 ./SubGHz_Phy/stm32_radio_driver/radio_driver.o
                0x0000000008007974                SUBGRF_GetOperatingMode
 .text.SUBGRF_SetPayload
                0x0000000008007988       0x20 ./SubGHz_Phy/stm32_radio_driver/radio_driver.o
                0x0000000008007988                SUBGRF_SetPayload
 .text.SUBGRF_GetPayload
                0x00000000080079a8       0x44 ./SubGHz_Phy/stm32_radio_driver/radio_driver.o
                0x00000000080079a8                SUBGRF_GetPayload
 .text.SUBGRF_SendPayload
                0x00000000080079ec       0x26 ./SubGHz_Phy/stm32_radio_driver/radio_driver.o
                0x00000000080079ec                SUBGRF_SendPayload
 .text.SUBGRF_SetSyncWord
                0x0000000008007a12       0x1e ./SubGHz_Phy/stm32_radio_driver/radio_driver.o
                0x0000000008007a12                SUBGRF_SetSyncWord
 .text.SUBGRF_SetCrcSeed
                0x0000000008007a30       0x40 ./SubGHz_Phy/stm32_radio_driver/radio_driver.o
                0x0000000008007a30                SUBGRF_SetCrcSeed
 .text.SUBGRF_SetCrcPolynomial
                0x0000000008007a70       0x40 ./SubGHz_Phy/stm32_radio_driver/radio_driver.o
                0x0000000008007a70                SUBGRF_SetCrcPolynomial
 .text.SUBGRF_SetWhiteningSeed
                0x0000000008007ab0       0x66 ./SubGHz_Phy/stm32_radio_driver/radio_driver.o
                0x0000000008007ab0                SUBGRF_SetWhiteningSeed
 .text.SUBGRF_GetRandom
                0x0000000008007b16       0x8c ./SubGHz_Phy/stm32_radio_driver/radio_driver.o
                0x0000000008007b16                SUBGRF_GetRandom
 *fill*         0x0000000008007ba2        0x2 
 .text.SUBGRF_SetSleep
                0x0000000008007ba4       0x64 ./SubGHz_Phy/stm32_radio_driver/radio_driver.o
                0x0000000008007ba4                SUBGRF_SetSleep
 .text.SUBGRF_SetStandby
                0x0000000008007c08       0x38 ./SubGHz_Phy/stm32_radio_driver/radio_driver.o
                0x0000000008007c08                SUBGRF_SetStandby
 .text.SUBGRF_SetTx
                0x0000000008007c40       0x40 ./SubGHz_Phy/stm32_radio_driver/radio_driver.o
                0x0000000008007c40                SUBGRF_SetTx
 .text.SUBGRF_SetRx
                0x0000000008007c80       0x40 ./SubGHz_Phy/stm32_radio_driver/radio_driver.o
                0x0000000008007c80                SUBGRF_SetRx
 .text.SUBGRF_SetRxBoosted
                0x0000000008007cc0       0x48 ./SubGHz_Phy/stm32_radio_driver/radio_driver.o
                0x0000000008007cc0                SUBGRF_SetRxBoosted
 .text.SUBGRF_SetRxDutyCycle
                0x0000000008007d08       0x58 ./SubGHz_Phy/stm32_radio_driver/radio_driver.o
                0x0000000008007d08                SUBGRF_SetRxDutyCycle
 .text.SUBGRF_SetCad
                0x0000000008007d60       0x1c ./SubGHz_Phy/stm32_radio_driver/radio_driver.o
                0x0000000008007d60                SUBGRF_SetCad
 .text.SUBGRF_SetTxContinuousWave
                0x0000000008007d7c       0x12 ./SubGHz_Phy/stm32_radio_driver/radio_driver.o
                0x0000000008007d7c                SUBGRF_SetTxContinuousWave
 .text.SUBGRF_SetTxInfinitePreamble
                0x0000000008007d8e       0x12 ./SubGHz_Phy/stm32_radio_driver/radio_driver.o
                0x0000000008007d8e                SUBGRF_SetTxInfinitePreamble
 .text.SUBGRF_SetStopRxTimerOnPreambleDetect
                0x0000000008007da0       0x1e ./SubGHz_Phy/stm32_radio_driver/radio_driver.o
                0x0000000008007da0                SUBGRF_SetStopRxTimerOnPreambleDetect
 .text.SUBGRF_SetLoRaSymbNumTimeout
                0x0000000008007dbe       0x5e ./SubGHz_Phy/stm32_radio_driver/radio_driver.o
                0x0000000008007dbe                SUBGRF_SetLoRaSymbNumTimeout
 .text.SUBGRF_SetRegulatorMode
                0x0000000008007e1c       0x2e ./SubGHz_Phy/stm32_radio_driver/radio_driver.o
                0x0000000008007e1c                SUBGRF_SetRegulatorMode
 .text.SUBGRF_Calibrate
                0x0000000008007e4a       0x8c ./SubGHz_Phy/stm32_radio_driver/radio_driver.o
                0x0000000008007e4a                SUBGRF_Calibrate
 *fill*         0x0000000008007ed6        0x2 
 .text.SUBGRF_CalibrateImage
                0x0000000008007ed8       0x8c ./SubGHz_Phy/stm32_radio_driver/radio_driver.o
                0x0000000008007ed8                SUBGRF_CalibrateImage
 .text.SUBGRF_SetPaConfig
                0x0000000008007f64       0x44 ./SubGHz_Phy/stm32_radio_driver/radio_driver.o
                0x0000000008007f64                SUBGRF_SetPaConfig
 .text.SUBGRF_SetDioIrqParams
                0x0000000008007fa8       0x74 ./SubGHz_Phy/stm32_radio_driver/radio_driver.o
                0x0000000008007fa8                SUBGRF_SetDioIrqParams
 .text.SUBGRF_SetTcxoMode
                0x000000000800801c       0x42 ./SubGHz_Phy/stm32_radio_driver/radio_driver.o
                0x000000000800801c                SUBGRF_SetTcxoMode
 *fill*         0x000000000800805e        0x2 
 .text.SUBGRF_SetRfFrequency
                0x0000000008008060       0x84 ./SubGHz_Phy/stm32_radio_driver/radio_driver.o
                0x0000000008008060                SUBGRF_SetRfFrequency
 .text.SUBGRF_SetPacketType
                0x00000000080080e4       0x38 ./SubGHz_Phy/stm32_radio_driver/radio_driver.o
                0x00000000080080e4                SUBGRF_SetPacketType
 .text.SUBGRF_GetPacketType
                0x000000000800811c       0x14 ./SubGHz_Phy/stm32_radio_driver/radio_driver.o
                0x000000000800811c                SUBGRF_GetPacketType
 .text.SUBGRF_SetTxParams
                0x0000000008008130       0xcc ./SubGHz_Phy/stm32_radio_driver/radio_driver.o
                0x0000000008008130                SUBGRF_SetTxParams
 .text.SUBGRF_SetModulationParams
                0x00000000080081fc      0x198 ./SubGHz_Phy/stm32_radio_driver/radio_driver.o
                0x00000000080081fc                SUBGRF_SetModulationParams
 .text.SUBGRF_SetPacketParams
                0x0000000008008394      0x13c ./SubGHz_Phy/stm32_radio_driver/radio_driver.o
                0x0000000008008394                SUBGRF_SetPacketParams
 .text.SUBGRF_SetBufferBaseAddress
                0x00000000080084d0       0x2e ./SubGHz_Phy/stm32_radio_driver/radio_driver.o
                0x00000000080084d0                SUBGRF_SetBufferBaseAddress
 .text.SUBGRF_GetRssiInst
                0x00000000080084fe       0x2a ./SubGHz_Phy/stm32_radio_driver/radio_driver.o
                0x00000000080084fe                SUBGRF_GetRssiInst
 .text.SUBGRF_GetRxBufferStatus
                0x0000000008008528       0x58 ./SubGHz_Phy/stm32_radio_driver/radio_driver.o
                0x0000000008008528                SUBGRF_GetRxBufferStatus
 .text.SUBGRF_GetPacketStatus
                0x0000000008008580       0xa4 ./SubGHz_Phy/stm32_radio_driver/radio_driver.o
                0x0000000008008580                SUBGRF_GetPacketStatus
 .text.SUBGRF_WriteRegister
                0x0000000008008624       0x28 ./SubGHz_Phy/stm32_radio_driver/radio_driver.o
                0x0000000008008624                SUBGRF_WriteRegister
 .text.SUBGRF_ReadRegister
                0x000000000800864c       0x28 ./SubGHz_Phy/stm32_radio_driver/radio_driver.o
                0x000000000800864c                SUBGRF_ReadRegister
 .text.SUBGRF_WriteRegisters
                0x0000000008008674       0x28 ./SubGHz_Phy/stm32_radio_driver/radio_driver.o
                0x0000000008008674                SUBGRF_WriteRegisters
 .text.SUBGRF_ReadRegisters
                0x000000000800869c       0x28 ./SubGHz_Phy/stm32_radio_driver/radio_driver.o
                0x000000000800869c                SUBGRF_ReadRegisters
 .text.SUBGRF_WriteBuffer
                0x00000000080086c4       0x2c ./SubGHz_Phy/stm32_radio_driver/radio_driver.o
                0x00000000080086c4                SUBGRF_WriteBuffer
 .text.SUBGRF_ReadBuffer
                0x00000000080086f0       0x2c ./SubGHz_Phy/stm32_radio_driver/radio_driver.o
                0x00000000080086f0                SUBGRF_ReadBuffer
 .text.SUBGRF_WriteCommand
                0x000000000800871c       0x28 ./SubGHz_Phy/stm32_radio_driver/radio_driver.o
 .text.SUBGRF_ReadCommand
                0x0000000008008744       0x28 ./SubGHz_Phy/stm32_radio_driver/radio_driver.o
 .text.SUBGRF_SetSwitch
                0x000000000800876c       0x50 ./SubGHz_Phy/stm32_radio_driver/radio_driver.o
                0x000000000800876c                SUBGRF_SetSwitch
 .text.SUBGRF_SetRfTxPower
                0x00000000080087bc       0x68 ./SubGHz_Phy/stm32_radio_driver/radio_driver.o
                0x00000000080087bc                SUBGRF_SetRfTxPower
 .text.SUBGRF_GetRadioWakeUpTime
                0x0000000008008824        0xe ./SubGHz_Phy/stm32_radio_driver/radio_driver.o
                0x0000000008008824                SUBGRF_GetRadioWakeUpTime
 *fill*         0x0000000008008832        0x2 
 .text.HAL_SUBGHZ_TxCpltCallback
                0x0000000008008834       0x1c ./SubGHz_Phy/stm32_radio_driver/radio_driver.o
                0x0000000008008834                HAL_SUBGHZ_TxCpltCallback
 .text.HAL_SUBGHZ_RxCpltCallback
                0x0000000008008850       0x1c ./SubGHz_Phy/stm32_radio_driver/radio_driver.o
                0x0000000008008850                HAL_SUBGHZ_RxCpltCallback
 .text.HAL_SUBGHZ_CRCErrorCallback
                0x000000000800886c       0x1c ./SubGHz_Phy/stm32_radio_driver/radio_driver.o
                0x000000000800886c                HAL_SUBGHZ_CRCErrorCallback
 .text.HAL_SUBGHZ_CADStatusCallback
                0x0000000008008888       0x3c ./SubGHz_Phy/stm32_radio_driver/radio_driver.o
                0x0000000008008888                HAL_SUBGHZ_CADStatusCallback
 .text.HAL_SUBGHZ_RxTxTimeoutCallback
                0x00000000080088c4       0x20 ./SubGHz_Phy/stm32_radio_driver/radio_driver.o
                0x00000000080088c4                HAL_SUBGHZ_RxTxTimeoutCallback
 .text.HAL_SUBGHZ_HeaderErrorCallback
                0x00000000080088e4       0x1c ./SubGHz_Phy/stm32_radio_driver/radio_driver.o
                0x00000000080088e4                HAL_SUBGHZ_HeaderErrorCallback
 .text.HAL_SUBGHZ_PreambleDetectedCallback
                0x0000000008008900       0x1c ./SubGHz_Phy/stm32_radio_driver/radio_driver.o
                0x0000000008008900                HAL_SUBGHZ_PreambleDetectedCallback
 .text.HAL_SUBGHZ_SyncWordValidCallback
                0x000000000800891c       0x1c ./SubGHz_Phy/stm32_radio_driver/radio_driver.o
                0x000000000800891c                HAL_SUBGHZ_SyncWordValidCallback
 .text.HAL_SUBGHZ_HeaderValidCallback
                0x0000000008008938       0x1c ./SubGHz_Phy/stm32_radio_driver/radio_driver.o
                0x0000000008008938                HAL_SUBGHZ_HeaderValidCallback
 .text.Radio_SMPS_Set
                0x0000000008008954       0x42 ./SubGHz_Phy/stm32_radio_driver/radio_driver.o
 *fill*         0x0000000008008996        0x2 
 .text.SUBGRF_GetFskBandwidthRegValue
                0x0000000008008998       0x50 ./SubGHz_Phy/stm32_radio_driver/radio_driver.o
                0x0000000008008998                SUBGRF_GetFskBandwidthRegValue
 .text.SUBGRF_GetCFO
                0x00000000080089e8       0xec ./SubGHz_Phy/stm32_radio_driver/radio_driver.o
                0x00000000080089e8                SUBGRF_GetCFO
 .text.RFW_TransmitLongPacket
                0x0000000008008ad4       0x24 ./SubGHz_Phy/stm32_radio_driver/radio_fw.o
                0x0000000008008ad4                RFW_TransmitLongPacket
 .text.RFW_ReceiveLongPacket
                0x0000000008008af8       0x24 ./SubGHz_Phy/stm32_radio_driver/radio_fw.o
                0x0000000008008af8                RFW_ReceiveLongPacket
 .text.RFW_Init
                0x0000000008008b1c       0x1a ./SubGHz_Phy/stm32_radio_driver/radio_fw.o
                0x0000000008008b1c                RFW_Init
 .text.RFW_DeInit
                0x0000000008008b36        0xc ./SubGHz_Phy/stm32_radio_driver/radio_fw.o
                0x0000000008008b36                RFW_DeInit
 .text.RFW_Is_Init
                0x0000000008008b42        0xe ./SubGHz_Phy/stm32_radio_driver/radio_fw.o
                0x0000000008008b42                RFW_Is_Init
 .text.RFW_Is_LongPacketModeEnabled
                0x0000000008008b50        0xe ./SubGHz_Phy/stm32_radio_driver/radio_fw.o
                0x0000000008008b50                RFW_Is_LongPacketModeEnabled
 .text.RFW_SetAntSwitch
                0x0000000008008b5e       0x14 ./SubGHz_Phy/stm32_radio_driver/radio_fw.o
                0x0000000008008b5e                RFW_SetAntSwitch
 .text.RFW_TransmitInit
                0x0000000008008b72       0x20 ./SubGHz_Phy/stm32_radio_driver/radio_fw.o
                0x0000000008008b72                RFW_TransmitInit
 .text.RFW_ReceiveInit
                0x0000000008008b92       0x10 ./SubGHz_Phy/stm32_radio_driver/radio_fw.o
                0x0000000008008b92                RFW_ReceiveInit
 .text.RFW_DeInit_TxLongPacket
                0x0000000008008ba2        0xc ./SubGHz_Phy/stm32_radio_driver/radio_fw.o
                0x0000000008008ba2                RFW_DeInit_TxLongPacket
 .text.RFW_ReceivePayload
                0x0000000008008bae        0xc ./SubGHz_Phy/stm32_radio_driver/radio_fw.o
                0x0000000008008bae                RFW_ReceivePayload
 .text.RFW_SetRadioModem
                0x0000000008008bba       0x14 ./SubGHz_Phy/stm32_radio_driver/radio_fw.o
                0x0000000008008bba                RFW_SetRadioModem
 *fill*         0x0000000008008bce        0x2 
 .text.list_new
                0x0000000008008bd0       0x84 ./protocole/src/list.o
                0x0000000008008bd0                list_new
 .text.list_insert
                0x0000000008008c54       0x50 ./protocole/src/list.o
                0x0000000008008c54                list_insert
 .text.list_search
                0x0000000008008ca4       0x4e ./protocole/src/list.o
                0x0000000008008ca4                list_search
 *fill*         0x0000000008008cf2        0x2 
 .text.list_remove
                0x0000000008008cf4       0x44 ./protocole/src/list.o
                0x0000000008008cf4                list_remove
 .text.list_push_back
                0x0000000008008d38       0x26 ./protocole/src/list.o
                0x0000000008008d38                list_push_back
 *fill*         0x0000000008008d5e        0x2 
 .text.list_head
                0x0000000008008d60       0x50 ./protocole/src/list.o
                0x0000000008008d60                list_head
 .text.list_index
                0x0000000008008db0       0x84 ./protocole/src/list.o
                0x0000000008008db0                list_index
 .text.list_size
                0x0000000008008e34       0x28 ./protocole/src/list.o
                0x0000000008008e34                list_size
 .text.list_end
                0x0000000008008e5c       0x28 ./protocole/src/list.o
                0x0000000008008e5c                list_end
 .text.list_default_compare
                0x0000000008008e84       0x26 ./protocole/src/list.o
 *fill*         0x0000000008008eaa        0x2 
 .text.list_node_new
                0x0000000008008eac       0x60 ./protocole/src/list.o
                0x0000000008008eac                list_node_new
 .text.list_node_link
                0x0000000008008f0c       0x5c ./protocole/src/list.o
                0x0000000008008f0c                list_node_link
 .text.list_node_unlink
                0x0000000008008f68       0x3a ./protocole/src/list.o
                0x0000000008008f68                list_node_unlink
 .text.list_debug
                0x0000000008008fa2       0x12 ./protocole/src/list.o
 .text.find_packet_by_Id
                0x0000000008008fb4       0x2e ./protocole/src/ll.o
                0x0000000008008fb4                find_packet_by_Id
 .text.rx_find_by_id
                0x0000000008008fe2       0x2e ./protocole/src/ll.o
                0x0000000008008fe2                rx_find_by_id
 .text.ll_init  0x0000000008009010       0x5c ./protocole/src/ll.o
                0x0000000008009010                ll_init
 .text.ll_send_packet
                0x000000000800906c       0x8c ./protocole/src/ll.o
 .text.ll_send_ASK
                0x00000000080090f8       0x2e ./protocole/src/ll.o
                0x00000000080090f8                ll_send_ASK
 .text.ll_send_NANK
                0x0000000008009126       0x2e ./protocole/src/ll.o
                0x0000000008009126                ll_send_NANK
 .text.ll_send_to
                0x0000000008009154       0x3a ./protocole/src/ll.o
                0x0000000008009154                ll_send_to
 *fill*         0x000000000800918e        0x2 
 .text.get_tx_size
                0x0000000008009190       0x18 ./protocole/src/ll.o
                0x0000000008009190                get_tx_size
 .text.get_rx_size
                0x00000000080091a8       0x18 ./protocole/src/ll.o
                0x00000000080091a8                get_rx_size
 .text.ll_transmit
                0x00000000080091c0      0x150 ./protocole/src/ll.o
                0x00000000080091c0                ll_transmit
 .text.ll_receive
                0x0000000008009310       0xec ./protocole/src/ll.o
                0x0000000008009310                ll_receive
 .text.ll_process_received
                0x00000000080093fc      0x1a4 ./protocole/src/ll.o
                0x00000000080093fc                ll_process_received
 .text.ll_get_recv
                0x00000000080095a0       0xc0 ./protocole/src/ll.o
                0x00000000080095a0                ll_get_recv
 .text.ll_process
                0x0000000008009660       0x54 ./protocole/src/ll.o
                0x0000000008009660                ll_process
 .text.ll_set_transmition_done
                0x00000000080096b4       0x18 ./protocole/src/ll.o
                0x00000000080096b4                ll_set_transmition_done
 .text.packet   0x00000000080096cc       0x56 ./protocole/src/packet.o
                0x00000000080096cc                packet
 .text.packet_set_src
                0x0000000008009722       0x1c ./protocole/src/packet.o
                0x0000000008009722                packet_set_src
 .text.packet_set_dest
                0x000000000800973e       0x1c ./protocole/src/packet.o
                0x000000000800973e                packet_set_dest
 .text.packet_set_type
                0x000000000800975a       0x1c ./protocole/src/packet.o
                0x000000000800975a                packet_set_type
 .text.packet_set_payload
                0x0000000008009776       0x4c ./protocole/src/packet.o
                0x0000000008009776                packet_set_payload
 .text.packet_set_id
                0x00000000080097c2       0x1c ./protocole/src/packet.o
                0x00000000080097c2                packet_set_id
 .text.packet_serialize
                0x00000000080097de       0xb8 ./protocole/src/packet.o
                0x00000000080097de                packet_serialize
 *fill*         0x0000000008009896        0x2 
 .text.packet_desirialize
                0x0000000008009898       0xac ./protocole/src/packet.o
                0x0000000008009898                packet_desirialize
 .text.check_sum
                0x0000000008009944       0x92 ./protocole/src/packet.o
                0x0000000008009944                check_sum
 .text.packet_get_size
                0x00000000080099d6       0x18 ./protocole/src/packet.o
                0x00000000080099d6                packet_get_size
 .text.atof     0x00000000080099ee        0x6 c:/st/stm32cubeide_1.7.0/stm32cubeide/plugins/com.st.stm32cube.ide.mcu.externaltools.gnu-tools-for-stm32.9-2020-q2-update.win32_2.0.0.202105311346/tools/bin/../lib/gcc/arm-none-eabi/9.3.1/../../../../arm-none-eabi/lib/thumb/v7e-m/nofp\libc_nano.a(lib_a-atof.o)
                0x00000000080099ee                atof
 .text.atoi     0x00000000080099f4        0x8 c:/st/stm32cubeide_1.7.0/stm32cubeide/plugins/com.st.stm32cube.ide.mcu.externaltools.gnu-tools-for-stm32.9-2020-q2-update.win32_2.0.0.202105311346/tools/bin/../lib/gcc/arm-none-eabi/9.3.1/../../../../arm-none-eabi/lib/thumb/v7e-m/nofp\libc_nano.a(lib_a-atoi.o)
                0x00000000080099f4                atoi
 .text.__errno  0x00000000080099fc        0xc c:/st/stm32cubeide_1.7.0/stm32cubeide/plugins/com.st.stm32cube.ide.mcu.externaltools.gnu-tools-for-stm32.9-2020-q2-update.win32_2.0.0.202105311346/tools/bin/../lib/gcc/arm-none-eabi/9.3.1/../../../../arm-none-eabi/lib/thumb/v7e-m/nofp\libc_nano.a(lib_a-errno.o)
                0x00000000080099fc                __errno
 .text.__libc_init_array
                0x0000000008009a08       0x48 c:/st/stm32cubeide_1.7.0/stm32cubeide/plugins/com.st.stm32cube.ide.mcu.externaltools.gnu-tools-for-stm32.9-2020-q2-update.win32_2.0.0.202105311346/tools/bin/../lib/gcc/arm-none-eabi/9.3.1/../../../../arm-none-eabi/lib/thumb/v7e-m/nofp\libc_nano.a(lib_a-init.o)
                0x0000000008009a08                __libc_init_array
 .text.malloc   0x0000000008009a50       0x10 c:/st/stm32cubeide_1.7.0/stm32cubeide/plugins/com.st.stm32cube.ide.mcu.externaltools.gnu-tools-for-stm32.9-2020-q2-update.win32_2.0.0.202105311346/tools/bin/../lib/gcc/arm-none-eabi/9.3.1/../../../../arm-none-eabi/lib/thumb/v7e-m/nofp\libc_nano.a(lib_a-malloc.o)
                0x0000000008009a50                malloc
 .text.free     0x0000000008009a60       0x10 c:/st/stm32cubeide_1.7.0/stm32cubeide/plugins/com.st.stm32cube.ide.mcu.externaltools.gnu-tools-for-stm32.9-2020-q2-update.win32_2.0.0.202105311346/tools/bin/../lib/gcc/arm-none-eabi/9.3.1/../../../../arm-none-eabi/lib/thumb/v7e-m/nofp\libc_nano.a(lib_a-malloc.o)
                0x0000000008009a60                free
 .text.memcpy   0x0000000008009a70       0x1c c:/st/stm32cubeide_1.7.0/stm32cubeide/plugins/com.st.stm32cube.ide.mcu.externaltools.gnu-tools-for-stm32.9-2020-q2-update.win32_2.0.0.202105311346/tools/bin/../lib/gcc/arm-none-eabi/9.3.1/../../../../arm-none-eabi/lib/thumb/v7e-m/nofp\libc_nano.a(lib_a-memcpy-stub.o)
                0x0000000008009a70                memcpy
 .text.memset   0x0000000008009a8c       0x10 c:/st/stm32cubeide_1.7.0/stm32cubeide/plugins/com.st.stm32cube.ide.mcu.externaltools.gnu-tools-for-stm32.9-2020-q2-update.win32_2.0.0.202105311346/tools/bin/../lib/gcc/arm-none-eabi/9.3.1/../../../../arm-none-eabi/lib/thumb/v7e-m/nofp\libc_nano.a(lib_a-memset.o)
                0x0000000008009a8c                memset
 .text._free_r  0x0000000008009a9c       0x9c c:/st/stm32cubeide_1.7.0/stm32cubeide/plugins/com.st.stm32cube.ide.mcu.externaltools.gnu-tools-for-stm32.9-2020-q2-update.win32_2.0.0.202105311346/tools/bin/../lib/gcc/arm-none-eabi/9.3.1/../../../../arm-none-eabi/lib/thumb/v7e-m/nofp\libc_nano.a(lib_a-nano-freer.o)
                0x0000000008009a9c                _free_r
 .text._malloc_r
                0x0000000008009b38       0xb4 c:/st/stm32cubeide_1.7.0/stm32cubeide/plugins/com.st.stm32cube.ide.mcu.externaltools.gnu-tools-for-stm32.9-2020-q2-update.win32_2.0.0.202105311346/tools/bin/../lib/gcc/arm-none-eabi/9.3.1/../../../../arm-none-eabi/lib/thumb/v7e-m/nofp\libc_nano.a(lib_a-nano-mallocr.o)
                0x0000000008009b38                _malloc_r
 .text.__cvt    0x0000000008009bec       0xc0 c:/st/stm32cubeide_1.7.0/stm32cubeide/plugins/com.st.stm32cube.ide.mcu.externaltools.gnu-tools-for-stm32.9-2020-q2-update.win32_2.0.0.202105311346/tools/bin/../lib/gcc/arm-none-eabi/9.3.1/../../../../arm-none-eabi/lib/thumb/v7e-m/nofp\libc_nano.a(lib_a-nano-vfprintf_float.o)
                0x0000000008009bec                __cvt
 .text.__exponent
                0x0000000008009cac       0x7c c:/st/stm32cubeide_1.7.0/stm32cubeide/plugins/com.st.stm32cube.ide.mcu.externaltools.gnu-tools-for-stm32.9-2020-q2-update.win32_2.0.0.202105311346/tools/bin/../lib/gcc/arm-none-eabi/9.3.1/../../../../arm-none-eabi/lib/thumb/v7e-m/nofp\libc_nano.a(lib_a-nano-vfprintf_float.o)
                0x0000000008009cac                __exponent
 .text._printf_float
                0x0000000008009d28      0x454 c:/st/stm32cubeide_1.7.0/stm32cubeide/plugins/com.st.stm32cube.ide.mcu.externaltools.gnu-tools-for-stm32.9-2020-q2-update.win32_2.0.0.202105311346/tools/bin/../lib/gcc/arm-none-eabi/9.3.1/../../../../arm-none-eabi/lib/thumb/v7e-m/nofp\libc_nano.a(lib_a-nano-vfprintf_float.o)
                0x0000000008009d28                _printf_float
 .text._printf_common
                0x000000000800a17c       0xda c:/st/stm32cubeide_1.7.0/stm32cubeide/plugins/com.st.stm32cube.ide.mcu.externaltools.gnu-tools-for-stm32.9-2020-q2-update.win32_2.0.0.202105311346/tools/bin/../lib/gcc/arm-none-eabi/9.3.1/../../../../arm-none-eabi/lib/thumb/v7e-m/nofp\libc_nano.a(lib_a-nano-vfprintf_i.o)
                0x000000000800a17c                _printf_common
 *fill*         0x000000000800a256        0x2 
 .text._printf_i
                0x000000000800a258      0x24c c:/st/stm32cubeide_1.7.0/stm32cubeide/plugins/com.st.stm32cube.ide.mcu.externaltools.gnu-tools-for-stm32.9-2020-q2-update.win32_2.0.0.202105311346/tools/bin/../lib/gcc/arm-none-eabi/9.3.1/../../../../arm-none-eabi/lib/thumb/v7e-m/nofp\libc_nano.a(lib_a-nano-vfprintf_i.o)
                0x000000000800a258                _printf_i
 .text._perror_r
                0x000000000800a4a4      0x134 c:/st/stm32cubeide_1.7.0/stm32cubeide/plugins/com.st.stm32cube.ide.mcu.externaltools.gnu-tools-for-stm32.9-2020-q2-update.win32_2.0.0.202105311346/tools/bin/../lib/gcc/arm-none-eabi/9.3.1/../../../../arm-none-eabi/lib/thumb/v7e-m/nofp\libc_nano.a(lib_a-perror.o)
                0x000000000800a4a4                _perror_r
 .text.perror   0x000000000800a5d8       0x10 c:/st/stm32cubeide_1.7.0/stm32cubeide/plugins/com.st.stm32cube.ide.mcu.externaltools.gnu-tools-for-stm32.9-2020-q2-update.win32_2.0.0.202105311346/tools/bin/../lib/gcc/arm-none-eabi/9.3.1/../../../../arm-none-eabi/lib/thumb/v7e-m/nofp\libc_nano.a(lib_a-perror.o)
                0x000000000800a5d8                perror
 .text.printf   0x000000000800a5e8       0x30 c:/st/stm32cubeide_1.7.0/stm32cubeide/plugins/com.st.stm32cube.ide.mcu.externaltools.gnu-tools-for-stm32.9-2020-q2-update.win32_2.0.0.202105311346/tools/bin/../lib/gcc/arm-none-eabi/9.3.1/../../../../arm-none-eabi/lib/thumb/v7e-m/nofp\libc_nano.a(lib_a-printf.o)
                0x000000000800a5e8                iprintf
                0x000000000800a5e8                printf
 .text._puts_r  0x000000000800a618       0xdc c:/st/stm32cubeide_1.7.0/stm32cubeide/plugins/com.st.stm32cube.ide.mcu.externaltools.gnu-tools-for-stm32.9-2020-q2-update.win32_2.0.0.202105311346/tools/bin/../lib/gcc/arm-none-eabi/9.3.1/../../../../arm-none-eabi/lib/thumb/v7e-m/nofp\libc_nano.a(lib_a-puts.o)
                0x000000000800a618                _puts_r
 .text.puts     0x000000000800a6f4       0x10 c:/st/stm32cubeide_1.7.0/stm32cubeide/plugins/com.st.stm32cube.ide.mcu.externaltools.gnu-tools-for-stm32.9-2020-q2-update.win32_2.0.0.202105311346/tools/bin/../lib/gcc/arm-none-eabi/9.3.1/../../../../arm-none-eabi/lib/thumb/v7e-m/nofp\libc_nano.a(lib_a-puts.o)
                0x000000000800a6f4                puts
 .text._sbrk_r  0x000000000800a704       0x20 c:/st/stm32cubeide_1.7.0/stm32cubeide/plugins/com.st.stm32cube.ide.mcu.externaltools.gnu-tools-for-stm32.9-2020-q2-update.win32_2.0.0.202105311346/tools/bin/../lib/gcc/arm-none-eabi/9.3.1/../../../../arm-none-eabi/lib/thumb/v7e-m/nofp\libc_nano.a(lib_a-sbrkr.o)
                0x000000000800a704                _sbrk_r
 .text.sprintf  0x000000000800a724       0x40 c:/st/stm32cubeide_1.7.0/stm32cubeide/plugins/com.st.stm32cube.ide.mcu.externaltools.gnu-tools-for-stm32.9-2020-q2-update.win32_2.0.0.202105311346/tools/bin/../lib/gcc/arm-none-eabi/9.3.1/../../../../arm-none-eabi/lib/thumb/v7e-m/nofp\libc_nano.a(lib_a-sprintf.o)
                0x000000000800a724                siprintf
                0x000000000800a724                sprintf
 .text._strerror_r
                0x000000000800a764      0x3cc c:/st/stm32cubeide_1.7.0/stm32cubeide/plugins/com.st.stm32cube.ide.mcu.externaltools.gnu-tools-for-stm32.9-2020-q2-update.win32_2.0.0.202105311346/tools/bin/../lib/gcc/arm-none-eabi/9.3.1/../../../../arm-none-eabi/lib/thumb/v7e-m/nofp\libc_nano.a(lib_a-strerror.o)
                0x000000000800a764                _strerror_r
 .text.strstr   0x000000000800ab30       0x2e c:/st/stm32cubeide_1.7.0/stm32cubeide/plugins/com.st.stm32cube.ide.mcu.externaltools.gnu-tools-for-stm32.9-2020-q2-update.win32_2.0.0.202105311346/tools/bin/../lib/gcc/arm-none-eabi/9.3.1/../../../../arm-none-eabi/lib/thumb/v7e-m/nofp\libc_nano.a(lib_a-strstr.o)
                0x000000000800ab30                strstr
 .text.sulp     0x000000000800ab5e       0x42 c:/st/stm32cubeide_1.7.0/stm32cubeide/plugins/com.st.stm32cube.ide.mcu.externaltools.gnu-tools-for-stm32.9-2020-q2-update.win32_2.0.0.202105311346/tools/bin/../lib/gcc/arm-none-eabi/9.3.1/../../../../arm-none-eabi/lib/thumb/v7e-m/nofp\libc_nano.a(lib_a-strtod.o)
 .text._strtod_l
                0x000000000800aba0      0xbe8 c:/st/stm32cubeide_1.7.0/stm32cubeide/plugins/com.st.stm32cube.ide.mcu.externaltools.gnu-tools-for-stm32.9-2020-q2-update.win32_2.0.0.202105311346/tools/bin/../lib/gcc/arm-none-eabi/9.3.1/../../../../arm-none-eabi/lib/thumb/v7e-m/nofp\libc_nano.a(lib_a-strtod.o)
                0x000000000800aba0                _strtod_l
 .text.strtod   0x000000000800b788       0x18 c:/st/stm32cubeide_1.7.0/stm32cubeide/plugins/com.st.stm32cube.ide.mcu.externaltools.gnu-tools-for-stm32.9-2020-q2-update.win32_2.0.0.202105311346/tools/bin/../lib/gcc/arm-none-eabi/9.3.1/../../../../arm-none-eabi/lib/thumb/v7e-m/nofp\libc_nano.a(lib_a-strtod.o)
                0x000000000800b788                strtod
 .text._strtol_l.isra.0
                0x000000000800b7a0      0x10c c:/st/stm32cubeide_1.7.0/stm32cubeide/plugins/com.st.stm32cube.ide.mcu.externaltools.gnu-tools-for-stm32.9-2020-q2-update.win32_2.0.0.202105311346/tools/bin/../lib/gcc/arm-none-eabi/9.3.1/../../../../arm-none-eabi/lib/thumb/v7e-m/nofp\libc_nano.a(lib_a-strtol.o)
 .text.strtol   0x000000000800b8ac       0x14 c:/st/stm32cubeide_1.7.0/stm32cubeide/plugins/com.st.stm32cube.ide.mcu.externaltools.gnu-tools-for-stm32.9-2020-q2-update.win32_2.0.0.202105311346/tools/bin/../lib/gcc/arm-none-eabi/9.3.1/../../../../arm-none-eabi/lib/thumb/v7e-m/nofp\libc_nano.a(lib_a-strtol.o)
                0x000000000800b8ac                strtol
 .text._user_strerror
                0x000000000800b8c0        0x4 c:/st/stm32cubeide_1.7.0/stm32cubeide/plugins/com.st.stm32cube.ide.mcu.externaltools.gnu-tools-for-stm32.9-2020-q2-update.win32_2.0.0.202105311346/tools/bin/../lib/gcc/arm-none-eabi/9.3.1/../../../../arm-none-eabi/lib/thumb/v7e-m/nofp\libc_nano.a(lib_a-u_strerr.o)
                0x000000000800b8c0                _user_strerror
 .text.__swbuf_r
                0x000000000800b8c4       0xa4 c:/st/stm32cubeide_1.7.0/stm32cubeide/plugins/com.st.stm32cube.ide.mcu.externaltools.gnu-tools-for-stm32.9-2020-q2-update.win32_2.0.0.202105311346/tools/bin/../lib/gcc/arm-none-eabi/9.3.1/../../../../arm-none-eabi/lib/thumb/v7e-m/nofp\libc_nano.a(lib_a-wbuf.o)
                0x000000000800b8c4                __swbuf_r
 .text._write_r
                0x000000000800b968       0x24 c:/st/stm32cubeide_1.7.0/stm32cubeide/plugins/com.st.stm32cube.ide.mcu.externaltools.gnu-tools-for-stm32.9-2020-q2-update.win32_2.0.0.202105311346/tools/bin/../lib/gcc/arm-none-eabi/9.3.1/../../../../arm-none-eabi/lib/thumb/v7e-m/nofp\libc_nano.a(lib_a-writer.o)
                0x000000000800b968                _write_r
 .text.__swsetup_r
                0x000000000800b98c       0xdc c:/st/stm32cubeide_1.7.0/stm32cubeide/plugins/com.st.stm32cube.ide.mcu.externaltools.gnu-tools-for-stm32.9-2020-q2-update.win32_2.0.0.202105311346/tools/bin/../lib/gcc/arm-none-eabi/9.3.1/../../../../arm-none-eabi/lib/thumb/v7e-m/nofp\libc_nano.a(lib_a-wsetup.o)
                0x000000000800b98c                __swsetup_r
 .text.quorem   0x000000000800ba68      0x116 c:/st/stm32cubeide_1.7.0/stm32cubeide/plugins/com.st.stm32cube.ide.mcu.externaltools.gnu-tools-for-stm32.9-2020-q2-update.win32_2.0.0.202105311346/tools/bin/../lib/gcc/arm-none-eabi/9.3.1/../../../../arm-none-eabi/lib/thumb/v7e-m/nofp\libc_nano.a(lib_a-dtoa.o)
 *fill*         0x000000000800bb7e        0x2 
 .text._dtoa_r  0x000000000800bb80      0xbdc c:/st/stm32cubeide_1.7.0/stm32cubeide/plugins/com.st.stm32cube.ide.mcu.externaltools.gnu-tools-for-stm32.9-2020-q2-update.win32_2.0.0.202105311346/tools/bin/../lib/gcc/arm-none-eabi/9.3.1/../../../../arm-none-eabi/lib/thumb/v7e-m/nofp\libc_nano.a(lib_a-dtoa.o)
                0x000000000800bb80                _dtoa_r
 .text.__sflush_r
                0x000000000800c75c      0x10c c:/st/stm32cubeide_1.7.0/stm32cubeide/plugins/com.st.stm32cube.ide.mcu.externaltools.gnu-tools-for-stm32.9-2020-q2-update.win32_2.0.0.202105311346/tools/bin/../lib/gcc/arm-none-eabi/9.3.1/../../../../arm-none-eabi/lib/thumb/v7e-m/nofp\libc_nano.a(lib_a-fflush.o)
                0x000000000800c75c                __sflush_r
 .text._fflush_r
                0x000000000800c868       0x78 c:/st/stm32cubeide_1.7.0/stm32cubeide/plugins/com.st.stm32cube.ide.mcu.externaltools.gnu-tools-for-stm32.9-2020-q2-update.win32_2.0.0.202105311346/tools/bin/../lib/gcc/arm-none-eabi/9.3.1/../../../../arm-none-eabi/lib/thumb/v7e-m/nofp\libc_nano.a(lib_a-fflush.o)
                0x000000000800c868                _fflush_r
 .text.fileno   0x000000000800c8e0       0x7c c:/st/stm32cubeide_1.7.0/stm32cubeide/plugins/com.st.stm32cube.ide.mcu.externaltools.gnu-tools-for-stm32.9-2020-q2-update.win32_2.0.0.202105311346/tools/bin/../lib/gcc/arm-none-eabi/9.3.1/../../../../arm-none-eabi/lib/thumb/v7e-m/nofp\libc_nano.a(lib_a-fileno.o)
                0x000000000800c8e0                fileno
 .text.std      0x000000000800c95c       0x48 c:/st/stm32cubeide_1.7.0/stm32cubeide/plugins/com.st.stm32cube.ide.mcu.externaltools.gnu-tools-for-stm32.9-2020-q2-update.win32_2.0.0.202105311346/tools/bin/../lib/gcc/arm-none-eabi/9.3.1/../../../../arm-none-eabi/lib/thumb/v7e-m/nofp\libc_nano.a(lib_a-findfp.o)
 .text._cleanup_r
                0x000000000800c9a4        0xc c:/st/stm32cubeide_1.7.0/stm32cubeide/plugins/com.st.stm32cube.ide.mcu.externaltools.gnu-tools-for-stm32.9-2020-q2-update.win32_2.0.0.202105311346/tools/bin/../lib/gcc/arm-none-eabi/9.3.1/../../../../arm-none-eabi/lib/thumb/v7e-m/nofp\libc_nano.a(lib_a-findfp.o)
                0x000000000800c9a4                _cleanup_r
 .text.__sfmoreglue
                0x000000000800c9b0       0x2c c:/st/stm32cubeide_1.7.0/stm32cubeide/plugins/com.st.stm32cube.ide.mcu.externaltools.gnu-tools-for-stm32.9-2020-q2-update.win32_2.0.0.202105311346/tools/bin/../lib/gcc/arm-none-eabi/9.3.1/../../../../arm-none-eabi/lib/thumb/v7e-m/nofp\libc_nano.a(lib_a-findfp.o)
                0x000000000800c9b0                __sfmoreglue
 .text.__sfp_lock_acquire
                0x000000000800c9dc        0xc c:/st/stm32cubeide_1.7.0/stm32cubeide/plugins/com.st.stm32cube.ide.mcu.externaltools.gnu-tools-for-stm32.9-2020-q2-update.win32_2.0.0.202105311346/tools/bin/../lib/gcc/arm-none-eabi/9.3.1/../../../../arm-none-eabi/lib/thumb/v7e-m/nofp\libc_nano.a(lib_a-findfp.o)
                0x000000000800c9dc                __sfp_lock_acquire
 .text.__sfp_lock_release
                0x000000000800c9e8        0xc c:/st/stm32cubeide_1.7.0/stm32cubeide/plugins/com.st.stm32cube.ide.mcu.externaltools.gnu-tools-for-stm32.9-2020-q2-update.win32_2.0.0.202105311346/tools/bin/../lib/gcc/arm-none-eabi/9.3.1/../../../../arm-none-eabi/lib/thumb/v7e-m/nofp\libc_nano.a(lib_a-findfp.o)
                0x000000000800c9e8                __sfp_lock_release
 .text.__sinit_lock_acquire
                0x000000000800c9f4        0xc c:/st/stm32cubeide_1.7.0/stm32cubeide/plugins/com.st.stm32cube.ide.mcu.externaltools.gnu-tools-for-stm32.9-2020-q2-update.win32_2.0.0.202105311346/tools/bin/../lib/gcc/arm-none-eabi/9.3.1/../../../../arm-none-eabi/lib/thumb/v7e-m/nofp\libc_nano.a(lib_a-findfp.o)
                0x000000000800c9f4                __sinit_lock_acquire
 .text.__sinit_lock_release
                0x000000000800ca00        0xc c:/st/stm32cubeide_1.7.0/stm32cubeide/plugins/com.st.stm32cube.ide.mcu.externaltools.gnu-tools-for-stm32.9-2020-q2-update.win32_2.0.0.202105311346/tools/bin/../lib/gcc/arm-none-eabi/9.3.1/../../../../arm-none-eabi/lib/thumb/v7e-m/nofp\libc_nano.a(lib_a-findfp.o)
                0x000000000800ca00                __sinit_lock_release
 .text.__sinit  0x000000000800ca0c       0x70 c:/st/stm32cubeide_1.7.0/stm32cubeide/plugins/com.st.stm32cube.ide.mcu.externaltools.gnu-tools-for-stm32.9-2020-q2-update.win32_2.0.0.202105311346/tools/bin/../lib/gcc/arm-none-eabi/9.3.1/../../../../arm-none-eabi/lib/thumb/v7e-m/nofp\libc_nano.a(lib_a-findfp.o)
                0x000000000800ca0c                __sinit
 .text.__sfp    0x000000000800ca7c       0x8c c:/st/stm32cubeide_1.7.0/stm32cubeide/plugins/com.st.stm32cube.ide.mcu.externaltools.gnu-tools-for-stm32.9-2020-q2-update.win32_2.0.0.202105311346/tools/bin/../lib/gcc/arm-none-eabi/9.3.1/../../../../arm-none-eabi/lib/thumb/v7e-m/nofp\libc_nano.a(lib_a-findfp.o)
                0x000000000800ca7c                __sfp
 .text._fwalk_reent
                0x000000000800cb08       0x3e c:/st/stm32cubeide_1.7.0/stm32cubeide/plugins/com.st.stm32cube.ide.mcu.externaltools.gnu-tools-for-stm32.9-2020-q2-update.win32_2.0.0.202105311346/tools/bin/../lib/gcc/arm-none-eabi/9.3.1/../../../../arm-none-eabi/lib/thumb/v7e-m/nofp\libc_nano.a(lib_a-fwalk.o)
                0x000000000800cb08                _fwalk_reent
 .text.rshift   0x000000000800cb46       0xa4 c:/st/stm32cubeide_1.7.0/stm32cubeide/plugins/com.st.stm32cube.ide.mcu.externaltools.gnu-tools-for-stm32.9-2020-q2-update.win32_2.0.0.202105311346/tools/bin/../lib/gcc/arm-none-eabi/9.3.1/../../../../arm-none-eabi/lib/thumb/v7e-m/nofp\libc_nano.a(lib_a-gdtoa-gethex.o)
 .text.__hexdig_fun