Archive member included to satisfy reference by file (symbol)

c:/st/stm32cubeide_1.7.0/stm32cubeide/plugins/com.st.stm32cube.ide.mcu.externaltools.gnu-tools-for-stm32.9-2020-q2-update.win32_2.0.0.202105311346/tools/bin/../lib/gcc/arm-none-eabi/9.3.1/../../../../arm-none-eabi/lib/thumb/v7e-m/nofp\libc_nano.a(lib_a-atof.o)
                              ./Core/Src/main.o (atof)
c:/st/stm32cubeide_1.7.0/stm32cubeide/plugins/com.st.stm32cube.ide.mcu.externaltools.gnu-tools-for-stm32.9-2020-q2-update.win32_2.0.0.202105311346/tools/bin/../lib/gcc/arm-none-eabi/9.3.1/../../../../arm-none-eabi/lib/thumb/v7e-m/nofp\libc_nano.a(lib_a-atoi.o)
                              ./Core/Src/main.o (atoi)
c:/st/stm32cubeide_1.7.0/stm32cubeide/plugins/com.st.stm32cube.ide.mcu.externaltools.gnu-tools-for-stm32.9-2020-q2-update.win32_2.0.0.202105311346/tools/bin/../lib/gcc/arm-none-eabi/9.3.1/../../../../arm-none-eabi/lib/thumb/v7e-m/nofp\libc_nano.a(lib_a-errno.o)
                              ./Core/Src/syscalls.o (__errno)
c:/st/stm32cubeide_1.7.0/stm32cubeide/plugins/com.st.stm32cube.ide.mcu.externaltools.gnu-tools-for-stm32.9-2020-q2-update.win32_2.0.0.202105311346/tools/bin/../lib/gcc/arm-none-eabi/9.3.1/../../../../arm-none-eabi/lib/thumb/v7e-m/nofp\libc_nano.a(lib_a-exit.o)
                              c:/st/stm32cubeide_1.7.0/stm32cubeide/plugins/com.st.stm32cube.ide.mcu.externaltools.gnu-tools-for-stm32.9-2020-q2-update.win32_2.0.0.202105311346/tools/bin/../lib/gcc/arm-none-eabi/9.3.1/../../../../arm-none-eabi/lib/thumb/v7e-m/nofp/crt0.o (exit)
c:/st/stm32cubeide_1.7.0/stm32cubeide/plugins/com.st.stm32cube.ide.mcu.externaltools.gnu-tools-for-stm32.9-2020-q2-update.win32_2.0.0.202105311346/tools/bin/../lib/gcc/arm-none-eabi/9.3.1/../../../../arm-none-eabi/lib/thumb/v7e-m/nofp\libc_nano.a(lib_a-impure.o)
                              c:/st/stm32cubeide_1.7.0/stm32cubeide/plugins/com.st.stm32cube.ide.mcu.externaltools.gnu-tools-for-stm32.9-2020-q2-update.win32_2.0.0.202105311346/tools/bin/../lib/gcc/arm-none-eabi/9.3.1/../../../../arm-none-eabi/lib/thumb/v7e-m/nofp\libc_nano.a(lib_a-exit.o) (_global_impure_ptr)
c:/st/stm32cubeide_1.7.0/stm32cubeide/plugins/com.st.stm32cube.ide.mcu.externaltools.gnu-tools-for-stm32.9-2020-q2-update.win32_2.0.0.202105311346/tools/bin/../lib/gcc/arm-none-eabi/9.3.1/../../../../arm-none-eabi/lib/thumb/v7e-m/nofp\libc_nano.a(lib_a-init.o)
                              c:/st/stm32cubeide_1.7.0/stm32cubeide/plugins/com.st.stm32cube.ide.mcu.externaltools.gnu-tools-for-stm32.9-2020-q2-update.win32_2.0.0.202105311346/tools/bin/../lib/gcc/arm-none-eabi/9.3.1/../../../../arm-none-eabi/lib/thumb/v7e-m/nofp/crt0.o (__libc_init_array)
c:/st/stm32cubeide_1.7.0/stm32cubeide/plugins/com.st.stm32cube.ide.mcu.externaltools.gnu-tools-for-stm32.9-2020-q2-update.win32_2.0.0.202105311346/tools/bin/../lib/gcc/arm-none-eabi/9.3.1/../../../../arm-none-eabi/lib/thumb/v7e-m/nofp\libc_nano.a(lib_a-malloc.o)
                              ./Core/Src/config.o (malloc)
c:/st/stm32cubeide_1.7.0/stm32cubeide/plugins/com.st.stm32cube.ide.mcu.externaltools.gnu-tools-for-stm32.9-2020-q2-update.win32_2.0.0.202105311346/tools/bin/../lib/gcc/arm-none-eabi/9.3.1/../../../../arm-none-eabi/lib/thumb/v7e-m/nofp\libc_nano.a(lib_a-memcpy-stub.o)
                              ./Core/Src/config.o (memcpy)
c:/st/stm32cubeide_1.7.0/stm32cubeide/plugins/com.st.stm32cube.ide.mcu.externaltools.gnu-tools-for-stm32.9-2020-q2-update.win32_2.0.0.202105311346/tools/bin/../lib/gcc/arm-none-eabi/9.3.1/../../../../arm-none-eabi/lib/thumb/v7e-m/nofp\libc_nano.a(lib_a-memset.o)
                              c:/st/stm32cubeide_1.7.0/stm32cubeide/plugins/com.st.stm32cube.ide.mcu.externaltools.gnu-tools-for-stm32.9-2020-q2-update.win32_2.0.0.202105311346/tools/bin/../lib/gcc/arm-none-eabi/9.3.1/../../../../arm-none-eabi/lib/thumb/v7e-m/nofp/crt0.o (memset)
c:/st/stm32cubeide_1.7.0/stm32cubeide/plugins/com.st.stm32cube.ide.mcu.externaltools.gnu-tools-for-stm32.9-2020-q2-update.win32_2.0.0.202105311346/tools/bin/../lib/gcc/arm-none-eabi/9.3.1/../../../../arm-none-eabi/lib/thumb/v7e-m/nofp\libc_nano.a(lib_a-nano-freer.o)
                              c:/st/stm32cubeide_1.7.0/stm32cubeide/plugins/com.st.stm32cube.ide.mcu.externaltools.gnu-tools-for-stm32.9-2020-q2-update.win32_2.0.0.202105311346/tools/bin/../lib/gcc/arm-none-eabi/9.3.1/../../../../arm-none-eabi/lib/thumb/v7e-m/nofp\libc_nano.a(lib_a-malloc.o) (_free_r)
c:/st/stm32cubeide_1.7.0/stm32cubeide/plugins/com.st.stm32cube.ide.mcu.externaltools.gnu-tools-for-stm32.9-2020-q2-update.win32_2.0.0.202105311346/tools/bin/../lib/gcc/arm-none-eabi/9.3.1/../../../../arm-none-eabi/lib/thumb/v7e-m/nofp\libc_nano.a(lib_a-nano-mallocr.o)
[...]
Memory Configuration

Name             Origin             Length             Attributes
RAM1             0x0000000020000000 0x0000000000008000 xrw
RAM2             0x0000000020008000 0x0000000000008000 xrw
FLASH            0x0000000008000000 0x0000000000040000 xr
*default*        0x0000000000000000 0xffffffffffffffff

Linker script and memory map

LOAD c:/st/stm32cubeide_1.7.0/stm32cubeide/plugins/com.st.stm32cube.ide.mcu.externaltools.gnu-tools-for-stm32.9-2020-q2-update.win32_2.0.0.202105311346/tools/bin/../lib/gcc/arm-none-eabi/9.3.1/thumb/v7e-m/nofp/crti.o
LOAD c:/st/stm32cubeide_1.7.0/stm32cubeide/plugins/com.st.stm32cube.ide.mcu.externaltools.gnu-tools-for-stm32.9-2020-q2-update.win32_2.0.0.202105311346/tools/bin/../lib/gcc/arm-none-eabi/9.3.1/thumb/v7e-m/nofp/crtbegin.o
LOAD c:/st/stm32cubeide_1.7.0/stm32cubeide/plugins/com.st.stm32cube.ide.mcu.externaltools.gnu-tools-for-stm32.9-2020-q2-update.win32_2.0.0.202105311346/tools/bin/../lib/gcc/arm-none-eabi/9.3.1/../../../../arm-none-eabi/lib/thumb/v7e-m/nofp/crt0.o
LOAD ./Core/Src/config.o
LOAD ./Core/Src/main.o
LOAD ./Core/Src/radio_board_if.o
LOAD ./Core/Src/ring.o
LOAD ./Core/Src/stm32wlxx_hal_msp.o
LOAD ./Core/Src/stm32wlxx_it.o
LOAD ./Core/Src/subghz.o
LOAD ./Core/Src/subghz_phy_app.o
LOAD ./Core/Src/syscalls.o
LOAD ./Core/Src/sysmem.o
LOAD ./Core/Src/system_stm32wlxx.o
LOAD ./Core/Src/uart_driver.o
LOAD ./Core/Startup/startup_stm32wle5jcix.o
LOAD ./Drivers/BSP/STM32WLxx_Nucleo/stm32wlxx_nucleo.o
LOAD ./Drivers/BSP/STM32WLxx_Nucleo/stm32wlxx_nucleo_radio.o
LOAD ./Drivers/STM32WLxx_HAL_Driver/Src/stm32wlxx_hal.o
LOAD ./Drivers/STM32WLxx_HAL_Driver/Src/stm32wlxx_hal_cortex.o
LOAD ./Drivers/STM32WLxx_HAL_Driver/Src/stm32wlxx_hal_dma.o
LOAD ./Drivers/STM32WLxx_HAL_Driver/Src/stm32wlxx_hal_dma_ex.o
LOAD ./Drivers/STM32WLxx_HAL_Driver/Src/stm32wlxx_hal_exti.o
LOAD ./Drivers/STM32WLxx_HAL_Driver/Src/stm32wlxx_hal_flash.o
LOAD ./Drivers/STM32WLxx_HAL_Driver/Src/stm32wlxx_hal_flash_ex.o
LOAD ./Drivers/STM32WLxx_HAL_Driver/Src/stm32wlxx_hal_gpio.o
LOAD ./Drivers/STM32WLxx_HAL_Driver/Src/stm32wlxx_hal_pwr.o
LOAD ./Drivers/STM32WLxx_HAL_Driver/Src/stm32wlxx_hal_pwr_ex.o
LOAD ./Drivers/STM32WLxx_HAL_Driver/Src/stm32wlxx_hal_rcc.o
LOAD ./Drivers/STM32WLxx_HAL_Driver/Src/stm32wlxx_hal_rcc_ex.o
LOAD ./Drivers/STM32WLxx_HAL_Driver/Src/stm32wlxx_hal_subghz.o
LOAD ./Drivers/STM32WLxx_HAL_Driver/Src/stm32wlxx_hal_tim.o
LOAD ./Drivers/STM32WLxx_HAL_Driver/Src/stm32wlxx_hal_tim_ex.o
LOAD ./Drivers/STM32WLxx_HAL_Driver/Src/stm32wlxx_hal_uart.o
LOAD ./Drivers/STM32WLxx_HAL_Driver/Src/stm32wlxx_hal_uart_ex.o
LOAD ./Drivers/STM32WLxx_HAL_Driver/Src/stm32wlxx_ll_gpio.o
LOAD ./Drivers/STM32WLxx_HAL_Driver/Src/stm32wlxx_ll_spi.o
LOAD ./SubGHz_Phy/stm32_radio_driver/radio.o
LOAD ./SubGHz_Phy/stm32_radio_driver/radio_driver.o
LOAD ./SubGHz_Phy/stm32_radio_driver/radio_fw.o
LOAD ./protocole/src/list.o
LOAD ./protocole/src/ll.o
LOAD ./protocole/src/packet.o
START GROUP
LOAD c:/st/stm32cubeide_1.7.0/stm32cubeide/plugins/com.st.stm32cube.ide.mcu.externaltools.gnu-tools-for-stm32.9-2020-q2-update.win32_2.0.0.202105311346/tools/bin/../lib/gcc/arm-none-eabi/9.3.1/../../../../arm-none-eabi/lib/thumb/v7e-m/nofp\libc_nano.a
LOAD c:/st/stm32cubeide_1.7.0/stm32cubeide/plugins/com.st.stm32cube.ide.mcu.externaltools.gnu-tools-for-stm32.9-2020-q2-update.win32_2.0.0.202105311346/tools/bin/../lib/gcc/arm-none-eabi/9.3.1/../../../../arm-none-eabi/lib/thumb/v7e-m/nofp\libm.a
END GROUP
START GROUP
LOAD c:/st/stm32cubeide_1.7.0/stm32cubeide/plugins/com.st.stm32cube.ide.mcu.externaltools.gnu-tools-for-stm32.9-2020-q2-update.win32_2.0.0.202105311346/tools/bin/../lib/gcc/arm-none-eabi/9.3.1/thumb/v7e-m/nofp\libgcc.a
LOAD c:/st/stm32cubeide_1.7.0/stm32cubeide/plugins/com.st.stm32cube.ide.mcu.externaltools.gnu-tools-for-stm32.9-2020-q2-update.win32_2.0.0.202105311346/tools/bin/../lib/gcc/arm-none-eabi/9.3.1/../../../../arm-none-eabi/lib/thumb/v7e-m/nofp\libc_nano.a
END GROUP
START GROUP
LOAD c:/st/stm32cubeide_1.7.0/stm32cubeide/plugins/com.st.stm32cube.ide.mcu.externaltools.gnu-tools-for-stm32.9-2020-q2-update.win32_2.0.0.202105311346/tools/bin/../lib/gcc/arm-none-eabi/9.3.1/thumb/v7e-m/nofp\libgcc.a
LOAD c:/st/stm32cubeide_1.7.0/stm32cubeide/plugins/com.st.stm32cube.ide.mcu.externaltools.gnu-tools-for-stm32.9-2020-q2-update.win32_2.0.0.202105311346/tools/bin/../lib/gcc/arm-none-eabi/9.3.1/../../../../arm-none-eabi/lib/thumb/v7e-m/nofp\libc_nano.a
LOAD c:/st/stm32cubeide_1.7.0/stm32cubeide/plugins/com.st.stm32cube.ide.mcu.externaltools.gnu-tools-for-stm32.9-2020-q2-update.win32_2.0.0.202105311346/tools/bin/../lib/gcc/arm-none-eabi/9.3.1/../../../../arm-none-eabi/lib/thumb/v7e-m/nofp\libnosys.a
END GROUP
START GROUP
LOAD c:/st/stm32cubeide_1.7.0/stm32cubeide/plugins/com.st.stm32cube.ide.mcu.externaltools.gnu-tools-for-stm32.9-2020-q2-update.win32_2.0.0.202105311346/tools/bin/../lib/gcc/arm-none-eabi/9.3.1/thumb/v7e-m/nofp\libgcc.a
LOAD c:/st/stm32cubeide_1.7.0/stm32cubeide/plugins/com.st.stm32cube.ide.mcu.externaltools.gnu-tools-for-stm32.9-2020-q2-update.win32_2.0.0.202105311346/tools/bin/../lib/gcc/arm-none-eabi/9.3.1/../../../../arm-none-eabi/lib/thumb/v7e-m/nofp\libc_nano.a
LOAD c:/st/stm32cubeide_1.7.0/stm32cubeide/plugins/com.st.stm32cube.ide.mcu.externaltools.gnu-tools-for-stm32.9-2020-q2-update.win32_2.0.0.202105311346/tools/bin/../lib/gcc/arm-none-eabi/9.3.1/../../../../arm-none-eabi/lib/thumb/v7e-m/nofp\libnosys.a
END GROUP
LOAD c:/st/stm32cubeide_1.7.0/stm32cubeide/plugins/com.st.stm32cube.ide.mcu.externaltools.gnu-tools-for-stm32.9-2020-q2-update.win32_2.0.0.202105311346/tools/bin/../lib/gcc/arm-none-eabi/9.3.1/thumb/v7e-m/nofp/crtend.o
LOAD c:/st/stm32cubeide_1.7.0/stm32cubeide/plugins/com.st.stm32cube.ide.mcu.externaltools.gnu-tools-for-stm32.9-2020-q2-update.win32_2.0.0.202105311346/tools/bin/../lib/gcc/arm-none-eabi/9.3.1/thumb/v7e-m/nofp/crtn.o
                0x0000000020008000                _estack = (ORIGIN (RAM1) + LENGTH (RAM1))
                0x0000000000000200                _Min_Heap_Size = 0x200
                0x0000000000000400                _Min_Stack_Size = 0x400

.isr_vector     0x0000000008000000      0x138
                0x0000000008000000                . = ALIGN (0x4)
 *(.isr_vector)
 .isr_vector    0x0000000008000000      0x138 ./Core/Startup/startup_stm32wle5jcix.o
                0x0000000008000000                g_pfnVectors
                0x0000000008000138                . = ALIGN (0x4)

.text           0x0000000008000140     0xd37c
                0x0000000008000140                . = ALIGN (0x4)
 *(.text)
 .text          0x0000000008000140       0x40 c:/st/stm32cubeide_1.7.0/stm32cubeide/plugins/com.st.stm32cube.ide.mcu.externaltools.gnu-tools-for-stm32.9-2020-q2-update.win32_2.0.0.202105311346/tools/bin/../lib/gcc/arm-none-eabi/9.3.1/thumb/v7e-m/nofp/crtbegin.o
 .text          0x0000000008000180       0x14 c:/st/stm32cubeide_1.7.0/stm32cubeide/plugins/com.st.stm32cube.ide.mcu.externaltools.gnu-tools-for-stm32.9-2020-q2-update.win32_2.0.0.202105311346/tools/bin/../lib/gcc/arm-none-eabi/9.3.1/../../../../arm-none-eabi/lib/thumb/v7e-m/nofp\libc_nano.a(lib_a-strcmp.o)
                0x0000000008000180                strcmp
 .text          0x0000000008000194       0x10 c:/st/stm32cubeide_1.7.0/stm32cubeide/plugins/com.st.stm32cube.ide.mcu.externaltools.gnu-tools-for-stm32.9-2020-q2-update.win32_2.0.0.202105311346/tools/bin/../lib/gcc/arm-none-eabi/9.3.1/../../../../arm-none-eabi/lib/thumb/v7e-m/nofp\libc_nano.a(lib_a-strlen.o)
                0x0000000008000194                strlen
 *fill*         0x00000000080001a4        0xc 
 .text          0x00000000080001b0       0xa0 c:/st/stm32cubeide_1.7.0/stm32cubeide/plugins/com.st.stm32cube.ide.mcu.externaltools.gnu-tools-for-stm32.9-2020-q2-update.win32_2.0.0.202105311346/tools/bin/../lib/gcc/arm-none-eabi/9.3.1/../../../../arm-none-eabi/lib/thumb/v7e-m/nofp\libc_nano.a(lib_a-memchr.o)
                0x00000000080001b0                memchr
 .text          0x0000000008000250      0x378 c:/st/stm32cubeide_1.7.0/stm32cubeide/plugins/com.st.stm32cube.ide.mcu.externaltools.gnu-tools-for-stm32.9-2020-q2-update.win32_2.0.0.202105311346/tools/bin/../lib/gcc/arm-none-eabi/9.3.1/thumb/v7e-m/nofp\libgcc.a(_arm_addsubdf3.o)
                0x0000000008000250                __aeabi_drsub
                0x0000000008000258                __aeabi_dsub
                0x0000000008000258                __subdf3
                0x000000000800025c                __aeabi_dadd
                0x000000000800025c                __adddf3
                0x00000000080004d4                __floatunsidf
                0x00000000080004d4                __aeabi_ui2d
                0x00000000080004f4                __floatsidf
                0x00000000080004f4                __aeabi_i2d
                0x0000000008000518                __aeabi_f2d
                0x0000000008000518                __extendsfdf2
                0x000000000800055c                __floatundidf
                0x000000000800055c                __aeabi_ul2d
                0x000000000800056c                __floatdidf
                0x000000000800056c                __aeabi_l2d
 .text          0x00000000080005c8      0x424 c:/st/stm32cubeide_1.7.0/stm32cubeide/plugins/com.st.stm32cube.ide.mcu.externaltools.gnu-tools-for-stm32.9-2020-q2-update.win32_2.0.0.202105311346/tools/bin/../lib/gcc/arm-none-eabi/9.3.1/thumb/v7e-m/nofp\libgcc.a(_arm_muldivdf3.o)
                0x00000000080005c8                __aeabi_dmul
                0x00000000080005c8                __muldf3
                0x000000000800081c                __divdf3
                0x000000000800081c                __aeabi_ddiv
 .text          0x00000000080009ec      0x110 c:/st/stm32cubeide_1.7.0/stm32cubeide/plugins/com.st.stm32cube.ide.mcu.externaltools.gnu-tools-for-stm32.9-2020-q2-update.win32_2.0.0.202105311346/tools/bin/../lib/gcc/arm-none-eabi/9.3.1/thumb/v7e-m/nofp\libgcc.a(_arm_cmpdf2.o)
                0x00000000080009ec                __gtdf2
                0x00000000080009ec                __gedf2
                0x00000000080009f4                __ltdf2
                0x00000000080009f4                __ledf2
                0x00000000080009fc                __nedf2
                0x00000000080009fc                __eqdf2
                0x00000000080009fc                __cmpdf2
                0x0000000008000a78                __aeabi_cdrcmple
                0x0000000008000a88                __aeabi_cdcmpeq
                0x0000000008000a88                __aeabi_cdcmple
                0x0000000008000a98                __aeabi_dcmpeq
                0x0000000008000aac                __aeabi_dcmplt
                0x0000000008000ac0                __aeabi_dcmple
                0x0000000008000ad4                __aeabi_dcmpge
                0x0000000008000ae8                __aeabi_dcmpgt
 .text          0x0000000008000afc       0x2c c:/st/stm32cubeide_1.7.0/stm32cubeide/plugins/com.st.stm32cube.ide.mcu.externaltools.gnu-tools-for-stm32.9-2020-q2-update.win32_2.0.0.202105311346/tools/bin/../lib/gcc/arm-none-eabi/9.3.1/thumb/v7e-m/nofp\libgcc.a(_arm_unorddf2.o)
                0x0000000008000afc                __unorddf2
                0x0000000008000afc                __aeabi_dcmpun
 .text          0x0000000008000b28       0x50 c:/st/stm32cubeide_1.7.0/stm32cubeide/plugins/com.st.stm32cube.ide.mcu.externaltools.gnu-tools-for-stm32.9-2020-q2-update.win32_2.0.0.202105311346/tools/bin/../lib/gcc/arm-none-eabi/9.3.1/thumb/v7e-m/nofp\libgcc.a(_arm_fixdfsi.o)
                0x0000000008000b28                __aeabi_d2iz
                0x0000000008000b28                __fixdfsi
 .text          0x0000000008000b78       0x40 c:/st/stm32cubeide_1.7.0/stm32cubeide/plugins/com.st.stm32cube.ide.mcu.externaltools.gnu-tools-for-stm32.9-2020-q2-update.win32_2.0.0.202105311346/tools/bin/../lib/gcc/arm-none-eabi/9.3.1/thumb/v7e-m/nofp\libgcc.a(_arm_fixunsdfsi.o)
                0x0000000008000b78                __aeabi_d2uiz
                0x0000000008000b78                __fixunsdfsi
 .text          0x0000000008000bb8       0xa0 c:/st/stm32cubeide_1.7.0/stm32cubeide/plugins/com.st.stm32cube.ide.mcu.externaltools.gnu-tools-for-stm32.9-2020-q2-update.win32_2.0.0.202105311346/tools/bin/../lib/gcc/arm-none-eabi/9.3.1/thumb/v7e-m/nofp\libgcc.a(_arm_truncdfsf2.o)
                0x0000000008000bb8                __truncdfsf2
                0x0000000008000bb8                __aeabi_d2f
 .text          0x0000000008000c58       0x30 c:/st/stm32cubeide_1.7.0/stm32cubeide/plugins/com.st.stm32cube.ide.mcu.externaltools.gnu-tools-for-stm32.9-2020-q2-update.win32_2.0.0.202105311346/tools/bin/../lib/gcc/arm-none-eabi/9.3.1/thumb/v7e-m/nofp\libgcc.a(_aeabi_uldivmod.o)
                0x0000000008000c58                __aeabi_uldivmod
 .text          0x0000000008000c88       0x34 c:/st/stm32cubeide_1.7.0/stm32cubeide/plugins/com.st.stm32cube.ide.mcu.externaltools.gnu-tools-for-stm32.9-2020-q2-update.win32_2.0.0.202105311346/tools/bin/../lib/gcc/arm-none-eabi/9.3.1/thumb/v7e-m/nofp\libgcc.a(_fixdfdi.o)
                0x0000000008000c88                __fixdfdi
                0x0000000008000c88                __aeabi_d2lz
 .text          0x0000000008000cbc       0x3c c:/st/stm32cubeide_1.7.0/stm32cubeide/plugins/com.st.stm32cube.ide.mcu.externaltools.gnu-tools-for-stm32.9-2020-q2-update.win32_2.0.0.202105311346/tools/bin/../lib/gcc/arm-none-eabi/9.3.1/thumb/v7e-m/nofp\libgcc.a(_fixunsdfdi.o)
                0x0000000008000cbc                __fixunsdfdi
                0x0000000008000cbc                __aeabi_d2ulz
 .text          0x0000000008000cf8      0x2c0 c:/st/stm32cubeide_1.7.0/stm32cubeide/plugins/com.st.stm32cube.ide.mcu.externaltools.gnu-tools-for-stm32.9-2020-q2-update.win32_2.0.0.202105311346/tools/bin/../lib/gcc/arm-none-eabi/9.3.1/thumb/v7e-m/nofp\libgcc.a(_udivmoddi4.o)
                0x0000000008000cf8                __udivmoddi4
 .text          0x0000000008000fb8        0x4 c:/st/stm32cubeide_1.7.0/stm32cubeide/plugins/com.st.stm32cube.ide.mcu.externaltools.gnu-tools-for-stm32.9-2020-q2-update.win32_2.0.0.202105311346/tools/bin/../lib/gcc/arm-none-eabi/9.3.1/thumb/v7e-m/nofp\libgcc.a(_dvmd_tls.o)
                0x0000000008000fb8                __aeabi_idiv0
                0x0000000008000fb8                __aeabi_ldiv0
 *(.text*)
 .text.config_init
                0x0000000008000fbc       0x20 ./Core/Src/config.o
                0x0000000008000fbc                config_init
 .text.config_load
                0x0000000008000fdc       0x58 ./Core/Src/config.o
                0x0000000008000fdc                config_load
 .text.__NVIC_EnableIRQ
                0x0000000008001034       0x38 ./Core/Src/main.o
 .text.__NVIC_SetPriority
                0x000000000800106c       0x54 ./Core/Src/main.o
 .text.LL_RCC_LSE_SetDriveCapability
                0x00000000080010c0       0x2a ./Core/Src/main.o
 .text.LL_AHB2_GRP1_EnableClock
                0x00000000080010ea       0x30 ./Core/Src/main.o
 .text.sys_get_tick
                0x000000000800111a        0xe ./Core/Src/main.o
                0x000000000800111a                sys_get_tick
 .text.main     0x0000000008001128       0x98 ./Core/Src/main.o
                0x0000000008001128                main
 .text.parse_transmetter_data
                0x00000000080011c0       0xb0 ./Core/Src/main.o
                0x00000000080011c0                parse_transmetter_data
 .text.SystemClock_Config
                0x0000000008001270       0xb4 ./Core/Src/main.o
                0x0000000008001270                SystemClock_Config
 .text.MX_USART1_UART_Init
                0x0000000008001324       0xa8 ./Core/Src/main.o
 .text.MX_GPIO_Init
                0x00000000080013cc        0xe ./Core/Src/main.o
 .text.Error_Handler
                0x00000000080013da        0xa ./Core/Src/main.o
                0x00000000080013da                Error_Handler
 .text.__io_getchar
                0x00000000080013e4       0x24 ./Core/Src/main.o
                0x00000000080013e4                __io_getchar
 .text.__io_putchar
                0x0000000008001408       0x24 ./Core/Src/main.o
                0x0000000008001408                __io_putchar
 .text.RBI_Init
                0x000000000800142c        0xe ./Core/Src/radio_board_if.o
                0x000000000800142c                RBI_Init
 .text.RBI_ConfigRFSwitch
                0x000000000800143a       0x1c ./Core/Src/radio_board_if.o
                0x000000000800143a                RBI_ConfigRFSwitch
 .text.RBI_GetTxConfig
                0x0000000008001456        0xe ./Core/Src/radio_board_if.o
                0x0000000008001456                RBI_GetTxConfig
 .text.RBI_IsTCXO
                0x0000000008001464        0xe ./Core/Src/radio_board_if.o
                0x0000000008001464                RBI_IsTCXO
 .text.RBI_IsDCDC
                0x0000000008001472        0xe ./Core/Src/radio_board_if.o
                0x0000000008001472                RBI_IsDCDC
 .text.ring_pushOver
                0x0000000008001480       0x6c ./Core/Src/ring.o
                0x0000000008001480                ring_pushOver
 .text.LL_AHB2_GRP1_EnableClock
                0x00000000080014ec       0x30 ./Core/Src/stm32wlxx_hal_msp.o
 .text.LL_APB2_GRP1_EnableClock
                0x000000000800151c       0x30 ./Core/Src/stm32wlxx_hal_msp.o
 .text.HAL_MspInit
                0x000000000800154c        0xc ./Core/Src/stm32wlxx_hal_msp.o
                0x000000000800154c                HAL_MspInit
 .text.HAL_UART_MspInit
                0x0000000008001558       0x9c ./Core/Src/stm32wlxx_hal_msp.o
                0x0000000008001558                HAL_UART_MspInit
 .text.NMI_Handler
                0x00000000080015f4        0x6 ./Core/Src/stm32wlxx_it.o
                0x00000000080015f4                NMI_Handler
 .text.HardFault_Handler
                0x00000000080015fa        0x6 ./Core/Src/stm32wlxx_it.o
                0x00000000080015fa                HardFault_Handler
 .text.MemManage_Handler
                0x0000000008001600        0x6 ./Core/Src/stm32wlxx_it.o
                0x0000000008001600                MemManage_Handler
 .text.BusFault_Handler
                0x0000000008001606        0x6 ./Core/Src/stm32wlxx_it.o
                0x0000000008001606                BusFault_Handler
 .text.UsageFault_Handler
                0x000000000800160c        0x6 ./Core/Src/stm32wlxx_it.o
                0x000000000800160c                UsageFault_Handler
 .text.SVC_Handler
                0x0000000008001612        0xc ./Core/Src/stm32wlxx_it.o
                0x0000000008001612                SVC_Handler
 .text.DebugMon_Handler
                0x000000000800161e        0xc ./Core/Src/stm32wlxx_it.o
                0x000000000800161e                DebugMon_Handler
 .text.PendSV_Handler
                0x000000000800162a        0xc ./Core/Src/stm32wlxx_it.o
                0x000000000800162a                PendSV_Handler
 .text.SysTick_Handler
                0x0000000008001636        0xc ./Core/Src/stm32wlxx_it.o
                0x0000000008001636                SysTick_Handler
 *fill*         0x0000000008001642        0x2 
 .text.USART1_IRQHandler
                0x0000000008001644       0x30 ./Core/Src/stm32wlxx_it.o
                0x0000000008001644                USART1_IRQHandler
 .text.SUBGHZ_Radio_IRQHandler
                0x0000000008001674       0x14 ./Core/Src/stm32wlxx_it.o
                0x0000000008001674                SUBGHZ_Radio_IRQHandler
 .text.LL_APB3_GRP1_EnableClock
                0x0000000008001688       0x30 ./Core/Src/subghz.o
 .text.MX_SUBGHZ_Init
                0x00000000080016b8       0x24 ./Core/Src/subghz.o
                0x00000000080016b8                MX_SUBGHZ_Init
 .text.HAL_SUBGHZ_MspInit
                0x00000000080016dc       0x26 ./Core/Src/subghz.o
                0x00000000080016dc                HAL_SUBGHZ_MspInit
 *fill*         0x0000000008001702        0x2 
 .text.SubghzApp_Init
                0x0000000008001704      0x140 ./Core/Src/subghz_phy_app.o
                0x0000000008001704                SubghzApp_Init
 .text.OnTxDone
                0x0000000008001844        0xc ./Core/Src/subghz_phy_app.o
 .text.OnRxDone
                0x0000000008001850       0x2c ./Core/Src/subghz_phy_app.o
 .text.OnTxTimeout
                0x000000000800187c       0x1c ./Core/Src/subghz_phy_app.o
 .text.OnRxTimeout
                0x0000000008001898       0x1c ./Core/Src/subghz_phy_app.o
 .text.OnRxError
                0x00000000080018b4       0x1c ./Core/Src/subghz_phy_app.o
 .text._getpid  0x00000000080018d0        0xe ./Core/Src/syscalls.o
                0x00000000080018d0                _getpid
 .text._kill    0x00000000080018de       0x20 ./Core/Src/syscalls.o
                0x00000000080018de                _kill
 .text._exit    0x00000000080018fe       0x14 ./Core/Src/syscalls.o
                0x00000000080018fe                _exit
 .text._read    0x0000000008001912       0x3a ./Core/Src/syscalls.o
                0x0000000008001912                _read
 .text._write   0x000000000800194c       0x38 ./Core/Src/syscalls.o
                0x000000000800194c                _write
 .text._close   0x0000000008001984       0x16 ./Core/Src/syscalls.o
                0x0000000008001984                _close
 .text._fstat   0x000000000800199a       0x1e ./Core/Src/syscalls.o
                0x000000000800199a                _fstat
 .text._isatty  0x00000000080019b8       0x14 ./Core/Src/syscalls.o
                0x00000000080019b8                _isatty
 .text._lseek   0x00000000080019cc       0x18 ./Core/Src/syscalls.o
                0x00000000080019cc                _lseek
 .text._sbrk    0x00000000080019e4       0x6c ./Core/Src/sysmem.o
                0x00000000080019e4                _sbrk
 .text.SystemInit
                0x0000000008001a50        0xc ./Core/Src/system_stm32wlxx.o
                0x0000000008001a50                SystemInit
 .text.set_NL_detection
                0x0000000008001a5c       0x18 ./Core/Src/uart_driver.o
                0x0000000008001a5c                set_NL_detection
 .text.uart_RX_interrupt_hanlder
                0x0000000008001a74       0x2c ./Core/Src/uart_driver.o
                0x0000000008001a74                uart_RX_interrupt_hanlder
 .text.Reset_Handler
                0x0000000008001aa0       0x50 ./Core/Startup/startup_stm32wle5jcix.o
                0x0000000008001aa0                Reset_Handler
 .text.Default_Handler
                0x0000000008001af0        0x2 ./Core/Startup/startup_stm32wle5jcix.o
                0x0000000008001af0                RTC_Alarm_IRQHandler
                0x0000000008001af0                EXTI2_IRQHandler
                0x0000000008001af0                TIM1_CC_IRQHandler
                0x0000000008001af0                EXTI3_IRQHandler
                0x0000000008001af0                LPTIM2_IRQHandler
                0x0000000008001af0                I2C3_ER_IRQHandler
                0x0000000008001af0                LPTIM3_IRQHandler
                0x0000000008001af0                EXTI0_IRQHandler
                0x0000000008001af0                I2C2_EV_IRQHandler
                0x0000000008001af0                TAMP_STAMP_LSECSS_SSRU_IRQHandler
                0x0000000008001af0                SPI1_IRQHandler
                0x0000000008001af0                DMA2_Channel2_IRQHandler
                0x0000000008001af0                DMA1_Channel4_IRQHandler
                0x0000000008001af0                PKA_IRQHandler
                0x0000000008001af0                TIM17_IRQHandler
                0x0000000008001af0                DMA1_Channel7_IRQHandler
                0x0000000008001af0                SUBGHZSPI_IRQHandler
                0x0000000008001af0                DMA2_Channel1_IRQHandler
                0x0000000008001af0                I2C1_EV_IRQHandler
                0x0000000008001af0                DMAMUX1_OVR_IRQHandler
                0x0000000008001af0                DMA1_Channel6_IRQHandler
                0x0000000008001af0                TIM16_IRQHandler
                0x0000000008001af0                DMA2_Channel4_IRQHandler
                0x0000000008001af0                RCC_IRQHandler
                0x0000000008001af0                TIM1_TRG_COM_IRQHandler
                0x0000000008001af0                DMA1_Channel1_IRQHandler
                0x0000000008001af0                Default_Handler
                0x0000000008001af0                DMA2_Channel7_IRQHandler
                0x0000000008001af0                EXTI15_10_IRQHandler
                0x0000000008001af0                ADC_IRQHandler
                0x0000000008001af0                I2C3_EV_IRQHandler
                0x0000000008001af0                EXTI9_5_IRQHandler
                0x0000000008001af0                RTC_WKUP_IRQHandler
                0x0000000008001af0                PVD_PVM_IRQHandler
                0x0000000008001af0                SPI2_IRQHandler
                0x0000000008001af0                DMA2_Channel5_IRQHandler
                0x0000000008001af0                DMA1_Channel5_IRQHandler
                0x0000000008001af0                EXTI4_IRQHandler
                0x0000000008001af0                RNG_IRQHandler
                0x0000000008001af0                DMA1_Channel3_IRQHandler
                0x0000000008001af0                COMP_IRQHandler
                0x0000000008001af0                HSEM_IRQHandler
                0x0000000008001af0                TIM1_UP_IRQHandler
                0x0000000008001af0                WWDG_IRQHandler
                0x0000000008001af0                LPUART1_IRQHandler
                0x0000000008001af0                DMA2_Channel6_IRQHandler
                0x0000000008001af0                TIM2_IRQHandler
                0x0000000008001af0                TIM1_BRK_IRQHandler
                0x0000000008001af0                DAC_IRQHandler
                0x0000000008001af0                EXTI1_IRQHandler
                0x0000000008001af0                AES_IRQHandler
                0x0000000008001af0                USART2_IRQHandler
                0x0000000008001af0                I2C2_ER_IRQHandler
                0x0000000008001af0                DMA1_Channel2_IRQHandler
                0x0000000008001af0                FLASH_IRQHandler
                0x0000000008001af0                I2C1_ER_IRQHandler
                0x0000000008001af0                LPTIM1_IRQHandler
                0x0000000008001af0                DMA2_Channel3_IRQHandler
 .text.LL_AHB2_GRP1_EnableClock
                0x0000000008001af2       0x30 ./Drivers/BSP/STM32WLxx_Nucleo/stm32wlxx_nucleo_radio.o
 *fill*         0x0000000008001b22        0x2 
 .text.BSP_RADIO_Init
                0x0000000008001b24       0x7c ./Drivers/BSP/STM32WLxx_Nucleo/stm32wlxx_nucleo_radio.o
                0x0000000008001b24                BSP_RADIO_Init
 .text.BSP_RADIO_ConfigRFSwitch
                0x0000000008001ba0       0xb8 ./Drivers/BSP/STM32WLxx_Nucleo/stm32wlxx_nucleo_radio.o
                0x0000000008001ba0                BSP_RADIO_ConfigRFSwitch
 .text.BSP_RADIO_GetTxConfig
                0x0000000008001c58        0xe ./Drivers/BSP/STM32WLxx_Nucleo/stm32wlxx_nucleo_radio.o
                0x0000000008001c58                BSP_RADIO_GetTxConfig
 .text.BSP_RADIO_IsTCXO
                0x0000000008001c66        0xe ./Drivers/BSP/STM32WLxx_Nucleo/stm32wlxx_nucleo_radio.o
                0x0000000008001c66                BSP_RADIO_IsTCXO
 .text.BSP_RADIO_IsDCDC
                0x0000000008001c74        0xe ./Drivers/BSP/STM32WLxx_Nucleo/stm32wlxx_nucleo_radio.o
                0x0000000008001c74                BSP_RADIO_IsDCDC
 *fill*         0x0000000008001c82        0x2 
 .text.HAL_Init
                0x0000000008001c84       0x40 ./Drivers/STM32WLxx_HAL_Driver/Src/stm32wlxx_hal.o
                0x0000000008001c84                HAL_Init
 .text.HAL_InitTick
                0x0000000008001cc4       0x74 ./Drivers/STM32WLxx_HAL_Driver/Src/stm32wlxx_hal.o
                0x0000000008001cc4                HAL_InitTick
 .text.HAL_IncTick
                0x0000000008001d38       0x24 ./Drivers/STM32WLxx_HAL_Driver/Src/stm32wlxx_hal.o
                0x0000000008001d38                HAL_IncTick
 .text.HAL_GetTick
                0x0000000008001d5c       0x14 ./Drivers/STM32WLxx_HAL_Driver/Src/stm32wlxx_hal.o
                0x0000000008001d5c                HAL_GetTick
 .text.HAL_Delay
                0x0000000008001d70       0x48 ./Drivers/STM32WLxx_HAL_Driver/Src/stm32wlxx_hal.o
                0x0000000008001d70                HAL_Delay
 .text.__NVIC_SetPriorityGrouping
                0x0000000008001db8       0x48 ./Drivers/STM32WLxx_HAL_Driver/Src/stm32wlxx_hal_cortex.o
 .text.__NVIC_GetPriorityGrouping
                0x0000000008001e00       0x1c ./Drivers/STM32WLxx_HAL_Driver/Src/stm32wlxx_hal_cortex.o
 .text.__NVIC_EnableIRQ
                0x0000000008001e1c       0x38 ./Drivers/STM32WLxx_HAL_Driver/Src/stm32wlxx_hal_cortex.o
 .text.__NVIC_SetPriority
                0x0000000008001e54       0x54 ./Drivers/STM32WLxx_HAL_Driver/Src/stm32wlxx_hal_cortex.o
 .text.NVIC_EncodePriority
                0x0000000008001ea8       0x64 ./Drivers/STM32WLxx_HAL_Driver/Src/stm32wlxx_hal_cortex.o
 .text.SysTick_Config
                0x0000000008001f0c       0x44 ./Drivers/STM32WLxx_HAL_Driver/Src/stm32wlxx_hal_cortex.o
 .text.HAL_NVIC_SetPriorityGrouping
                0x0000000008001f50       0x16 ./Drivers/STM32WLxx_HAL_Driver/Src/stm32wlxx_hal_cortex.o
                0x0000000008001f50                HAL_NVIC_SetPriorityGrouping
 .text.HAL_NVIC_SetPriority
                0x0000000008001f66       0x34 ./Drivers/STM32WLxx_HAL_Driver/Src/stm32wlxx_hal_cortex.o
                0x0000000008001f66                HAL_NVIC_SetPriority
 .text.HAL_NVIC_EnableIRQ
                0x0000000008001f9a       0x1c ./Drivers/STM32WLxx_HAL_Driver/Src/stm32wlxx_hal_cortex.o
                0x0000000008001f9a                HAL_NVIC_EnableIRQ
 .text.HAL_SYSTICK_Config
                0x0000000008001fb6       0x18 ./Drivers/STM32WLxx_HAL_Driver/Src/stm32wlxx_hal_cortex.o
                0x0000000008001fb6                HAL_SYSTICK_Config
 *fill*         0x0000000008001fce        0x2 
 .text.HAL_FLASH_Unlock
                0x0000000008001fd0       0x44 ./Drivers/STM32WLxx_HAL_Driver/Src/stm32wlxx_hal_flash.o
                0x0000000008001fd0                HAL_FLASH_Unlock
 .text.FLASH_WaitForLastOperation
                0x0000000008002014       0xc4 ./Drivers/STM32WLxx_HAL_Driver/Src/stm32wlxx_hal_flash.o
                0x0000000008002014                FLASH_WaitForLastOperation
 .text.HAL_GPIO_Init
                0x00000000080020d8      0x2c0 ./Drivers/STM32WLxx_HAL_Driver/Src/stm32wlxx_hal_gpio.o
                0x00000000080020d8                HAL_GPIO_Init
 .text.HAL_GPIO_WritePin
                0x0000000008002398       0x2e ./Drivers/STM32WLxx_HAL_Driver/Src/stm32wlxx_hal_gpio.o
                0x0000000008002398                HAL_GPIO_WritePin
 *fill*         0x00000000080023c6        0x2 
 .text.HAL_PWR_EnableBkUpAccess
                0x00000000080023c8       0x1c ./Drivers/STM32WLxx_HAL_Driver/Src/stm32wlxx_hal_pwr.o
                0x00000000080023c8                HAL_PWR_EnableBkUpAccess
 .text.HAL_PWREx_GetVoltageRange
                0x00000000080023e4       0x18 ./Drivers/STM32WLxx_HAL_Driver/Src/stm32wlxx_hal_pwr_ex.o
                0x00000000080023e4                HAL_PWREx_GetVoltageRange
 .text.LL_PWR_IsEnabledBkUpAccess
                0x00000000080023fc       0x24 ./Drivers/STM32WLxx_HAL_Driver/Src/stm32wlxx_hal_rcc.o
 .text.LL_RCC_HSE_EnableTcxo
                0x0000000008002420       0x1c ./Drivers/STM32WLxx_HAL_Driver/Src/stm32wlxx_hal_rcc.o
 .text.LL_RCC_HSE_DisableTcxo
                0x000000000800243c       0x1c ./Drivers/STM32WLxx_HAL_Driver/Src/stm32wlxx_hal_rcc.o
 .text.LL_RCC_HSE_IsEnabledDiv2
                0x0000000008002458       0x22 ./Drivers/STM32WLxx_HAL_Driver/Src/stm32wlxx_hal_rcc.o
 .text.LL_RCC_HSE_Enable
                0x000000000800247a       0x1c ./Drivers/STM32WLxx_HAL_Driver/Src/stm32wlxx_hal_rcc.o
 .text.LL_RCC_HSE_Disable
                0x0000000008002496       0x1c ./Drivers/STM32WLxx_HAL_Driver/Src/stm32wlxx_hal_rcc.o
 .text.LL_RCC_HSE_IsReady
                0x00000000080024b2       0x22 ./Drivers/STM32WLxx_HAL_Driver/Src/stm32wlxx_hal_rcc.o
 .text.LL_RCC_HSI_Enable
                0x00000000080024d4       0x1c ./Drivers/STM32WLxx_HAL_Driver/Src/stm32wlxx_hal_rcc.o
 .text.LL_RCC_HSI_Disable
                0x00000000080024f0       0x1c ./Drivers/STM32WLxx_HAL_Driver/Src/stm32wlxx_hal_rcc.o
 .text.LL_RCC_HSI_IsReady
                0x000000000800250c       0x22 ./Drivers/STM32WLxx_HAL_Driver/Src/stm32wlxx_hal_rcc.o
 .text.LL_RCC_HSI_SetCalibTrimming
                0x000000000800252e       0x28 ./Drivers/STM32WLxx_HAL_Driver/Src/stm32wlxx_hal_rcc.o
 .text.LL_RCC_LSE_IsReady
                0x0000000008002556       0x22 ./Drivers/STM32WLxx_HAL_Driver/Src/stm32wlxx_hal_rcc.o
 .text.LL_RCC_LSI_Enable
                0x0000000008002578       0x20 ./Drivers/STM32WLxx_HAL_Driver/Src/stm32wlxx_hal_rcc.o
 .text.LL_RCC_LSI_Disable
                0x0000000008002598       0x20 ./Drivers/STM32WLxx_HAL_Driver/Src/stm32wlxx_hal_rcc.o
 .text.LL_RCC_LSI_IsReady
                0x00000000080025b8       0x22 ./Drivers/STM32WLxx_HAL_Driver/Src/stm32wlxx_hal_rcc.o
 .text.LL_RCC_MSI_Enable
                0x00000000080025da       0x1c ./Drivers/STM32WLxx_HAL_Driver/Src/stm32wlxx_hal_rcc.o
 .text.LL_RCC_MSI_Disable
                0x00000000080025f6       0x1c ./Drivers/STM32WLxx_HAL_Driver/Src/stm32wlxx_hal_rcc.o
 .text.LL_RCC_MSI_IsReady
                0x0000000008002612       0x20 ./Drivers/STM32WLxx_HAL_Driver/Src/stm32wlxx_hal_rcc.o
 .text.LL_RCC_MSI_IsEnabledRangeSelect
                0x0000000008002632       0x20 ./Drivers/STM32WLxx_HAL_Driver/Src/stm32wlxx_hal_rcc.o
 .text.LL_RCC_MSI_GetRange
                0x0000000008002652       0x16 ./Drivers/STM32WLxx_HAL_Driver/Src/stm32wlxx_hal_rcc.o
 .text.LL_RCC_MSI_GetRangeAfterStandby
                0x0000000008002668       0x18 ./Drivers/STM32WLxx_HAL_Driver/Src/stm32wlxx_hal_rcc.o
 .text.LL_RCC_MSI_SetCalibTrimming
                0x0000000008002680       0x28 ./Drivers/STM32WLxx_HAL_Driver/Src/stm32wlxx_hal_rcc.o
 .text.LL_RCC_SetSysClkSource
                0x00000000080026a8       0x26 ./Drivers/STM32WLxx_HAL_Driver/Src/stm32wlxx_hal_rcc.o
 .text.LL_RCC_GetSysClkSource
                0x00000000080026ce       0x16 ./Drivers/STM32WLxx_HAL_Driver/Src/stm32wlxx_hal_rcc.o
 .text.LL_RCC_SetAHBPrescaler
                0x00000000080026e4       0x26 ./Drivers/STM32WLxx_HAL_Driver/Src/stm32wlxx_hal_rcc.o
 .text.LL_RCC_SetAHB3Prescaler
                0x000000000800270a       0x2c ./Drivers/STM32WLxx_HAL_Driver/Src/stm32wlxx_hal_rcc.o
 .text.LL_RCC_SetAPB1Prescaler
                0x0000000008002736       0x26 ./Drivers/STM32WLxx_HAL_Driver/Src/stm32wlxx_hal_rcc.o
 .text.LL_RCC_SetAPB2Prescaler
                0x000000000800275c       0x26 ./Drivers/STM32WLxx_HAL_Driver/Src/stm32wlxx_hal_rcc.o
 .text.LL_RCC_GetAHBPrescaler
                0x0000000008002782       0x16 ./Drivers/STM32WLxx_HAL_Driver/Src/stm32wlxx_hal_rcc.o
 .text.LL_RCC_GetAHB3Prescaler
                0x0000000008002798       0x1a ./Drivers/STM32WLxx_HAL_Driver/Src/stm32wlxx_hal_rcc.o
 .text.LL_RCC_GetAPB1Prescaler
                0x00000000080027b2       0x16 ./Drivers/STM32WLxx_HAL_Driver/Src/stm32wlxx_hal_rcc.o
 .text.LL_RCC_GetAPB2Prescaler
                0x00000000080027c8       0x16 ./Drivers/STM32WLxx_HAL_Driver/Src/stm32wlxx_hal_rcc.o
 .text.LL_RCC_PLL_Enable
                0x00000000080027de       0x1c ./Drivers/STM32WLxx_HAL_Driver/Src/stm32wlxx_hal_rcc.o
 .text.LL_RCC_PLL_Disable
                0x00000000080027fa       0x1c ./Drivers/STM32WLxx_HAL_Driver/Src/stm32wlxx_hal_rcc.o
 .text.LL_RCC_PLL_IsReady
                0x0000000008002816       0x22 ./Drivers/STM32WLxx_HAL_Driver/Src/stm32wlxx_hal_rcc.o
 .text.LL_RCC_PLL_GetN
                0x0000000008002838       0x18 ./Drivers/STM32WLxx_HAL_Driver/Src/stm32wlxx_hal_rcc.o
 .text.LL_RCC_PLL_GetR
                0x0000000008002850       0x16 ./Drivers/STM32WLxx_HAL_Driver/Src/stm32wlxx_hal_rcc.o
 .text.LL_RCC_PLL_GetDivider
                0x0000000008002866       0x16 ./Drivers/STM32WLxx_HAL_Driver/Src/stm32wlxx_hal_rcc.o
 .text.LL_RCC_PLL_GetMainSource
                0x000000000800287c       0x16 ./Drivers/STM32WLxx_HAL_Driver/Src/stm32wlxx_hal_rcc.o
 .text.LL_RCC_IsActiveFlag_HPRE
                0x0000000008002892       0x22 ./Drivers/STM32WLxx_HAL_Driver/Src/stm32wlxx_hal_rcc.o
 .text.LL_RCC_IsActiveFlag_SHDHPRE
                0x00000000080028b4       0x24 ./Drivers/STM32WLxx_HAL_Driver/Src/stm32wlxx_hal_rcc.o
 .text.LL_RCC_IsActiveFlag_PPRE1
                0x00000000080028d8       0x22 ./Drivers/STM32WLxx_HAL_Driver/Src/stm32wlxx_hal_rcc.o
 .text.LL_RCC_IsActiveFlag_PPRE2
                0x00000000080028fa       0x22 ./Drivers/STM32WLxx_HAL_Driver/Src/stm32wlxx_hal_rcc.o
 .text.HAL_RCC_OscConfig
                0x000000000800291c      0x734 ./Drivers/STM32WLxx_HAL_Driver/Src/stm32wlxx_hal_rcc.o
                0x000000000800291c                HAL_RCC_OscConfig
 .text.HAL_RCC_ClockConfig
                0x0000000008003050      0x248 ./Drivers/STM32WLxx_HAL_Driver/Src/stm32wlxx_hal_rcc.o
                0x0000000008003050                HAL_RCC_ClockConfig
 .text.HAL_RCC_GetSysClockFreq
                0x0000000008003298      0x140 ./Drivers/STM32WLxx_HAL_Driver/Src/stm32wlxx_hal_rcc.o
                0x0000000008003298                HAL_RCC_GetSysClockFreq
 .text.HAL_RCC_GetHCLKFreq
                0x00000000080033d8       0x28 ./Drivers/STM32WLxx_HAL_Driver/Src/stm32wlxx_hal_rcc.o
                0x00000000080033d8                HAL_RCC_GetHCLKFreq
 .text.HAL_RCC_GetPCLK1Freq
                0x0000000008003400       0x24 ./Drivers/STM32WLxx_HAL_Driver/Src/stm32wlxx_hal_rcc.o
                0x0000000008003400                HAL_RCC_GetPCLK1Freq
 .text.HAL_RCC_GetPCLK2Freq
                0x0000000008003424       0x24 ./Drivers/STM32WLxx_HAL_Driver/Src/stm32wlxx_hal_rcc.o
                0x0000000008003424                HAL_RCC_GetPCLK2Freq
 .text.RCC_SetFlashLatencyFromMSIRange
                0x0000000008003448       0x60 ./Drivers/STM32WLxx_HAL_Driver/Src/stm32wlxx_hal_rcc.o
 .text.RCC_SetFlashLatency
                0x00000000080034a8      0x10c ./Drivers/STM32WLxx_HAL_Driver/Src/stm32wlxx_hal_rcc.o
 .text.LL_RCC_LSE_IsReady
                0x00000000080035b4       0x22 ./Drivers/STM32WLxx_HAL_Driver/Src/stm32wlxx_hal_rcc_ex.o
 .text.LL_RCC_SetUSARTClockSource
                0x00000000080035d6       0x30 ./Drivers/STM32WLxx_HAL_Driver/Src/stm32wlxx_hal_rcc_ex.o
 .text.LL_RCC_SetI2SClockSource
                0x0000000008003606       0x2a ./Drivers/STM32WLxx_HAL_Driver/Src/stm32wlxx_hal_rcc_ex.o
 .text.LL_RCC_SetLPUARTClockSource
                0x0000000008003630       0x2a ./Drivers/STM32WLxx_HAL_Driver/Src/stm32wlxx_hal_rcc_ex.o
 .text.LL_RCC_SetI2CClockSource
                0x000000000800365a       0x38 ./Drivers/STM32WLxx_HAL_Driver/Src/stm32wlxx_hal_rcc_ex.o
 .text.LL_RCC_SetLPTIMClockSource
                0x0000000008003692       0x32 ./Drivers/STM32WLxx_HAL_Driver/Src/stm32wlxx_hal_rcc_ex.o
 .text.LL_RCC_SetRNGClockSource
                0x00000000080036c4       0x2a ./Drivers/STM32WLxx_HAL_Driver/Src/stm32wlxx_hal_rcc_ex.o
 .text.LL_RCC_SetADCClockSource
                0x00000000080036ee       0x2a ./Drivers/STM32WLxx_HAL_Driver/Src/stm32wlxx_hal_rcc_ex.o
 .text.LL_RCC_SetRTCClockSource
                0x0000000008003718       0x2a ./Drivers/STM32WLxx_HAL_Driver/Src/stm32wlxx_hal_rcc_ex.o
 .text.LL_RCC_GetRTCClockSource
                0x0000000008003742       0x18 ./Drivers/STM32WLxx_HAL_Driver/Src/stm32wlxx_hal_rcc_ex.o
 .text.LL_RCC_ForceBackupDomainReset
                0x000000000800375a       0x20 ./Drivers/STM32WLxx_HAL_Driver/Src/stm32wlxx_hal_rcc_ex.o
 .text.LL_RCC_ReleaseBackupDomainReset
                0x000000000800377a       0x20 ./Drivers/STM32WLxx_HAL_Driver/Src/stm32wlxx_hal_rcc_ex.o
 *fill*         0x000000000800379a        0x2 
 .text.HAL_RCCEx_PeriphCLKConfig
                0x000000000800379c      0x234 ./Drivers/STM32WLxx_HAL_Driver/Src/stm32wlxx_hal_rcc_ex.o
                0x000000000800379c                HAL_RCCEx_PeriphCLKConfig
 .text.LL_PWR_SetRadioBusyTrigger
                0x00000000080039d0       0x28 ./Drivers/STM32WLxx_HAL_Driver/Src/stm32wlxx_hal_subghz.o
 .text.LL_PWR_UnselectSUBGHZSPI_NSS
                0x00000000080039f8       0x20 ./Drivers/STM32WLxx_HAL_Driver/Src/stm32wlxx_hal_subghz.o
 .text.LL_PWR_SelectSUBGHZSPI_NSS
                0x0000000008003a18       0x20 ./Drivers/STM32WLxx_HAL_Driver/Src/stm32wlxx_hal_subghz.o
 .text.LL_PWR_ClearFlag_RFBUSY
                0x0000000008003a38       0x18 ./Drivers/STM32WLxx_HAL_Driver/Src/stm32wlxx_hal_subghz.o
 .text.LL_PWR_IsActiveFlag_RFBUSYS
                0x0000000008003a50       0x24 ./Drivers/STM32WLxx_HAL_Driver/Src/stm32wlxx_hal_subghz.o
 .text.LL_PWR_IsActiveFlag_RFBUSYMS
                0x0000000008003a74       0x24 ./Drivers/STM32WLxx_HAL_Driver/Src/stm32wlxx_hal_subghz.o
 .text.LL_RCC_RF_DisableReset
                0x0000000008003a98       0x20 ./Drivers/STM32WLxx_HAL_Driver/Src/stm32wlxx_hal_subghz.o
 .text.LL_RCC_IsRFUnderReset
                0x0000000008003ab8       0x24 ./Drivers/STM32WLxx_HAL_Driver/Src/stm32wlxx_hal_subghz.o
 .text.LL_EXTI_EnableIT_32_63
                0x0000000008003adc       0x28 ./Drivers/STM32WLxx_HAL_Driver/Src/stm32wlxx_hal_subghz.o
 .text.HAL_SUBGHZ_Init
                0x0000000008003b04       0xbc ./Drivers/STM32WLxx_HAL_Driver/Src/stm32wlxx_hal_subghz.o
                0x0000000008003b04                HAL_SUBGHZ_Init
 .text.HAL_SUBGHZ_WriteRegisters
                0x0000000008003bc0       0xbe ./Drivers/STM32WLxx_HAL_Driver/Src/stm32wlxx_hal_subghz.o
                0x0000000008003bc0                HAL_SUBGHZ_WriteRegisters
 .text.HAL_SUBGHZ_ReadRegisters
                0x0000000008003c7e       0xc2 ./Drivers/STM32WLxx_HAL_Driver/Src/stm32wlxx_hal_subghz.o
                0x0000000008003c7e                HAL_SUBGHZ_ReadRegisters
 .text.HAL_SUBGHZ_ExecSetCmd
                0x0000000008003d40       0xbe ./Drivers/STM32WLxx_HAL_Driver/Src/stm32wlxx_hal_subghz.o
                0x0000000008003d40                HAL_SUBGHZ_ExecSetCmd
 .text.HAL_SUBGHZ_ExecGetCmd
                0x0000000008003dfe       0xa8 ./Drivers/STM32WLxx_HAL_Driver/Src/stm32wlxx_hal_subghz.o
                0x0000000008003dfe                HAL_SUBGHZ_ExecGetCmd
 .text.HAL_SUBGHZ_WriteBuffer
                0x0000000008003ea6       0xa6 ./Drivers/STM32WLxx_HAL_Driver/Src/stm32wlxx_hal_subghz.o
                0x0000000008003ea6                HAL_SUBGHZ_WriteBuffer
 .text.HAL_SUBGHZ_ReadBuffer
                0x0000000008003f4c       0xb0 ./Drivers/STM32WLxx_HAL_Driver/Src/stm32wlxx_hal_subghz.o
                0x0000000008003f4c                HAL_SUBGHZ_ReadBuffer
 .text.HAL_SUBGHZ_IRQHandler
                0x0000000008003ffc       0xfc ./Drivers/STM32WLxx_HAL_Driver/Src/stm32wlxx_hal_subghz.o
                0x0000000008003ffc                HAL_SUBGHZ_IRQHandler
 .text.SUBGHZSPI_Init
                0x00000000080040f8       0x40 ./Drivers/STM32WLxx_HAL_Driver/Src/stm32wlxx_hal_subghz.o
                0x00000000080040f8                SUBGHZSPI_Init
 .text.SUBGHZSPI_Transmit
                0x0000000008004138       0xac ./Drivers/STM32WLxx_HAL_Driver/Src/stm32wlxx_hal_subghz.o
                0x0000000008004138                SUBGHZSPI_Transmit
 .text.SUBGHZSPI_Receive
                0x00000000080041e4       0xb0 ./Drivers/STM32WLxx_HAL_Driver/Src/stm32wlxx_hal_subghz.o
                0x00000000080041e4                SUBGHZSPI_Receive
 .text.SUBGHZ_CheckDeviceReady
                0x0000000008004294       0x48 ./Drivers/STM32WLxx_HAL_Driver/Src/stm32wlxx_hal_subghz.o
                0x0000000008004294                SUBGHZ_CheckDeviceReady
 .text.SUBGHZ_WaitOnBusy
                0x00000000080042dc       0x5c ./Drivers/STM32WLxx_HAL_Driver/Src/stm32wlxx_hal_subghz.o
                0x00000000080042dc                SUBGHZ_WaitOnBusy
 .text.LL_RCC_GetUSARTClockSource
                0x0000000008004338       0x24 ./Drivers/STM32WLxx_HAL_Driver/Src/stm32wlxx_hal_uart.o
 .text.LL_RCC_GetLPUARTClockSource
                0x000000000800435c       0x1e ./Drivers/STM32WLxx_HAL_Driver/Src/stm32wlxx_hal_uart.o
 .text.HAL_UART_Init
                0x000000000800437a       0xa0 ./Drivers/STM32WLxx_HAL_Driver/Src/stm32wlxx_hal_uart.o
                0x000000000800437a                HAL_UART_Init
 .text.HAL_UART_Transmit
                0x000000000800441a      0x12c ./Drivers/STM32WLxx_HAL_Driver/Src/stm32wlxx_hal_uart.o
                0x000000000800441a                HAL_UART_Transmit
 .text.HAL_UART_Receive
                0x0000000008004546      0x1a6 ./Drivers/STM32WLxx_HAL_Driver/Src/stm32wlxx_hal_uart.o
                0x0000000008004546                HAL_UART_Receive
 .text.UART_SetConfig
                0x00000000080046ec      0x4a0 ./Drivers/STM32WLxx_HAL_Driver/Src/stm32wlxx_hal_uart.o
                0x00000000080046ec                UART_SetConfig
 .text.UART_AdvFeatureConfig
                0x0000000008004b8c      0x142 ./Drivers/STM32WLxx_HAL_Driver/Src/stm32wlxx_hal_uart.o
                0x0000000008004b8c                UART_AdvFeatureConfig
 .text.UART_CheckIdleState
                0x0000000008004cce       0x96 ./Drivers/STM32WLxx_HAL_Driver/Src/stm32wlxx_hal_uart.o
                0x0000000008004cce                UART_CheckIdleState
 .text.UART_WaitOnFlagUntilTimeout
                0x0000000008004d64      0x190 ./Drivers/STM32WLxx_HAL_Driver/Src/stm32wlxx_hal_uart.o
                0x0000000008004d64                UART_WaitOnFlagUntilTimeout
 .text.HAL_UARTEx_DisableFifoMode
                0x0000000008004ef4       0x70 ./Drivers/STM32WLxx_HAL_Driver/Src/stm32wlxx_hal_uart_ex.o
                0x0000000008004ef4                HAL_UARTEx_DisableFifoMode
 .text.HAL_UARTEx_SetTxFifoThreshold
                0x0000000008004f64       0x7c ./Drivers/STM32WLxx_HAL_Driver/Src/stm32wlxx_hal_uart_ex.o
                0x0000000008004f64                HAL_UARTEx_SetTxFifoThreshold
 .text.HAL_UARTEx_SetRxFifoThreshold
                0x0000000008004fe0       0x7c ./Drivers/STM32WLxx_HAL_Driver/Src/stm32wlxx_hal_uart_ex.o
                0x0000000008004fe0                HAL_UARTEx_SetRxFifoThreshold
 .text.UARTEx_SetNbDataToProcess
                0x000000000800505c       0x98 ./Drivers/STM32WLxx_HAL_Driver/Src/stm32wlxx_hal_uart_ex.o
 .text.RadioInit
                0x00000000080050f4       0x6c ./SubGHz_Phy/stm32_radio_driver/radio.o
 .text.RadioGetStatus
                0x0000000008005160       0x2e ./SubGHz_Phy/stm32_radio_driver/radio.o
 *fill*         0x000000000800518e        0x2 
 .text.RadioSetModem
                0x0000000008005190       0xa4 ./SubGHz_Phy/stm32_radio_driver/radio.o
 .text.RadioSetChannel
                0x0000000008005234       0x16 ./SubGHz_Phy/stm32_radio_driver/radio.o
 .text.RadioIsChannelFree
                0x000000000800524a       0x82 ./SubGHz_Phy/stm32_radio_driver/radio.o
 .text.RadioRandom
                0x00000000080052cc       0x2c ./SubGHz_Phy/stm32_radio_driver/radio.o
 .text.RadioSetRxConfig
                0x00000000080052f8      0x420 ./SubGHz_Phy/stm32_radio_driver/radio.o
 .text.RadioSetTxConfig
                0x0000000008005718      0x238 ./SubGHz_Phy/stm32_radio_driver/radio.o
 .text.RadioCheckRfFrequency
                0x0000000008005950       0x14 ./SubGHz_Phy/stm32_radio_driver/radio.o
 .text.RadioGetLoRaBandwidthInHz
                0x0000000008005964       0xac ./SubGHz_Phy/stm32_radio_driver/radio.o
 .text.RadioGetGfskTimeOnAirNumerator
                0x0000000008005a10       0x54 ./SubGHz_Phy/stm32_radio_driver/radio.o
 .text.RadioGetLoRaTimeOnAirNumerator
                0x0000000008005a64      0x102 ./SubGHz_Phy/stm32_radio_driver/radio.o
 *fill*         0x0000000008005b66        0x2 
 .text.RadioTimeOnAir
                0x0000000008005b68       0xb0 ./SubGHz_Phy/stm32_radio_driver/radio.o
 .text.RadioSend
                0x0000000008005c18      0x1d0 ./SubGHz_Phy/stm32_radio_driver/radio.o
 .text.RadioSleep
                0x0000000008005de8       0x26 ./SubGHz_Phy/stm32_radio_driver/radio.o
 .text.RadioStandby
                0x0000000008005e0e        0xe ./SubGHz_Phy/stm32_radio_driver/radio.o
 .text.RadioRx  0x0000000008005e1c       0x60 ./SubGHz_Phy/stm32_radio_driver/radio.o
 .text.RadioRxBoosted
                0x0000000008005e7c       0x60 ./SubGHz_Phy/stm32_radio_driver/radio.o
 .text.RadioSetRxDutyCycle
                0x0000000008005edc       0x2c ./SubGHz_Phy/stm32_radio_driver/radio.o
 .text.RadioStartCad
                0x0000000008005f08       0x30 ./SubGHz_Phy/stm32_radio_driver/radio.o
 .text.RadioSetTxContinuousWave
                0x0000000008005f38       0x46 ./SubGHz_Phy/stm32_radio_driver/radio.o
 .text.RadioRssi
                0x0000000008005f7e       0x1a ./SubGHz_Phy/stm32_radio_driver/radio.o
 .text.RadioWrite
                0x0000000008005f98       0x24 ./SubGHz_Phy/stm32_radio_driver/radio.o
 .text.RadioRead
                0x0000000008005fbc       0x1c ./SubGHz_Phy/stm32_radio_driver/radio.o
 .text.RadioWriteRegisters
                0x0000000008005fd8       0x26 ./SubGHz_Phy/stm32_radio_driver/radio.o
 .text.RadioReadRegisters
                0x0000000008005ffe       0x26 ./SubGHz_Phy/stm32_radio_driver/radio.o
 .text.RadioSetMaxPayloadLength
                0x0000000008006024       0x5c ./SubGHz_Phy/stm32_radio_driver/radio.o
 .text.RadioSetPublicNetwork
                0x0000000008006080       0x5c ./SubGHz_Phy/stm32_radio_driver/radio.o
 .text.RadioGetWakeupTime
                0x00000000080060dc       0x10 ./SubGHz_Phy/stm32_radio_driver/radio.o
 .text.RadioOnDioIrq
                0x00000000080060ec       0x24 ./SubGHz_Phy/stm32_radio_driver/radio.o
 .text.RadioIrqProcess
                0x0000000008006110      0x330 ./SubGHz_Phy/stm32_radio_driver/radio.o
 .text.RadioTxPrbs
                0x0000000008006440       0x38 ./SubGHz_Phy/stm32_radio_driver/radio.o
 .text.RadioTxCw
                0x0000000008006478       0x2e ./SubGHz_Phy/stm32_radio_driver/radio.o
 .text.payload_integration
                0x00000000080064a6      0x120 ./SubGHz_Phy/stm32_radio_driver/radio.o
 *fill*         0x00000000080065c6        0x2 
 .text.RadioSetRxGenericConfig
                0x00000000080065c8      0x3a0 ./SubGHz_Phy/stm32_radio_driver/radio.o
 .text.RadioSetTxGenericConfig
                0x0000000008006968      0x334 ./SubGHz_Phy/stm32_radio_driver/radio.o
 .text.SUBGRF_Init
                0x0000000008006c9c       0x84 ./SubGHz_Phy/stm32_radio_driver/radio_driver.o
                0x0000000008006c9c                SUBGRF_Init
 .text.SUBGRF_GetOperatingMode
                0x0000000008006d20       0x14 ./SubGHz_Phy/stm32_radio_driver/radio_driver.o
                0x0000000008006d20                SUBGRF_GetOperatingMode
 .text.SUBGRF_SetPayload
                0x0000000008006d34       0x20 ./SubGHz_Phy/stm32_radio_driver/radio_driver.o
                0x0000000008006d34                SUBGRF_SetPayload
 .text.SUBGRF_GetPayload
                0x0000000008006d54       0x44 ./SubGHz_Phy/stm32_radio_driver/radio_driver.o
                0x0000000008006d54                SUBGRF_GetPayload
 .text.SUBGRF_SendPayload
                0x0000000008006d98       0x26 ./SubGHz_Phy/stm32_radio_driver/radio_driver.o
                0x0000000008006d98                SUBGRF_SendPayload
 .text.SUBGRF_SetSyncWord
                0x0000000008006dbe       0x1e ./SubGHz_Phy/stm32_radio_driver/radio_driver.o
                0x0000000008006dbe                SUBGRF_SetSyncWord
 .text.SUBGRF_SetCrcSeed
                0x0000000008006ddc       0x40 ./SubGHz_Phy/stm32_radio_driver/radio_driver.o
                0x0000000008006ddc                SUBGRF_SetCrcSeed
 .text.SUBGRF_SetCrcPolynomial
                0x0000000008006e1c       0x40 ./SubGHz_Phy/stm32_radio_driver/radio_driver.o
                0x0000000008006e1c                SUBGRF_SetCrcPolynomial
 .text.SUBGRF_SetWhiteningSeed
                0x0000000008006e5c       0x66 ./SubGHz_Phy/stm32_radio_driver/radio_driver.o
                0x0000000008006e5c                SUBGRF_SetWhiteningSeed
 .text.SUBGRF_GetRandom
                0x0000000008006ec2       0x8c ./SubGHz_Phy/stm32_radio_driver/radio_driver.o
                0x0000000008006ec2                SUBGRF_GetRandom
 *fill*         0x0000000008006f4e        0x2 
 .text.SUBGRF_SetSleep
                0x0000000008006f50       0x64 ./SubGHz_Phy/stm32_radio_driver/radio_driver.o
                0x0000000008006f50                SUBGRF_SetSleep
 .text.SUBGRF_SetStandby
                0x0000000008006fb4       0x38 ./SubGHz_Phy/stm32_radio_driver/radio_driver.o
                0x0000000008006fb4                SUBGRF_SetStandby
 .text.SUBGRF_SetTx
                0x0000000008006fec       0x40 ./SubGHz_Phy/stm32_radio_driver/radio_driver.o
                0x0000000008006fec                SUBGRF_SetTx
 .text.SUBGRF_SetRx
                0x000000000800702c       0x40 ./SubGHz_Phy/stm32_radio_driver/radio_driver.o
                0x000000000800702c                SUBGRF_SetRx
 .text.SUBGRF_SetRxBoosted
                0x000000000800706c       0x48 ./SubGHz_Phy/stm32_radio_driver/radio_driver.o
                0x000000000800706c                SUBGRF_SetRxBoosted
 .text.SUBGRF_SetRxDutyCycle
                0x00000000080070b4       0x58 ./SubGHz_Phy/stm32_radio_driver/radio_driver.o
                0x00000000080070b4                SUBGRF_SetRxDutyCycle
 .text.SUBGRF_SetCad
                0x000000000800710c       0x1c ./SubGHz_Phy/stm32_radio_driver/radio_driver.o
                0x000000000800710c                SUBGRF_SetCad
 .text.SUBGRF_SetTxContinuousWave
                0x0000000008007128       0x12 ./SubGHz_Phy/stm32_radio_driver/radio_driver.o
                0x0000000008007128                SUBGRF_SetTxContinuousWave
 .text.SUBGRF_SetTxInfinitePreamble
                0x000000000800713a       0x12 ./SubGHz_Phy/stm32_radio_driver/radio_driver.o
                0x000000000800713a                SUBGRF_SetTxInfinitePreamble
 .text.SUBGRF_SetStopRxTimerOnPreambleDetect
                0x000000000800714c       0x1e ./SubGHz_Phy/stm32_radio_driver/radio_driver.o
                0x000000000800714c                SUBGRF_SetStopRxTimerOnPreambleDetect
 .text.SUBGRF_SetLoRaSymbNumTimeout
                0x000000000800716a       0x5e ./SubGHz_Phy/stm32_radio_driver/radio_driver.o
                0x000000000800716a                SUBGRF_SetLoRaSymbNumTimeout
 .text.SUBGRF_SetRegulatorMode
                0x00000000080071c8       0x2e ./SubGHz_Phy/stm32_radio_driver/radio_driver.o
                0x00000000080071c8                SUBGRF_SetRegulatorMode
 .text.SUBGRF_Calibrate
                0x00000000080071f6       0x8c ./SubGHz_Phy/stm32_radio_driver/radio_driver.o
                0x00000000080071f6                SUBGRF_Calibrate
 *fill*         0x0000000008007282        0x2 
 .text.SUBGRF_CalibrateImage
                0x0000000008007284       0x8c ./SubGHz_Phy/stm32_radio_driver/radio_driver.o
                0x0000000008007284                SUBGRF_CalibrateImage
 .text.SUBGRF_SetPaConfig
                0x0000000008007310       0x44 ./SubGHz_Phy/stm32_radio_driver/radio_driver.o
                0x0000000008007310                SUBGRF_SetPaConfig
 .text.SUBGRF_SetDioIrqParams
                0x0000000008007354       0x74 ./SubGHz_Phy/stm32_radio_driver/radio_driver.o
                0x0000000008007354                SUBGRF_SetDioIrqParams
 .text.SUBGRF_SetTcxoMode
                0x00000000080073c8       0x42 ./SubGHz_Phy/stm32_radio_driver/radio_driver.o
                0x00000000080073c8                SUBGRF_SetTcxoMode
 *fill*         0x000000000800740a        0x2 
 .text.SUBGRF_SetRfFrequency
                0x000000000800740c       0x84 ./SubGHz_Phy/stm32_radio_driver/radio_driver.o
                0x000000000800740c                SUBGRF_SetRfFrequency
 .text.SUBGRF_SetPacketType
                0x0000000008007490       0x38 ./SubGHz_Phy/stm32_radio_driver/radio_driver.o
                0x0000000008007490                SUBGRF_SetPacketType
 .text.SUBGRF_GetPacketType
                0x00000000080074c8       0x14 ./SubGHz_Phy/stm32_radio_driver/radio_driver.o
                0x00000000080074c8                SUBGRF_GetPacketType
 .text.SUBGRF_SetTxParams
                0x00000000080074dc       0xcc ./SubGHz_Phy/stm32_radio_driver/radio_driver.o
                0x00000000080074dc                SUBGRF_SetTxParams
 .text.SUBGRF_SetModulationParams
                0x00000000080075a8      0x198 ./SubGHz_Phy/stm32_radio_driver/radio_driver.o
                0x00000000080075a8                SUBGRF_SetModulationParams
 .text.SUBGRF_SetPacketParams
                0x0000000008007740      0x13c ./SubGHz_Phy/stm32_radio_driver/radio_driver.o
                0x0000000008007740                SUBGRF_SetPacketParams
 .text.SUBGRF_SetBufferBaseAddress
                0x000000000800787c       0x2e ./SubGHz_Phy/stm32_radio_driver/radio_driver.o
                0x000000000800787c                SUBGRF_SetBufferBaseAddress
 .text.SUBGRF_GetRssiInst
                0x00000000080078aa       0x2a ./SubGHz_Phy/stm32_radio_driver/radio_driver.o
                0x00000000080078aa                SUBGRF_GetRssiInst
 .text.SUBGRF_GetRxBufferStatus
                0x00000000080078d4       0x58 ./SubGHz_Phy/stm32_radio_driver/radio_driver.o
                0x00000000080078d4                SUBGRF_GetRxBufferStatus
 .text.SUBGRF_GetPacketStatus
                0x000000000800792c       0xa4 ./SubGHz_Phy/stm32_radio_driver/radio_driver.o
                0x000000000800792c                SUBGRF_GetPacketStatus
 .text.SUBGRF_WriteRegister
                0x00000000080079d0       0x28 ./SubGHz_Phy/stm32_radio_driver/radio_driver.o
                0x00000000080079d0                SUBGRF_WriteRegister
 .text.SUBGRF_ReadRegister
                0x00000000080079f8       0x28 ./SubGHz_Phy/stm32_radio_driver/radio_driver.o
                0x00000000080079f8                SUBGRF_ReadRegister
 .text.SUBGRF_WriteRegisters
                0x0000000008007a20       0x28 ./SubGHz_Phy/stm32_radio_driver/radio_driver.o
                0x0000000008007a20                SUBGRF_WriteRegisters
 .text.SUBGRF_ReadRegisters
                0x0000000008007a48       0x28 ./SubGHz_Phy/stm32_radio_driver/radio_driver.o
                0x0000000008007a48                SUBGRF_ReadRegisters
 .text.SUBGRF_WriteBuffer
                0x0000000008007a70       0x2c ./SubGHz_Phy/stm32_radio_driver/radio_driver.o
                0x0000000008007a70                SUBGRF_WriteBuffer
 .text.SUBGRF_ReadBuffer
                0x0000000008007a9c       0x2c ./SubGHz_Phy/stm32_radio_driver/radio_driver.o
                0x0000000008007a9c                SUBGRF_ReadBuffer
 .text.SUBGRF_WriteCommand
                0x0000000008007ac8       0x28 ./SubGHz_Phy/stm32_radio_driver/radio_driver.o
 .text.SUBGRF_ReadCommand
                0x0000000008007af0       0x28 ./SubGHz_Phy/stm32_radio_driver/radio_driver.o
 .text.SUBGRF_SetSwitch
                0x0000000008007b18       0x50 ./SubGHz_Phy/stm32_radio_driver/radio_driver.o
                0x0000000008007b18                SUBGRF_SetSwitch
 .text.SUBGRF_SetRfTxPower
                0x0000000008007b68       0x68 ./SubGHz_Phy/stm32_radio_driver/radio_driver.o
                0x0000000008007b68                SUBGRF_SetRfTxPower
 .text.SUBGRF_GetRadioWakeUpTime
                0x0000000008007bd0        0xe ./SubGHz_Phy/stm32_radio_driver/radio_driver.o
                0x0000000008007bd0                SUBGRF_GetRadioWakeUpTime
 *fill*         0x0000000008007bde        0x2 
 .text.HAL_SUBGHZ_TxCpltCallback
                0x0000000008007be0       0x1c ./SubGHz_Phy/stm32_radio_driver/radio_driver.o
                0x0000000008007be0                HAL_SUBGHZ_TxCpltCallback
 .text.HAL_SUBGHZ_RxCpltCallback
                0x0000000008007bfc       0x1c ./SubGHz_Phy/stm32_radio_driver/radio_driver.o
                0x0000000008007bfc                HAL_SUBGHZ_RxCpltCallback
 .text.HAL_SUBGHZ_CRCErrorCallback
                0x0000000008007c18       0x1c ./SubGHz_Phy/stm32_radio_driver/radio_driver.o
                0x0000000008007c18                HAL_SUBGHZ_CRCErrorCallback
 .text.HAL_SUBGHZ_CADStatusCallback
                0x0000000008007c34       0x3c ./SubGHz_Phy/stm32_radio_driver/radio_driver.o
                0x0000000008007c34                HAL_SUBGHZ_CADStatusCallback
 .text.HAL_SUBGHZ_RxTxTimeoutCallback
                0x0000000008007c70       0x20 ./SubGHz_Phy/stm32_radio_driver/radio_driver.o
                0x0000000008007c70                HAL_SUBGHZ_RxTxTimeoutCallback
 .text.HAL_SUBGHZ_HeaderErrorCallback
                0x0000000008007c90       0x1c ./SubGHz_Phy/stm32_radio_driver/radio_driver.o
                0x0000000008007c90                HAL_SUBGHZ_HeaderErrorCallback
 .text.HAL_SUBGHZ_PreambleDetectedCallback
                0x0000000008007cac       0x1c ./SubGHz_Phy/stm32_radio_driver/radio_driver.o
                0x0000000008007cac                HAL_SUBGHZ_PreambleDetectedCallback
 .text.HAL_SUBGHZ_SyncWordValidCallback
                0x0000000008007cc8       0x1c ./SubGHz_Phy/stm32_radio_driver/radio_driver.o
                0x0000000008007cc8                HAL_SUBGHZ_SyncWordValidCallback
 .text.HAL_SUBGHZ_HeaderValidCallback
                0x0000000008007ce4       0x1c ./SubGHz_Phy/stm32_radio_driver/radio_driver.o
                0x0000000008007ce4                HAL_SUBGHZ_HeaderValidCallback
 .text.Radio_SMPS_Set
                0x0000000008007d00       0x42 ./SubGHz_Phy/stm32_radio_driver/radio_driver.o
 *fill*         0x0000000008007d42        0x2 
 .text.SUBGRF_GetFskBandwidthRegValue
                0x0000000008007d44       0x50 ./SubGHz_Phy/stm32_radio_driver/radio_driver.o
                0x0000000008007d44                SUBGRF_GetFskBandwidthRegValue
 .text.SUBGRF_GetCFO
                0x0000000008007d94       0xec ./SubGHz_Phy/stm32_radio_driver/radio_driver.o
                0x0000000008007d94                SUBGRF_GetCFO
 .text.RFW_TransmitLongPacket
                0x0000000008007e80       0x24 ./SubGHz_Phy/stm32_radio_driver/radio_fw.o
                0x0000000008007e80                RFW_TransmitLongPacket
 .text.RFW_ReceiveLongPacket
                0x0000000008007ea4       0x24 ./SubGHz_Phy/stm32_radio_driver/radio_fw.o
                0x0000000008007ea4                RFW_ReceiveLongPacket
 .text.RFW_Init
                0x0000000008007ec8       0x1a ./SubGHz_Phy/stm32_radio_driver/radio_fw.o
                0x0000000008007ec8                RFW_Init
 .text.RFW_DeInit
                0x0000000008007ee2        0xc ./SubGHz_Phy/stm32_radio_driver/radio_fw.o
                0x0000000008007ee2                RFW_DeInit
 .text.RFW_Is_Init
                0x0000000008007eee        0xe ./SubGHz_Phy/stm32_radio_driver/radio_fw.o
                0x0000000008007eee                RFW_Is_Init
 .text.RFW_Is_LongPacketModeEnabled
                0x0000000008007efc        0xe ./SubGHz_Phy/stm32_radio_driver/radio_fw.o
                0x0000000008007efc                RFW_Is_LongPacketModeEnabled
 .text.RFW_SetAntSwitch
                0x0000000008007f0a       0x14 ./SubGHz_Phy/stm32_radio_driver/radio_fw.o
                0x0000000008007f0a                RFW_SetAntSwitch
 .text.RFW_TransmitInit
                0x0000000008007f1e       0x20 ./SubGHz_Phy/stm32_radio_driver/radio_fw.o
                0x0000000008007f1e                RFW_TransmitInit
 .text.RFW_ReceiveInit
                0x0000000008007f3e       0x10 ./SubGHz_Phy/stm32_radio_driver/radio_fw.o
                0x0000000008007f3e                RFW_ReceiveInit
 .text.RFW_DeInit_TxLongPacket
                0x0000000008007f4e        0xc ./SubGHz_Phy/stm32_radio_driver/radio_fw.o
                0x0000000008007f4e                RFW_DeInit_TxLongPacket
 .text.RFW_ReceivePayload
                0x0000000008007f5a        0xc ./SubGHz_Phy/stm32_radio_driver/radio_fw.o
                0x0000000008007f5a                RFW_ReceivePayload
 .text.RFW_SetRadioModem
                0x0000000008007f66       0x14 ./SubGHz_Phy/stm32_radio_driver/radio_fw.o
                0x0000000008007f66                RFW_SetRadioModem
 *fill*         0x0000000008007f7a        0x2 
 .text.list_new
                0x0000000008007f7c       0x84 ./protocole/src/list.o
                0x0000000008007f7c                list_new
 .text.list_insert
                0x0000000008008000       0x50 ./protocole/src/list.o
                0x0000000008008000                list_insert
 .text.list_search
                0x0000000008008050       0x4e ./protocole/src/list.o
                0x0000000008008050                list_search
 *fill*         0x000000000800809e        0x2 
 .text.list_remove
                0x00000000080080a0       0x44 ./protocole/src/list.o
                0x00000000080080a0                list_remove
 .text.list_push_back
                0x00000000080080e4       0x26 ./protocole/src/list.o
                0x00000000080080e4                list_push_back
 *fill*         0x000000000800810a        0x2 
 .text.list_head
                0x000000000800810c       0x50 ./protocole/src/list.o
                0x000000000800810c                list_head
 .text.list_index
                0x000000000800815c       0x84 ./protocole/src/list.o
                0x000000000800815c                list_index
 .text.list_size
                0x00000000080081e0       0x28 ./protocole/src/list.o
                0x00000000080081e0                list_size
 .text.list_end
                0x0000000008008208       0x28 ./protocole/src/list.o
                0x0000000008008208                list_end
 .text.list_default_compare
                0x0000000008008230       0x26 ./protocole/src/list.o
 *fill*         0x0000000008008256        0x2 
 .text.list_node_new
                0x0000000008008258       0x60 ./protocole/src/list.o
                0x0000000008008258                list_node_new
 .text.list_node_link
                0x00000000080082b8       0x5c ./protocole/src/list.o
                0x00000000080082b8                list_node_link
 .text.list_node_unlink
                0x0000000008008314       0x3a ./protocole/src/list.o
                0x0000000008008314                list_node_unlink
 .text.list_debug
                0x000000000800834e       0x12 ./protocole/src/list.o
 .text.find_packet_by_Id
                0x0000000008008360       0x2e ./protocole/src/ll.o
                0x0000000008008360                find_packet_by_Id
 .text.rx_find_by_id
                0x000000000800838e       0x2e ./protocole/src/ll.o
                0x000000000800838e                rx_find_by_id
 .text.ll_init  0x00000000080083bc       0x5c ./protocole/src/ll.o
                0x00000000080083bc                ll_init
 .text.ll_send_packet
                0x0000000008008418       0x88 ./protocole/src/ll.o
 .text.ll_send_ASK
                0x00000000080084a0       0x2a ./protocole/src/ll.o
                0x00000000080084a0                ll_send_ASK
 .text.ll_send_NANK
                0x00000000080084ca       0x2a ./protocole/src/ll.o
                0x00000000080084ca                ll_send_NANK
 .text.ll_transmit
                0x00000000080084f4      0x150 ./protocole/src/ll.o
                0x00000000080084f4                ll_transmit
 .text.ll_receive
                0x0000000008008644       0xec ./protocole/src/ll.o
                0x0000000008008644                ll_receive
 .text.ll_process_received
                0x0000000008008730      0x198 ./protocole/src/ll.o
                0x0000000008008730                ll_process_received
 .text.ll_get_recv_from
                0x00000000080088c8       0xc8 ./protocole/src/ll.o
                0x00000000080088c8                ll_get_recv_from
 .text.ll_process
                0x0000000008008990       0x40 ./protocole/src/ll.o
                0x0000000008008990                ll_process
 .text.ll_set_transmition_done
                0x00000000080089d0       0x18 ./protocole/src/ll.o
                0x00000000080089d0                ll_set_transmition_done
 .text.packet   0x00000000080089e8       0x56 ./protocole/src/packet.o
                0x00000000080089e8                packet
 .text.packet_set_src
                0x0000000008008a3e       0x1c ./protocole/src/packet.o
                0x0000000008008a3e                packet_set_src
 .text.packet_set_dest
                0x0000000008008a5a       0x1c ./protocole/src/packet.o
                0x0000000008008a5a                packet_set_dest
 .text.packet_set_type
                0x0000000008008a76       0x1c ./protocole/src/packet.o
                0x0000000008008a76                packet_set_type
 .text.packet_set_payload
                0x0000000008008a92       0x4c ./protocole/src/packet.o
                0x0000000008008a92                packet_set_payload
 .text.packet_set_id
                0x0000000008008ade       0x1c ./protocole/src/packet.o
                0x0000000008008ade                packet_set_id
 .text.packet_serialize
                0x0000000008008afa       0xb8 ./protocole/src/packet.o
                0x0000000008008afa                packet_serialize
 *fill*         0x0000000008008bb2        0x2 
 .text.packet_desirialize
                0x0000000008008bb4       0xac ./protocole/src/packet.o
                0x0000000008008bb4                packet_desirialize
 .text.check_sum
                0x0000000008008c60       0x92 ./protocole/src/packet.o
                0x0000000008008c60                check_sum
 .text.packet_get_size
                0x0000000008008cf2       0x18 ./protocole/src/packet.o
                0x0000000008008cf2                packet_get_size
 .text.atof     0x0000000008008d0a        0x6 c:/st/stm32cubeide_1.7.0/stm32cubeide/plugins/com.st.stm32cube.ide.mcu.externaltools.gnu-tools-for-stm32.9-2020-q2-update.win32_2.0.0.202105311346/tools/bin/../lib/gcc/arm-none-eabi/9.3.1/../../../../arm-none-eabi/lib/thumb/v7e-m/nofp\libc_nano.a(lib_a-atof.o)
                0x0000000008008d0a                atof
 .text.atoi     0x0000000008008d10        0x8 c:/st/stm32cubeide_1.7.0/stm32cubeide/plugins/com.st.stm32cube.ide.mcu.externaltools.gnu-tools-for-stm32.9-2020-q2-update.win32_2.0.0.202105311346/tools/bin/../lib/gcc/arm-none-eabi/9.3.1/../../../../arm-none-eabi/lib/thumb/v7e-m/nofp\libc_nano.a(lib_a-atoi.o)
                0x0000000008008d10                atoi
 .text.__errno  0x0000000008008d18        0xc c:/st/stm32cubeide_1.7.0/stm32cubeide/plugins/com.st.stm32cube.ide.mcu.externaltools.gnu-tools-for-stm32.9-2020-q2-update.win32_2.0.0.202105311346/tools/bin/../lib/gcc/arm-none-eabi/9.3.1/../../../../arm-none-eabi/lib/thumb/v7e-m/nofp\libc_nano.a(lib_a-errno.o)
                0x0000000008008d18                __errno
 .text.__libc_init_array
                0x0000000008008d24       0x48 c:/st/stm32cubeide_1.7.0/stm32cubeide/plugins/com.st.stm32cube.ide.mcu.externaltools.gnu-tools-for-stm32.9-2020-q2-update.win32_2.0.0.202105311346/tools/bin/../lib/gcc/arm-none-eabi/9.3.1/../../../../arm-none-eabi/lib/thumb/v7e-m/nofp\libc_nano.a(lib_a-init.o)
                0x0000000008008d24                __libc_init_array
 .text.malloc   0x0000000008008d6c       0x10 c:/st/stm32cubeide_1.7.0/stm32cubeide/plugins/com.st.stm32cube.ide.mcu.externaltools.gnu-tools-for-stm32.9-2020-q2-update.win32_2.0.0.202105311346/tools/bin/../lib/gcc/arm-none-eabi/9.3.1/../../../../arm-none-eabi/lib/thumb/v7e-m/nofp\libc_nano.a(lib_a-malloc.o)
                0x0000000008008d6c                malloc
 .text.free     0x0000000008008d7c       0x10 c:/st/stm32cubeide_1.7.0/stm32cubeide/plugins/com.st.stm32cube.ide.mcu.externaltools.gnu-tools-for-stm32.9-2020-q2-update.win32_2.0.0.202105311346/tools/bin/../lib/gcc/arm-none-eabi/9.3.1/../../../../arm-none-eabi/lib/thumb/v7e-m/nofp\libc_nano.a(lib_a-malloc.o)
                0x0000000008008d7c                free
 .text.memcpy   0x0000000008008d8c       0x1c c:/st/stm32cubeide_1.7.0/stm32cubeide/plugins/com.st.stm32cube.ide.mcu.externaltools.gnu-tools-for-stm32.9-2020-q2-update.win32_2.0.0.202105311346/tools/bin/../lib/gcc/arm-none-eabi/9.3.1/../../../../arm-none-eabi/lib/thumb/v7e-m/nofp\libc_nano.a(lib_a-memcpy-stub.o)
                0x0000000008008d8c                memcpy
 .text.memset   0x0000000008008da8       0x10 c:/st/stm32cubeide_1.7.0/stm32cubeide/plugins/com.st.stm32cube.ide.mcu.externaltools.gnu-tools-for-stm32.9-2020-q2-update.win32_2.0.0.202105311346/tools/bin/../lib/gcc/arm-none-eabi/9.3.1/../../../../arm-none-eabi/lib/thumb/v7e-m/nofp\libc_nano.a(lib_a-memset.o)
                0x0000000008008da8                memset
 .text._free_r  0x0000000008008db8       0x9c c:/st/stm32cubeide_1.7.0/stm32cubeide/plugins/com.st.stm32cube.ide.mcu.externaltools.gnu-tools-for-stm32.9-2020-q2-update.win32_2.0.0.202105311346/tools/bin/../lib/gcc/arm-none-eabi/9.3.1/../../../../arm-none-eabi/lib/thumb/v7e-m/nofp\libc_nano.a(lib_a-nano-freer.o)
                0x0000000008008db8                _free_r
 .text._malloc_r
                0x0000000008008e54       0xb4 c:/st/stm32cubeide_1.7.0/stm32cubeide/plugins/com.st.stm32cube.ide.mcu.externaltools.gnu-tools-for-stm32.9-2020-q2-update.win32_2.0.0.202105311346/tools/bin/../lib/gcc/arm-none-eabi/9.3.1/../../../../arm-none-eabi/lib/thumb/v7e-m/nofp\libc_nano.a(lib_a-nano-mallocr.o)
                0x0000000008008e54                _malloc_r
 .text.__cvt    0x0000000008008f08       0xc0 c:/st/stm32cubeide_1.7.0/stm32cubeide/plugins/com.st.stm32cube.ide.mcu.externaltools.gnu-tools-for-stm32.9-2020-q2-update.win32_2.0.0.202105311346/tools/bin/../lib/gcc/arm-none-eabi/9.3.1/../../../../arm-none-eabi/lib/thumb/v7e-m/nofp\libc_nano.a(lib_a-nano-vfprintf_float.o)
                0x0000000008008f08                __cvt
 .text.__exponent
                0x0000000008008fc8       0x7c c:/st/stm32cubeide_1.7.0/stm32cubeide/plugins/com.st.stm32cube.ide.mcu.externaltools.gnu-tools-for-stm32.9-2020-q2-update.win32_2.0.0.202105311346/tools/bin/../lib/gcc/arm-none-eabi/9.3.1/../../../../arm-none-eabi/lib/thumb/v7e-m/nofp\libc_nano.a(lib_a-nano-vfprintf_float.o)
                0x0000000008008fc8                __exponent
 .text._printf_float
                0x0000000008009044      0x454 c:/st/stm32cubeide_1.7.0/stm32cubeide/plugins/com.st.stm32cube.ide.mcu.externaltools.gnu-tools-for-stm32.9-2020-q2-update.win32_2.0.0.202105311346/tools/bin/../lib/gcc/arm-none-eabi/9.3.1/../../../../arm-none-eabi/lib/thumb/v7e-m/nofp\libc_nano.a(lib_a-nano-vfprintf_float.o)
                0x0000000008009044                _printf_float
 .text._printf_common
                0x0000000008009498       0xda c:/st/stm32cubeide_1.7.0/stm32cubeide/plugins/com.st.stm32cube.ide.mcu.externaltools.gnu-tools-for-stm32.9-2020-q2-update.win32_2.0.0.202105311346/tools/bin/../lib/gcc/arm-none-eabi/9.3.1/../../../../arm-none-eabi/lib/thumb/v7e-m/nofp\libc_nano.a(lib_a-nano-vfprintf_i.o)
                0x0000000008009498                _printf_common
 *fill*         0x0000000008009572        0x2 
 .text._printf_i
                0x0000000008009574      0x24c c:/st/stm32cubeide_1.7.0/stm32cubeide/plugins/com.st.stm32cube.ide.mcu.externaltools.gnu-tools-for-stm32.9-2020-q2-update.win32_2.0.0.202105311346/tools/bin/../lib/gcc/arm-none-eabi/9.3.1/../../../../arm-none-eabi/lib/thumb/v7e-m/nofp\libc_nano.a(lib_a-nano-vfprintf_i.o)
                0x0000000008009574                _printf_i
 .text._perror_r
                0x00000000080097c0      0x134 c:/st/stm32cubeide_1.7.0/stm32cubeide/plugins/com.st.stm32cube.ide.mcu.externaltools.gnu-tools-for-stm32.9-2020-q2-update.win32_2.0.0.202105311346/tools/bin/../lib/gcc/arm-none-eabi/9.3.1/../../../../arm-none-eabi/lib/thumb/v7e-m/nofp\libc_nano.a(lib_a-perror.o)
                0x00000000080097c0                _perror_r
 .text.perror   0x00000000080098f4       0x10 c:/st/stm32cubeide_1.7.0/stm32cubeide/plugins/com.st.stm32cube.ide.mcu.externaltools.gnu-tools-for-stm32.9-2020-q2-update.win32_2.0.0.202105311346/tools/bin/../lib/gcc/arm-none-eabi/9.3.1/../../../../arm-none-eabi/lib/thumb/v7e-m/nofp\libc_nano.a(lib_a-perror.o)
                0x00000000080098f4                perror
 .text.printf   0x0000000008009904       0x30 c:/st/stm32cubeide_1.7.0/stm32cubeide/plugins/com.st.stm32cube.ide.mcu.externaltools.gnu-tools-for-stm32.9-2020-q2-update.win32_2.0.0.202105311346/tools/bin/../lib/gcc/arm-none-eabi/9.3.1/../../../../arm-none-eabi/lib/thumb/v7e-m/nofp\libc_nano.a(lib_a-printf.o)
                0x0000000008009904                iprintf
                0x0000000008009904                printf
 .text._puts_r  0x0000000008009934       0xdc c:/st/stm32cubeide_1.7.0/stm32cubeide/plugins/com.st.stm32cube.ide.mcu.externaltools.gnu-tools-for-stm32.9-2020-q2-update.win32_2.0.0.202105311346/tools/bin/../lib/gcc/arm-none-eabi/9.3.1/../../../../arm-none-eabi/lib/thumb/v7e-m/nofp\libc_nano.a(lib_a-puts.o)
                0x0000000008009934                _puts_r
 .text.puts     0x0000000008009a10       0x10 c:/st/stm32cubeide_1.7.0/stm32cubeide/plugins/com.st.stm32cube.ide.mcu.externaltools.gnu-tools-for-stm32.9-2020-q2-update.win32_2.0.0.202105311346/tools/bin/../lib/gcc/arm-none-eabi/9.3.1/../../../../arm-none-eabi/lib/thumb/v7e-m/nofp\libc_nano.a(lib_a-puts.o)
                0x0000000008009a10                puts
 .text._sbrk_r  0x0000000008009a20       0x20 c:/st/stm32cubeide_1.7.0/stm32cubeide/plugins/com.st.stm32cube.ide.mcu.externaltools.gnu-tools-for-stm32.9-2020-q2-update.win32_2.0.0.202105311346/tools/bin/../lib/gcc/arm-none-eabi/9.3.1/../../../../arm-none-eabi/lib/thumb/v7e-m/nofp\libc_nano.a(lib_a-sbrkr.o)
                0x0000000008009a20                _sbrk_r
 .text._strerror_r
                0x0000000008009a40      0x3cc c:/st/stm32cubeide_1.7.0/stm32cubeide/plugins/com.st.stm32cube.ide.mcu.externaltools.gnu-tools-for-stm32.9-2020-q2-update.win32_2.0.0.202105311346/tools/bin/../lib/gcc/arm-none-eabi/9.3.1/../../../../arm-none-eabi/lib/thumb/v7e-m/nofp\libc_nano.a(lib_a-strerror.o)
                0x0000000008009a40                _strerror_r
 .text.strncmp  0x0000000008009e0c       0x24 c:/st/stm32cubeide_1.7.0/stm32cubeide/plugins/com.st.stm32cube.ide.mcu.externaltools.gnu-tools-for-stm32.9-2020-q2-update.win32_2.0.0.202105311346/tools/bin/../lib/gcc/arm-none-eabi/9.3.1/../../../../arm-none-eabi/lib/thumb/v7e-m/nofp\libc_nano.a(lib_a-strncmp.o)
                0x0000000008009e0c                strncmp
 .text.strstr   0x0000000008009e30       0x2e c:/st/stm32cubeide_1.7.0/stm32cubeide/plugins/com.st.stm32cube.ide.mcu.externaltools.gnu-tools-for-stm32.9-2020-q2-update.win32_2.0.0.202105311346/tools/bin/../lib/gcc/arm-none-eabi/9.3.1/../../../../arm-none-eabi/lib/thumb/v7e-m/nofp\libc_nano.a(lib_a-strstr.o)
                0x0000000008009e30                strstr
 .text.sulp     0x0000000008009e5e       0x42 c:/st/stm32cubeide_1.7.0/stm32cubeide/plugins/com.st.stm32cube.ide.mcu.externaltools.gnu-tools-for-stm32.9-2020-q2-update.win32_2.0.0.202105311346/tools/bin/../lib/gcc/arm-none-eabi/9.3.1/../../../../arm-none-eabi/lib/thumb/v7e-m/nofp\libc_nano.a(lib_a-strtod.o)
 .text._strtod_l
                0x0000000008009ea0      0xbe8 c:/st/stm32cubeide_1.7.0/stm32cubeide/plugins/com.st.stm32cube.ide.mcu.externaltools.gnu-tools-for-stm32.9-2020-q2-update.win32_2.0.0.202105311346/tools/bin/../lib/gcc/arm-none-eabi/9.3.1/../../../../arm-none-eabi/lib/thumb/v7e-m/nofp\libc_nano.a(lib_a-strtod.o)
                0x0000000008009ea0                _strtod_l
 .text.strtod   0x000000000800aa88       0x18 c:/st/stm32cubeide_1.7.0/stm32cubeide/plugins/com.st.stm32cube.ide.mcu.externaltools.gnu-tools-for-stm32.9-2020-q2-update.win32_2.0.0.202105311346/tools/bin/../lib/gcc/arm-none-eabi/9.3.1/../../../../arm-none-eabi/lib/thumb/v7e-m/nofp\libc_nano.a(lib_a-strtod.o)
                0x000000000800aa88                strtod
 .text._strtol_l.isra.0
                0x000000000800aaa0      0x10c c:/st/stm32cubeide_1.7.0/stm32cubeide/plugins/com.st.stm32cube.ide.mcu.externaltools.gnu-tools-for-stm32.9-2020-q2-update.win32_2.0.0.202105311346/tools/bin/../lib/gcc/arm-none-eabi/9.3.1/../../../../arm-none-eabi/lib/thumb/v7e-m/nofp\libc_nano.a(lib_a-strtol.o)
 .text.strtol   0x000000000800abac       0x14 c:/st/stm32cubeide_1.7.0/stm32cubeide/plugins/com.st.stm32cube.ide.mcu.externaltools.gnu-tools-for-stm32.9-2020-q2-update.win32_2.0.0.202105311346/tools/bin/../lib/gcc/arm-none-eabi/9.3.1/../../../../arm-none-eabi/lib/thumb/v7e-m/nofp\libc_nano.a(lib_a-strtol.o)
                0x000000000800abac                strtol
 .text._user_strerror
                0x000000000800abc0        0x4 c:/st/stm32cubeide_1.7.0/stm32cubeide/plugins/com.st.stm32cube.ide.mcu.externaltools.gnu-tools-for-stm32.9-2020-q2-update.win32_2.0.0.202105311346/tools/bin/../lib/gcc/arm-none-eabi/9.3.1/../../../../arm-none-eabi/lib/thumb/v7e-m/nofp\libc_nano.a(lib_a-u_strerr.o)
                0x000000000800abc0                _user_strerror
 .text.__swbuf_r
                0x000000000800abc4       0xa4 c:/st/stm32cubeide_1.7.0/stm32cubeide/plugins/com.st.stm32cube.ide.mcu.externaltools.gnu-tools-for-stm32.9-2020-q2-update.win32_2.0.0.202105311346/tools/bin/../lib/gcc/arm-none-eabi/9.3.1/../../../../arm-none-eabi/lib/thumb/v7e-m/nofp\libc_nano.a(lib_a-wbuf.o)
                0x000000000800abc4                __swbuf_r
 .text._write_r
                0x000000000800ac68       0x24 c:/st/stm32cubeide_1.7.0/stm32cubeide/plugins/com.st.stm32cube.ide.mcu.externaltools.gnu-tools-for-stm32.9-2020-q2-update.win32_2.0.0.202105311346/tools/bin/../lib/gcc/arm-none-eabi/9.3.1/../../../../arm-none-eabi/lib/thumb/v7e-m/nofp\libc_nano.a(lib_a-writer.o)
                0x000000000800ac68                _write_r
 .text.__swsetup_r
                0x000000000800ac8c       0xdc c:/st/stm32cubeide_1.7.0/stm32cubeide/plugins/com.st.stm32cube.ide.mcu.externaltools.gnu-tools-for-stm32.9-2020-q2-update.win32_2.0.0.202105311346/tools/bin/../lib/gcc/arm-none-eabi/9.3.1/../../../../arm-none-eabi/lib/thumb/v7e-m/nofp\libc_nano.a(lib_a-wsetup.o)
                0x000000000800ac8c                __swsetup_r
 .text.quorem   0x000000000800ad68      0x116 c:/st/stm32cubeide_1.7.0/stm32cubeide/plugins/com.st.stm32cube.ide.mcu.externaltools.gnu-tools-for-stm32.9-2020-q2-update.win32_2.0.0.202105311346/tools/bin/../lib/gcc/arm-none-eabi/9.3.1/../../../../arm-none-eabi/lib/thumb/v7e-m/nofp\libc_nano.a(lib_a-dtoa.o)
 *fill*         0x000000000800ae7e        0x2 
 .text._dtoa_r  0x000000000800ae80      0xbdc c:/st/stm32cubeide_1.7.0/stm32cubeide/plugins/com.st.stm32cube.ide.mcu.externaltools.gnu-tools-for-stm32.9-2020-q2-update.win32_2.0.0.202105311346/tools/bin/../lib/gcc/arm-none-eabi/9.3.1/../../../../arm-none-eabi/lib/thumb/v7e-m/nofp\libc_nano.a(lib_a-dtoa.o)
                0x000000000800ae80                _dtoa_r
 .text.__sflush_r
                0x000000000800ba5c      0x10c c:/st/stm32cubeide_1.7.0/stm32cubeide/plugins/com.st.stm32cube.ide.mcu.externaltools.gnu-tools-for-stm32.9-2020-q2-update.win32_2.0.0.202105311346/tools/bin/../lib/gcc/arm-none-eabi/9.3.1/../../../../arm-none-eabi/lib/thumb/v7e-m/nofp\libc_nano.a(lib_a-fflush.o)
                0x000000000800ba5c                __sflush_r
 .text._fflush_r
                0x000000000800bb68       0x78 c:/st/stm32cubeide_1.7.0/stm32cubeide/plugins/com.st.stm32cube.ide.mcu.externaltools.gnu-tools-for-stm32.9-2020-q2-update.win32_2.0.0.202105311346/tools/bin/../lib/gcc/arm-none-eabi/9.3.1/../../../../arm-none-eabi/lib/thumb/v7e-m/nofp\libc_nano.a(lib_a-fflush.o)
                0x000000000800bb68                _fflush_r
 .text.fileno   0x000000000800bbe0       0x7c c:/st/stm32cubeide_1.7.0/stm32cubeide/plugins/com.st.stm32cube.ide.mcu.externaltools.gnu-tools-for-stm32.9-2020-q2-update.win32_2.0.0.202105311346/tools/bin/../lib/gcc/arm-none-eabi/9.3.1/../../../../arm-none-eabi/lib/thumb/v7e-m/nofp\libc_nano.a(lib_a-fileno.o)
                0x000000000800bbe0                fileno
 .text.std      0x000000000800bc5c       0x48 c:/st/stm32cubeide_1.7.0/stm32cubeide/plugins/com.st.stm32cube.ide.mcu.externaltools.gnu-tools-for-stm32.9-2020-q2-update.win32_2.0.0.202105311346/tools/bin/../lib/gcc/arm-none-eabi/9.3.1/../../../../arm-none-eabi/lib/thumb/v7e-m/nofp\libc_nano.a(lib_a-findfp.o)
 .text._cleanup_r
                0x000000000800bca4        0xc c:/st/stm32cubeide_1.7.0/stm32cubeide/plugins/com.st.stm32cube.ide.mcu.externaltools.gnu-tools-for-stm32.9-2020-q2-update.win32_2.0.0.202105311346/tools/bin/../lib/gcc/arm-none-eabi/9.3.1/../../../../arm-none-eabi/lib/thumb/v7e-m/nofp\libc_nano.a(lib_a-findfp.o)
                0x000000000800bca4                _cleanup_r
 .text.__sfmoreglue
                0x000000000800bcb0       0x2c c:/st/stm32cubeide_1.7.0/stm32cubeide/plugins/com.st.stm32cube.ide.mcu.externaltools.gnu-tools-for-stm32.9-2020-q2-update.win32_2.0.0.202105311346/tools/bin/../lib/gcc/arm-none-eabi/9.3.1/../../../../arm-none-eabi/lib/thumb/v7e-m/nofp\libc_nano.a(lib_a-findfp.o)
                0x000000000800bcb0                __sfmoreglue
 .text.__sfp_lock_acquire
                0x000000000800bcdc        0xc c:/st/stm32cubeide_1.7.0/stm32cubeide/plugins/com.st.stm32cube.ide.mcu.externaltools.gnu-tools-for-stm32.9-2020-q2-update.win32_2.0.0.202105311346/tools/bin/../lib/gcc/arm-none-eabi/9.3.1/../../../../arm-none-eabi/lib/thumb/v7e-m/nofp\libc_nano.a(lib_a-findfp.o)
                0x000000000800bcdc                __sfp_lock_acquire
 .text.__sfp_lock_release
                0x000000000800bce8        0xc c:/st/stm32cubeide_1.7.0/stm32cubeide/plugins/com.st.stm32cube.ide.mcu.externaltools.gnu-tools-for-stm32.9-2020-q2-update.win32_2.0.0.202105311346/tools/bin/../lib/gcc/arm-none-eabi/9.3.1/../../../../arm-none-eabi/lib/thumb/v7e-m/nofp\libc_nano.a(lib_a-findfp.o)
                0x000000000800bce8                __sfp_lock_release
 .text.__sinit_lock_acquire
                0x000000000800bcf4        0xc c:/st/stm32cubeide_1.7.0/stm32cubeide/plugins/com.st.stm32cube.ide.mcu.externaltools.gnu-tools-for-stm32.9-2020-q2-update.win32_2.0.0.202105311346/tools/bin/../lib/gcc/arm-none-eabi/9.3.1/../../../../arm-none-eabi/lib/thumb/v7e-m/nofp\libc_nano.a(lib_a-findfp.o)
                0x000000000800bcf4                __sinit_lock_acquire
 .text.__sinit_lock_release
                0x000000000800bd00        0xc c:/st/stm32cubeide_1.7.0/stm32cubeide/plugins/com.st.stm32cube.ide.mcu.externaltools.gnu-tools-for-stm32.9-2020-q2-update.win32_2.0.0.202105311346/tools/bin/../lib/gcc/arm-none-eabi/9.3.1/../../../../arm-none-eabi/lib/thumb/v7e-m/nofp\libc_nano.a(lib_a-findfp.o)
                0x000000000800bd00                __sinit_lock_release
 .text.__sinit  0x000000000800bd0c       0x70 c:/st/stm32cubeide_1.7.0/stm32cubeide/plugins/com.st.stm32cube.ide.mcu.externaltools.gnu-tools-for-stm32.9-2020-q2-update.win32_2.0.0.202105311346/tools/bin/../lib/gcc/arm-none-eabi/9.3.1/../../../../arm-none-eabi/lib/thumb/v7e-m/nofp\libc_nano.a(lib_a-findfp.o)
                0x000000000800bd0c                __sinit
 .text.__sfp    0x000000000800bd7c       0x8c c:/st/stm32cubeide_1.7.0/stm32cubeide/plugins/com.st.stm32cube.ide.mcu.externaltools.gnu-tools-for-stm32.9-2020-q2-update.win32_2.0.0.202105311346/tools/bin/../lib/gcc/arm-none-eabi/9.3.1/../../../../arm-none-eabi/lib/thumb/v7e-m/nofp\libc_nano.a(lib_a-findfp.o)
                0x000000000800bd7c                __sfp
 .text._fwalk_reent
                0x000000000800be08       0x3e c:/st/stm32cubeide_1.7.0/stm32cubeide/plugins/com.st.stm32cube.ide.mcu.externaltools.gnu-tools-for-stm32.9-2020-q2-update.win32_2.0.0.202105311346/tools/bin/../lib/gcc/arm-none-eabi/9.3.1/../../../../arm-none-eabi/lib/thumb/v7e-m/nofp\libc_nano.a(lib_a-fwalk.o)
                0x000000000800be08                _fwalk_reent
 .text.rshift   0x000000000800be46       0xa4 c:/st/stm32cubeide_1.7.0/stm32cubeide/plugins/com.st.stm32cube.ide.mcu.externaltools.gnu-tools-for-stm32.9-2020-q2-update.win32_2.0.0.202105311346/tools/bin/../lib/gcc/arm-none-eabi/9.3.1/../../../../arm-none-eabi/lib/thumb/v7e-m/nofp\libc_nano.a(lib_a-gdtoa-gethex.o)
 .text.__hexdig_fun
                0x000000000800beea       0x2a c:/st/stm32cubeide_1.7.0/stm32cubeide/plugins/com.st.stm32cube.ide.mcu.externaltools.gnu-tools-for-stm32.9-2020-q2-update.win32_2.0.0.202105311346/tools/bin/../lib/gcc/arm-none-eabi/9.3.1/../../../../arm-none-eabi/lib/thumb/v7e-m/nofp\libc_nano.a(lib_a-gdtoa-gethex.o)
                0x000000000800beea                __hexdig_fun
 .text.__gethex
                0x000000000800bf14      0x474 c:/st/stm32cubeide_1.7.0/stm32cubeide/plugins/com.st.stm32cube.ide.mcu.externaltools.gnu-tools-for-stm32.9-2020-q2-update.win32_2.0.0.202105311346/tools/bin/../lib/gcc/arm-none-eabi/9.3.1/../../../../arm-none-eabi/lib/thumb/v7e-m/nofp\libc_nano.a(lib_a-gdtoa-gethex.o)
                0x000000000800bf14                __gethex
 .text.L_shift  0x000000000800c388       0x24 c:/st/stm32cubeide_1.7.0/stm32cubeide/plugins/com.st.stm32cube.ide.mcu.externaltools.gnu-tools-for-stm32.9-2020-q2-update.win32_2.0.0.202105311346/tools/bin/../lib/gcc/arm-none-eabi/9.3.1/../../../../arm-none-eabi/lib/thumb/v7e-m/nofp\libc_nano.a(lib_a-gdtoa-hexnan.o)
 .text.__match  0x000000000800c3ac       0x28 c:/st/stm32cubeide_1.7.0/stm32cubeide/plugins/com.st.stm32cube.ide.mcu.externaltools.gnu-tools-for-stm32.9-2020-q2-update.win32_2.0.0.202105311346/tools/bin/../lib/gcc/arm-none-eabi/9.3.1/../../../../arm-none-eabi/lib/thumb/v7e-m/nofp\libc_nano.a(lib_a-gdtoa-hexnan.o)
                0x000000000800c3ac                __match
 .text.__hexnan
                0x000000000800c3d4      0x138 c:/st/stm32cubeide_1.7.0/stm32cubeide/plugins/com.st.stm32cube.ide.mcu.externaltools.gnu-tools-for-stm32.9-2020-q2-update.win32_2.0.0.202105311346/tools/bin/../lib/gcc/arm-none-eabi/9.3.1/../../../../arm-none-eabi/lib/thumb/v7e-m/nofp\libc_nano.a(lib_a-gdtoa-hexnan.o)
                0x000000000800c3d4                __hexnan
 .text._localeconv_r
                0x000000000800c50c        0x8 c:/st/stm32cubeide_1.7.0/stm32cubeide/plugins/com.st.stm32cube.ide.mcu.externaltools.gnu-tools-for-stm32.9-2020-q2-update.win32_2.0.0.202105311346/tools/bin/../lib/gcc/arm-none-eabi/9.3.1/../../../../arm-none-eabi/lib/thumb/v7e-m/nofp\libc_nano.a(lib_a-localeconv.o)
                0x000000000800c50c                _localeconv_r
 .text.__retarget_lock_init_recursive
                0x000000000800c514        0x2 c:/st/stm32cubeide_1.7.0/stm32cubeide/plugins/com.st.stm32cube.ide.mcu.externaltools.gnu-tools-for-stm32.9-2020-q2-update.win32_2.0.0.202105311346/tools/bin/../lib/gcc/arm-none-eabi/9.3.1/../../../../arm-none-eabi/lib/thumb/v7e-m/nofp\libc_nano.a(lib_a-lock.o)
                0x000000000800c514                __retarget_lock_init_recursive
 .text.__retarget_lock_acquire_recursive
                0x000000000800c516        0x2 c:/st/stm32cubeide_1.7.0/stm32cubeide/plugins/com.st.stm32cube.ide.mcu.externaltools.gnu-tools-for-stm32.9-2020-q2-update.win32_2.0.0.202105311346/tools/bin/../lib/gcc/arm-none-eabi/9.3.1/../../../../arm-none-eabi/lib/thumb/v7e-m/nofp\libc_nano.a(lib_a-lock.o)
                0x000000000800c516                __retarget_lock_acquire_recursive
 .text.__retarget_lock_release_recursive
                0x000000000800c518        0x2 c:/st/stm32cubeide_1.7.0/stm32cubeide/plugins/com.st.stm32cube.ide.mcu.externaltools.gnu-tools-for-stm32.9-2020-q2-update.win32_2.0.0.202105311346/tools/bin/../lib/gcc/arm-none-eabi/9.3.1/../../../../arm-none-eabi/lib/thumb/v7e-m/nofp\libc_nano.a(lib_a-lock.o)
                0x000000000800c518                __retarget_lock_release_recursive
 .text.__swhatbuf_r
                0x000000000800c51a       0x48 c:/st/stm32cubeide_1.7.0/stm32cubeide/plugins/com.st.stm32cube.ide.mcu.externaltools.gnu-tools-for-stm32.9-2020-q2-update.win32_2.0.0.202105311346/tools/bin/../lib/gcc/arm-none-eabi/9.3.1/../../../../arm-none-eabi/lib/thumb/v7e-m/nofp\libc_nano.a(lib_a-makebuf.o)
                0x000000000800c51a                __swhatbuf_r
 *fill*         0x000000000800c562        0x2 
 .text.__smakebuf_r
                0x000000000800c564       0x80 c:/st/stm32cubeide_1.7.0/stm32cubeide/plugins/com.st.stm32cube.ide.mcu.externaltools.gnu-tools-for-stm32.9-2020-q2-update.win32_2.0.0.202105311346/tools/bin/../lib/gcc/arm-none-eabi/9.3.1/../../../../arm-none-eabi/lib/thumb/v7e-m/nofp\libc_nano.a(lib_a-makebuf.o)
                0x000000000800c564                __smakebuf_r
 .text.__ascii_mbtowc
                0x000000000800c5e4       0x24 c:/st/stm32cubeide_1.7.0/stm32cubeide/plugins/com.st.stm32cube.ide.mcu.externaltools.gnu-tools-for-stm32.9-2020-q2-update.win32_2.0.0.202105311346/tools/bin/../lib/gcc/arm-none-eabi/9.3.1/../../../../arm-none-eabi/lib/thumb/v7e-m/nofp\libc_nano.a(lib_a-mbtowc_r.o)
                0x000000000800c5e4                __ascii_mbtowc
 .text.__malloc_lock
                0x000000000800c608        0xc c:/st/stm32cubeide_1.7.0/stm32cubeide/plugins/com.st.stm32cube.ide.mcu.externaltools.gnu-tools-for-stm32.9-2020-q2-update.win32_2.0.0.202105311346/tools/bin/../lib/gcc/arm-none-eabi/9.3.1/../../../../arm-none-eabi/lib/thumb/v7e-m/nofp\libc_nano.a(lib_a-mlock.o)
                0x000000000800c608                __malloc_lock
 .text.__malloc_unlock
                0x000000000800c614        0xc c:/st/stm32cubeide_1.7.0/stm32cubeide/plugins/com.st.stm32cube.ide.mcu.externaltools.gnu-tools-for-stm32.9-2020-q2-update.win32_2.0.0.202105311346/tools/bin/../lib/gcc/arm-none-eabi/9.3.1/../../../../arm-none-eabi/lib/thumb/v7e-m/nofp\libc_nano.a(lib_a-mlock.o)
                0x000000000800c614                __malloc_unlock
 .text._Balloc  0x000000000800c620       0x80 c:/st/stm32cubeide_1.7.0/stm32cubeide/plugins/com.st.stm32cube.ide.mcu.externaltools.gnu-tools-for-stm32.9-2020-q2-update.win32_2.0.0.202105311346/tools/bin/../lib/gcc/arm-none-eabi/9.3.1/../../../../arm-none-eabi/lib/thumb/v7e-m/nofp\libc_nano.a(lib_a-mprec.o)