radio.c:643:13:RadioInit	16	static
radio.c:673:21:RadioGetStatus	8	static
radio.c:688:13:RadioSetModem	16	static
radio.c:731:13:RadioSetChannel	16	static
radio.c:736:13:RadioIsChannelFree	72	static
radio.c:778:17:RadioRandom	16	static
radio.c:796:13:RadioSetRxConfig	48	static
radio.c:979:13:RadioSetTxConfig	32	static
radio.c:1085:13:RadioCheckRfFrequency	16	static
radio.c:1090:17:RadioGetLoRaBandwidthInHz	24	static
radio.c:1131:17:RadioGetGfskTimeOnAirNumerator	16	static
radio.c:1142:17:RadioGetLoRaTimeOnAirNumerator	48	static
radio.c:1206:17:RadioTimeOnAir	48	static
radio.c:1239:13:RadioSend	24	static
radio.c:1345:13:RadioSleep	16	static
radio.c:1355:13:RadioStandby	8	static
radio.c:1360:13:RadioRx	16	static
radio.c:1398:13:RadioRxBoosted	16	static
radio.c:1430:13:RadioSetRxDutyCycle	16	static
radio.c:1438:13:RadioStartCad	8	static
radio.c:1450:13:RadioSetTxContinuousWave	24	static
radio.c:1468:16:RadioRssi	16	static
radio.c:1473:13:RadioWrite	16	static
radio.c:1478:16:RadioRead	16	static
radio.c:1483:13:RadioWriteRegisters	16	static
radio.c:1488:13:RadioReadRegisters	16	static
radio.c:1493:13:RadioSetMaxPayloadLength	16	static
radio.c:1510:13:RadioSetPublicNetwork	16	static
radio.c:1529:17:RadioGetWakeupTime	8	static
radio.c:1534:13:RadioOnTxTimeoutIrq	16	static
radio.c:1539:13:RadioOnRxTimeoutIrq	16	static
radio.c:1544:13:RadioOnTxTimeoutProcess	8	static
radio.c:1556:13:RadioOnRxTimeoutProcess	8	static
radio.c:1568:13:RadioOnDioIrq	16	static
radio.c:1575:13:RadioIrqProcess	24	static
radio.c:1735:13:RadioTxPrbs	8	static
radio.c:1743:13:RadioTxCw	24	static
radio.c:1750:13:payload_integration	40	static
radio.c:1787:16:RadioSetRxGenericConfig	56	static
radio.c:1963:16:RadioSetTxGenericConfig	48	static
