ll.c:30:6:find_packet_by_Id	24	static
ll.c:44:6:rx_find_by_id	24	static
ll.c:62:5:ll_init	16	static
ll.c:75:12:ll_send_packet	80	static
ll.c:98:5:ll_send_ASK	24	static
ll.c:103:5:ll_send_NANK	24	static
ll.c:108:5:ll_send_to	40	static
ll.c:115:5:get_tx_size	8	static
ll.c:120:6:ll_transmit	32	static
ll.c:214:6:ll_debug_tx_list	24	static
ll.c:225:6:ll_receive	72	static
ll.c:276:6:ll_process_received	48	static
ll.c:407:6:ll_get_recv_from	40	static
ll.c:454:6:ll_process	8	static
ll.c:466:6:ll_set_transmition_done	4	static
