ll.c:54:6:find_packet_by_Id	24	static
ll.c:68:6:rx_find_by_id	24	static
ll.c:86:5:ll_init	16	static
ll.c:99:12:ll_send_packet	80	static
ll.c:123:5:ll_send_ASK	24	static
ll.c:128:5:ll_send_NANK	24	static
ll.c:133:5:ll_send_to	40	static
ll.c:140:5:get_tx_size	8	static
ll.c:145:5:get_rx_size	8	static
ll.c:150:6:ll_transmit	32	static
ll.c:249:6:ll_debug_tx_list	24	static
ll.c:260:6:ll_receive	80	static
ll.c:314:6:ll_process_received	48	static
ll.c:487:6:ll_get_recv_from	40	static
ll.c:538:6:ll_process	8	static
ll.c:619:6:ll_debug_Rx_list	24	static
ll.c:630:6:ll_set_transmition_done	4	static
