core_cm4.h:1679:22:__NVIC_EnableIRQ	16	static,ignoring_inline_asm
core_cm4.h:1809:22:__NVIC_SetPriority	16	static
stm32wlxx_ll_rcc.h:1258:22:LL_RCC_LSE_SetDriveCapability	16	static
stm32wlxx_ll_bus.h:449:22:LL_AHB2_GRP1_EnableClock	24	static
main.c:28:13:sys_delay	16	static
main.c:33:12:sys_get_tick	8	static
main.c:38:12:sys_random	8	static
main.c:71:7:callBack	8	static
main.c:79:5:main	136	static
main.c:309:5:parse_transmetter_data	40	static
main.c:341:7:get_flow	16	static
main.c:346:6:open_vanne	4	static
main.c:351:6:close_vanne	4	static
main.c:364:6:SystemClock_Config	112	static
main.c:412:13:MX_USART1_UART_Init	8	static
main.c:461:13:MX_GPIO_Init	56	static
main.c:493:6:EXTI0_IRQHandler	8	static
main.c:510:6:Error_Handler	4	static,ignoring_inline_asm
main.c:521:5:__io_getchar	16	static
main.c:528:5:__io_putchar	16	static
