core_cm4.h:1679:22:__NVIC_EnableIRQ	16	static,ignoring_inline_asm
core_cm4.h:1809:22:__NVIC_SetPriority	16	static
stm32wlxx_ll_rcc.h:1258:22:LL_RCC_LSE_SetDriveCapability	16	static
stm32wlxx_ll_bus.h:449:22:LL_AHB2_GRP1_EnableClock	24	static
main.c:25:13:sys_delay	16	static
main.c:30:12:sys_get_tick	8	static
main.c:35:5:sys_random	8	static
main.c:55:5:main	48	static
main.c:149:6:config_debit_seuil	56	static
main.c:227:6:SystemClock_Config	112	static
main.c:275:13:MX_USART1_UART_Init	8	static
main.c:324:13:MX_GPIO_Init	8	static
main.c:340:6:Error_Handler	4	static,ignoring_inline_asm
main.c:351:5:__io_getchar	16	static
main.c:358:5:__io_putchar	16	static
